Nov 15 06:13:46 osboxes rsyslogd:  [origin software="rsyslogd" swVersion="8.32.0" x-pid="755" x-info="http://www.rsyslog.com"] rsyslogd was HUPed
Nov 15 06:13:52 osboxes anacron[708]: Job `cron.daily' terminated
Nov 15 06:14:16 osboxes NetworkManager[736]: <info>  [1636974856.5203] connectivity: (enp0s8) timed out
Nov 15 06:14:53 osboxes pulseaudio[1813]: [alsa-sink-Intel ICH] alsa-sink.c: ALSA woke us up to write new data to the device, but there was actually nothing to write.
Nov 15 06:14:54 osboxes pulseaudio[1813]: [alsa-sink-Intel ICH] alsa-sink.c: Most likely this is a bug in the ALSA driver 'snd_intel8x0'. Please report this issue to the ALSA developers.
Nov 15 06:14:54 osboxes pulseaudio[1813]: [alsa-sink-Intel ICH] alsa-sink.c: We were woken up with POLLOUT set -- however a subsequent snd_pcm_avail() returned 0 or another value < min_avail.
Nov 15 06:17:01 osboxes CRON[5253]: (root) CMD (   cd / && run-parts --report /etc/cron.hourly)
Nov 15 06:18:15 osboxes systemd[1]: Created slice User Slice of ftpuser.
Nov 15 06:18:15 osboxes systemd[1]: Starting User Manager for UID 1001...
Nov 15 06:18:15 osboxes systemd[1]: Started Session 3 of user ftpuser.
Nov 15 06:18:16 osboxes systemd[5267]: gpgconf: running /usr/bin/gpg-agent failed (exitcode=2): General error
Nov 15 06:18:16 osboxes systemd[5267]: gpgconf: fatal error (exit status 1)
Nov 15 06:18:16 osboxes systemd[5267]: Started Pending report trigger for Ubuntu Report.
Nov 15 06:18:16 osboxes systemd[5267]: Starting D-Bus User Message Bus Socket.
Nov 15 06:18:16 osboxes systemd[5267]: Listening on REST API socket for snapd user session agent.
Nov 15 06:18:16 osboxes systemd[5267]: Listening on GnuPG cryptographic agent and passphrase cache (restricted).
Nov 15 06:18:16 osboxes systemd[5267]: Reached target Paths.
Nov 15 06:18:16 osboxes systemd[5267]: Listening on GnuPG cryptographic agent and passphrase cache.
Nov 15 06:18:16 osboxes systemd[5267]: Listening on GnuPG cryptographic agent (ssh-agent emulation).
Nov 15 06:18:16 osboxes systemd[5267]: Listening on GnuPG cryptographic agent and passphrase cache (access for web browsers).
Nov 15 06:18:16 osboxes systemd[5267]: Listening on GnuPG network certificate management daemon.
Nov 15 06:18:16 osboxes systemd[5267]: Reached target Timers.
Nov 15 06:18:16 osboxes systemd[5267]: Listening on D-Bus User Message Bus Socket.
Nov 15 06:18:16 osboxes systemd[5267]: Reached target Sockets.
Nov 15 06:18:16 osboxes systemd[5267]: Reached target Basic System.
Nov 15 06:18:16 osboxes systemd[1]: Started User Manager for UID 1001.
Nov 15 06:18:16 osboxes systemd[5267]: Reached target Default.
Nov 15 06:18:16 osboxes systemd[5267]: Startup finished in 124ms.
Nov 15 06:18:34 osboxes systemd[1]: Stopping User Manager for UID 1001...
Nov 15 06:18:34 osboxes systemd[5267]: Stopped target Default.
Nov 15 06:18:34 osboxes systemd[5267]: Stopped target Basic System.
Nov 15 06:18:34 osboxes systemd[5267]: Stopped target Timers.
Nov 15 06:18:34 osboxes systemd[5267]: Stopped target Paths.
Nov 15 06:18:34 osboxes systemd[5267]: Stopped target Sockets.
Nov 15 06:18:34 osboxes systemd[5267]: Closed GnuPG cryptographic agent and passphrase cache (restricted).
Nov 15 06:18:34 osboxes systemd[5267]: Closed GnuPG cryptographic agent (ssh-agent emulation).
Nov 15 06:18:34 osboxes systemd[5267]: Closed GnuPG network certificate management daemon.
Nov 15 06:18:34 osboxes systemd[5267]: Closed REST API socket for snapd user session agent.
Nov 15 06:18:34 osboxes systemd[5267]: Closed GnuPG cryptographic agent and passphrase cache (access for web browsers).
Nov 15 06:18:34 osboxes systemd[5267]: Closed GnuPG cryptographic agent and passphrase cache.
Nov 15 06:18:34 osboxes systemd[5267]: Closed D-Bus User Message Bus Socket.
Nov 15 06:18:34 osboxes systemd[5267]: Stopped Pending report trigger for Ubuntu Report.
Nov 15 06:18:34 osboxes systemd[5267]: Reached target Shutdown.
Nov 15 06:18:34 osboxes systemd[5267]: Starting Exit the Session...
Nov 15 06:18:34 osboxes systemd[5267]: Received SIGRTMIN+24 from PID 5292 (kill).
Nov 15 06:18:34 osboxes systemd[1]: user@1001.service: Killing process 5292 (kill) with signal SIGKILL.
Nov 15 06:18:34 osboxes systemd[1]: Stopped User Manager for UID 1001.
Nov 15 06:18:34 osboxes systemd[1]: Removed slice User Slice of ftpuser.
Nov 15 06:18:45 osboxes anacron[708]: Job `cron.weekly' started
Nov 15 06:18:45 osboxes anacron[5300]: Updated timestamp for job `cron.weekly' to 2021-11-15
Nov 15 06:18:46 osboxes anacron[708]: Job `cron.weekly' terminated
Nov 15 06:18:46 osboxes anacron[708]: Normal exit (2 jobs run)
Nov 15 06:20:42 osboxes systemd[1]: Starting vsftpd FTP server...
Nov 15 06:20:42 osboxes systemd[1]: Started vsftpd FTP server.
Nov 15 06:23:21 osboxes systemd[1]: Created slice User Slice of ftpuser.
Nov 15 06:23:21 osboxes systemd[1]: Starting User Manager for UID 1001...
Nov 15 06:23:21 osboxes systemd[1]: Started Session 3 of user ftpuser.
Nov 15 06:23:21 osboxes systemd[5416]: gpgconf: running /usr/bin/gpg-agent failed (exitcode=2): General error
Nov 15 06:23:21 osboxes systemd[5416]: gpgconf: fatal error (exit status 1)
Nov 15 06:23:21 osboxes systemd[5416]: Starting D-Bus User Message Bus Socket.
Nov 15 06:23:21 osboxes systemd[5416]: Listening on GnuPG cryptographic agent and passphrase cache (restricted).
Nov 15 06:23:21 osboxes systemd[5416]: Listening on GnuPG cryptographic agent and passphrase cache (access for web browsers).
Nov 15 06:23:21 osboxes systemd[5416]: Started Pending report trigger for Ubuntu Report.
Nov 15 06:23:21 osboxes systemd[5416]: Listening on REST API socket for snapd user session agent.
Nov 15 06:23:21 osboxes systemd[5416]: Listening on GnuPG cryptographic agent and passphrase cache.
Nov 15 06:23:21 osboxes systemd[5416]: Listening on GnuPG network certificate management daemon.
Nov 15 06:23:21 osboxes systemd[5416]: Reached target Timers.
Nov 15 06:23:21 osboxes systemd[5416]: Reached target Paths.
Nov 15 06:23:21 osboxes systemd[5416]: Listening on GnuPG cryptographic agent (ssh-agent emulation).
Nov 15 06:23:21 osboxes systemd[5416]: Listening on D-Bus User Message Bus Socket.
Nov 15 06:23:21 osboxes systemd[5416]: Reached target Sockets.
Nov 15 06:23:21 osboxes systemd[5416]: Reached target Basic System.
Nov 15 06:23:21 osboxes systemd[1]: Started User Manager for UID 1001.
Nov 15 06:23:21 osboxes systemd[5416]: Reached target Default.
Nov 15 06:23:21 osboxes systemd[5416]: Startup finished in 79ms.
Nov 15 06:23:46 osboxes systemd[1]: Starting Cleanup of Temporary Directories...
Nov 15 06:23:46 osboxes systemd[1]: Started Cleanup of Temporary Directories.
Nov 15 06:24:16 osboxes NetworkManager[736]: <info>  [1636975456.5337] connectivity: (enp0s3) timed out
Nov 15 06:24:16 osboxes NetworkManager[736]: <info>  [1636975456.5341] policy: set 'Wired connection 2' (enp0s8) as default for IPv4 routing and DNS
Nov 15 06:24:16 osboxes NetworkManager[736]: <info>  [1636975456.5348] connectivity: (enp0s8) timed out
Nov 15 06:24:16 osboxes NetworkManager[736]: <info>  [1636975456.5348] manager: NetworkManager state is now CONNECTED_SITE
Nov 15 06:24:16 osboxes whoopsie[870]: [06:24:16] offline
Nov 15 06:24:16 osboxes dbus-daemon[727]: [system] Activating via systemd: service name='org.freedesktop.nm_dispatcher' unit='dbus-org.freedesktop.nm-dispatcher.service' requested by ':1.12' (uid=0 pid=736 comm="/usr/sbin/NetworkManager --no-daemon " label="unconfined")
Nov 15 06:24:16 osboxes systemd[1]: Starting Network Manager Script Dispatcher Service...
Nov 15 06:24:16 osboxes NetworkManager[736]: <info>  [1636975456.5522] manager: NetworkManager state is now CONNECTED_LOCAL
Nov 15 06:24:16 osboxes NetworkManager[736]: <info>  [1636975456.5571] manager: NetworkManager state is now CONNECTED_SITE
Nov 15 06:24:16 osboxes NetworkManager[736]: <info>  [1636975456.5750] policy: set 'Wired connection 1' (enp0s3) as default for IPv4 routing and DNS
Nov 15 06:24:16 osboxes dbus-daemon[727]: [system] Successfully activated service 'org.freedesktop.nm_dispatcher'
Nov 15 06:24:16 osboxes systemd[1]: Started Network Manager Script Dispatcher Service.
Nov 15 06:24:16 osboxes nm-dispatcher: req:1 'connectivity-change': new request (1 scripts)
Nov 15 06:24:16 osboxes nm-dispatcher: req:1 'connectivity-change': start running ordered scripts...
Nov 15 06:24:47 osboxes systemd[1]: Stopping User Manager for UID 1001...
Nov 15 06:24:47 osboxes systemd[5416]: Stopped target Default.
Nov 15 06:24:47 osboxes systemd[5416]: Stopped target Basic System.
Nov 15 06:24:47 osboxes systemd[5416]: Stopped target Paths.
Nov 15 06:24:47 osboxes systemd[5416]: Stopped target Timers.
Nov 15 06:24:47 osboxes systemd[5416]: Stopped target Sockets.
Nov 15 06:24:47 osboxes systemd[5416]: Closed REST API socket for snapd user session agent.
Nov 15 06:24:47 osboxes systemd[5416]: Closed GnuPG cryptographic agent and passphrase cache.
Nov 15 06:24:47 osboxes systemd[5416]: Closed GnuPG cryptographic agent and passphrase cache (access for web browsers).
Nov 15 06:24:47 osboxes systemd[5416]: Closed GnuPG network certificate management daemon.
Nov 15 06:24:47 osboxes systemd[5416]: Closed GnuPG cryptographic agent and passphrase cache (restricted).
Nov 15 06:24:47 osboxes systemd[5416]: Closed D-Bus User Message Bus Socket.
Nov 15 06:24:47 osboxes systemd[5416]: Closed GnuPG cryptographic agent (ssh-agent emulation).
Nov 15 06:24:47 osboxes systemd[5416]: Stopped Pending report trigger for Ubuntu Report.
Nov 15 06:24:47 osboxes systemd[5416]: Reached target Shutdown.
Nov 15 06:24:47 osboxes systemd[5416]: Starting Exit the Session...
Nov 15 06:24:47 osboxes systemd[5416]: Received SIGRTMIN+24 from PID 5476 (kill).
Nov 15 06:24:47 osboxes systemd[1]: user@1001.service: Killing process 5476 (kill) with signal SIGKILL.
Nov 15 06:24:47 osboxes systemd[1]: Stopped User Manager for UID 1001.
Nov 15 06:24:47 osboxes systemd[1]: Removed slice User Slice of ftpuser.
Nov 15 06:25:01 osboxes CRON[5486]: (root) CMD (test -x /usr/sbin/anacron || ( cd / && run-parts --report /etc/cron.daily ))
Nov 15 06:25:46 osboxes systemd[1]: Starting Ubuntu Advantage Timer for running repeated jobs...
Nov 15 06:25:47 osboxes systemd[1]: Started Ubuntu Advantage Timer for running repeated jobs.
Nov 15 06:43:36 osboxes kernel: [    0.000000] Linux version 5.4.0-90-generic (buildd@lcy01-amd64-026) (gcc version 7.5.0 (Ubuntu 7.5.0-3ubuntu1~18.04)) #101~18.04.1-Ubuntu SMP Fri Oct 22 09:25:04 UTC 2021 (Ubuntu 5.4.0-90.101~18.04.1-generic 5.4.148)
Nov 15 06:43:36 osboxes kernel: [    0.000000] Command line: BOOT_IMAGE=/boot/vmlinuz-5.4.0-90-generic root=UUID=846b3845-5f1f-43c2-ae65-8691c5f87384 ro quiet splash
Nov 15 06:43:36 osboxes kernel: [    0.000000] KERNEL supported cpus:
Nov 15 06:43:36 osboxes kernel: [    0.000000]   Intel GenuineIntel
Nov 15 06:43:36 osboxes kernel: [    0.000000]   AMD AuthenticAMD
Nov 15 06:43:36 osboxes kernel: [    0.000000]   Hygon HygonGenuine
Nov 15 06:43:36 osboxes kernel: [    0.000000]   Centaur CentaurHauls
Nov 15 06:43:36 osboxes kernel: [    0.000000]   zhaoxin   Shanghai  
Nov 15 06:43:36 osboxes kernel: [    0.000000] x86/fpu: x87 FPU will use FXSAVE
Nov 15 06:43:36 osboxes kernel: [    0.000000] BIOS-provided physical RAM map:
Nov 15 06:43:36 osboxes kernel: [    0.000000] BIOS-e820: [mem 0x0000000000000000-0x000000000009fbff] usable
Nov 15 06:43:36 osboxes kernel: [    0.000000] BIOS-e820: [mem 0x000000000009fc00-0x000000000009ffff] reserved
Nov 15 06:43:36 osboxes kernel: [    0.000000] BIOS-e820: [mem 0x00000000000f0000-0x00000000000fffff] reserved
Nov 15 06:43:36 osboxes kernel: [    0.000000] BIOS-e820: [mem 0x0000000000100000-0x000000007ffeffff] usable
Nov 15 06:43:36 osboxes kernel: [    0.000000] BIOS-e820: [mem 0x000000007fff0000-0x000000007fffffff] ACPI data
Nov 15 06:43:36 osboxes kernel: [    0.000000] BIOS-e820: [mem 0x00000000fec00000-0x00000000fec00fff] reserved
Nov 15 06:43:36 osboxes kernel: [    0.000000] BIOS-e820: [mem 0x00000000fee00000-0x00000000fee00fff] reserved
Nov 15 06:43:36 osboxes kernel: [    0.000000] BIOS-e820: [mem 0x00000000fffc0000-0x00000000ffffffff] reserved
Nov 15 06:43:36 osboxes kernel: [    0.000000] NX (Execute Disable) protection: active
Nov 15 06:43:36 osboxes kernel: [    0.000000] SMBIOS 2.5 present.
Nov 15 06:43:36 osboxes kernel: [    0.000000] DMI: innotek GmbH VirtualBox/VirtualBox, BIOS VirtualBox 12/01/2006
Nov 15 06:43:36 osboxes kernel: [    0.000000] Hypervisor detected: KVM
Nov 15 06:43:36 osboxes kernel: [    0.000000] kvm-clock: Using msrs 4b564d01 and 4b564d00
Nov 15 06:43:36 osboxes kernel: [    0.000000] kvm-clock: cpu 0, msr 1aa01001, primary cpu clock
Nov 15 06:43:36 osboxes kernel: [    0.000000] kvm-clock: using sched offset of 7143787611 cycles
Nov 15 06:43:36 osboxes kernel: [    0.000002] clocksource: kvm-clock: mask: 0xffffffffffffffff max_cycles: 0x1cd42e4dffb, max_idle_ns: 881590591483 ns
Nov 15 06:43:36 osboxes kernel: [    0.000004] tsc: Detected 2592.008 MHz processor
Nov 15 06:43:36 osboxes kernel: [    0.003624] e820: update [mem 0x00000000-0x00000fff] usable ==> reserved
Nov 15 06:43:36 osboxes kernel: [    0.003625] e820: remove [mem 0x000a0000-0x000fffff] usable
Nov 15 06:43:36 osboxes kernel: [    0.003628] last_pfn = 0x7fff0 max_arch_pfn = 0x400000000
Nov 15 06:43:36 osboxes kernel: [    0.003681] MTRR default type: uncachable
Nov 15 06:43:36 osboxes kernel: [    0.003681] MTRR fixed ranges disabled:
Nov 15 06:43:36 osboxes kernel: [    0.003682]   00000-FFFFF uncachable
Nov 15 06:43:36 osboxes kernel: [    0.003683] MTRR variable ranges disabled:
Nov 15 06:43:36 osboxes kernel: [    0.003683]   0 disabled
Nov 15 06:43:36 osboxes kernel: [    0.003684]   1 disabled
Nov 15 06:43:36 osboxes kernel: [    0.003684]   2 disabled
Nov 15 06:43:36 osboxes kernel: [    0.003684]   3 disabled
Nov 15 06:43:36 osboxes kernel: [    0.003685]   4 disabled
Nov 15 06:43:36 osboxes kernel: [    0.003685]   5 disabled
Nov 15 06:43:36 osboxes kernel: [    0.003685]   6 disabled
Nov 15 06:43:36 osboxes kernel: [    0.003685]   7 disabled
Nov 15 06:43:36 osboxes kernel: [    0.003690] Disabled
Nov 15 06:43:36 osboxes kernel: [    0.003691] x86/PAT: MTRRs disabled, skipping PAT initialization too.
Nov 15 06:43:36 osboxes kernel: [    0.003695] CPU MTRRs all blank - virtualized system.
Nov 15 06:43:36 osboxes kernel: [    0.003696] x86/PAT: Configuration [0-7]: WB  WT  UC- UC  WB  WT  UC- UC  
Nov 15 06:43:36 osboxes kernel: [    0.003743] found SMP MP-table at [mem 0x0009fff0-0x0009ffff]
Nov 15 06:43:36 osboxes kernel: [    0.033959] check: Scanning 1 areas for low memory corruption
Nov 15 06:43:36 osboxes kernel: [    0.034104] RAMDISK: [mem 0x32d59000-0x356a3fff]
Nov 15 06:43:36 osboxes kernel: [    0.034109] ACPI: Early table checksum verification disabled
Nov 15 06:43:36 osboxes kernel: [    0.034113] ACPI: RSDP 0x00000000000E0000 000024 (v02 VBOX  )
Nov 15 06:43:36 osboxes kernel: [    0.034116] ACPI: XSDT 0x000000007FFF0030 00003C (v01 VBOX   VBOXXSDT 00000001 ASL  00000061)
Nov 15 06:43:36 osboxes kernel: [    0.034120] ACPI: FACP 0x000000007FFF00F0 0000F4 (v04 VBOX   VBOXFACP 00000001 ASL  00000061)
Nov 15 06:43:36 osboxes kernel: [    0.034125] ACPI: DSDT 0x000000007FFF0470 002325 (v02 VBOX   VBOXBIOS 00000002 INTL 20100528)
Nov 15 06:43:36 osboxes kernel: [    0.034127] ACPI: FACS 0x000000007FFF0200 000040
Nov 15 06:43:36 osboxes kernel: [    0.034129] ACPI: FACS 0x000000007FFF0200 000040
Nov 15 06:43:36 osboxes kernel: [    0.034131] ACPI: APIC 0x000000007FFF0240 000054 (v02 VBOX   VBOXAPIC 00000001 ASL  00000061)
Nov 15 06:43:36 osboxes kernel: [    0.034134] ACPI: SSDT 0x000000007FFF02A0 0001CC (v01 VBOX   VBOXCPUT 00000002 INTL 20100528)
Nov 15 06:43:36 osboxes kernel: [    0.034136] ACPI: Reserving FACP table memory at [mem 0x7fff00f0-0x7fff01e3]
Nov 15 06:43:36 osboxes kernel: [    0.034136] ACPI: Reserving DSDT table memory at [mem 0x7fff0470-0x7fff2794]
Nov 15 06:43:36 osboxes kernel: [    0.034137] ACPI: Reserving FACS table memory at [mem 0x7fff0200-0x7fff023f]
Nov 15 06:43:36 osboxes kernel: [    0.034137] ACPI: Reserving FACS table memory at [mem 0x7fff0200-0x7fff023f]
Nov 15 06:43:36 osboxes kernel: [    0.034138] ACPI: Reserving APIC table memory at [mem 0x7fff0240-0x7fff0293]
Nov 15 06:43:36 osboxes kernel: [    0.034138] ACPI: Reserving SSDT table memory at [mem 0x7fff02a0-0x7fff046b]
Nov 15 06:43:36 osboxes kernel: [    0.034181] ACPI: Local APIC address 0xfee00000
Nov 15 06:43:36 osboxes kernel: [    0.035365] No NUMA configuration found
Nov 15 06:43:36 osboxes kernel: [    0.035366] Faking a node at [mem 0x0000000000000000-0x000000007ffeffff]
Nov 15 06:43:36 osboxes kernel: [    0.035372] NODE_DATA(0) allocated [mem 0x7ffc5000-0x7ffeffff]
Nov 15 06:43:36 osboxes kernel: [    0.035617] Zone ranges:
Nov 15 06:43:36 osboxes kernel: [    0.035618]   DMA      [mem 0x0000000000001000-0x0000000000ffffff]
Nov 15 06:43:36 osboxes kernel: [    0.035619]   DMA32    [mem 0x0000000001000000-0x000000007ffeffff]
Nov 15 06:43:36 osboxes kernel: [    0.035620]   Normal   empty
Nov 15 06:43:36 osboxes kernel: [    0.035620]   Device   empty
Nov 15 06:43:36 osboxes kernel: [    0.035621] Movable zone start for each node
Nov 15 06:43:36 osboxes kernel: [    0.035623] Early memory node ranges
Nov 15 06:43:36 osboxes kernel: [    0.035623]   node   0: [mem 0x0000000000001000-0x000000000009efff]
Nov 15 06:43:36 osboxes kernel: [    0.035624]   node   0: [mem 0x0000000000100000-0x000000007ffeffff]
Nov 15 06:43:36 osboxes kernel: [    0.035824] Zeroed struct page in unavailable ranges: 114 pages
Nov 15 06:43:36 osboxes kernel: [    0.035825] Initmem setup node 0 [mem 0x0000000000001000-0x000000007ffeffff]
Nov 15 06:43:36 osboxes kernel: [    0.035827] On node 0 totalpages: 524174
Nov 15 06:43:36 osboxes kernel: [    0.035828]   DMA zone: 64 pages used for memmap
Nov 15 06:43:36 osboxes kernel: [    0.035828]   DMA zone: 21 pages reserved
Nov 15 06:43:36 osboxes kernel: [    0.035829]   DMA zone: 3998 pages, LIFO batch:0
Nov 15 06:43:36 osboxes kernel: [    0.038574]   DMA32 zone: 8128 pages used for memmap
Nov 15 06:43:36 osboxes kernel: [    0.038575]   DMA32 zone: 520176 pages, LIFO batch:63
Nov 15 06:43:36 osboxes kernel: [    0.106167] ACPI: PM-Timer IO Port: 0x4008
Nov 15 06:43:36 osboxes kernel: [    0.106170] ACPI: Local APIC address 0xfee00000
Nov 15 06:43:36 osboxes kernel: [    0.106499] IOAPIC[0]: apic_id 1, version 32, address 0xfec00000, GSI 0-23
Nov 15 06:43:36 osboxes kernel: [    0.106503] ACPI: INT_SRC_OVR (bus 0 bus_irq 0 global_irq 2 dfl dfl)
Nov 15 06:43:36 osboxes kernel: [    0.106504] ACPI: INT_SRC_OVR (bus 0 bus_irq 9 global_irq 9 low level)
Nov 15 06:43:36 osboxes kernel: [    0.106505] ACPI: IRQ0 used by override.
Nov 15 06:43:36 osboxes kernel: [    0.106506] ACPI: IRQ9 used by override.
Nov 15 06:43:36 osboxes kernel: [    0.106508] Using ACPI (MADT) for SMP configuration information
Nov 15 06:43:36 osboxes kernel: [    0.106543] smpboot: Allowing 1 CPUs, 0 hotplug CPUs
Nov 15 06:43:36 osboxes kernel: [    0.106653] PM: Registered nosave memory: [mem 0x00000000-0x00000fff]
Nov 15 06:43:36 osboxes kernel: [    0.106654] PM: Registered nosave memory: [mem 0x0009f000-0x0009ffff]
Nov 15 06:43:36 osboxes kernel: [    0.106654] PM: Registered nosave memory: [mem 0x000a0000-0x000effff]
Nov 15 06:43:36 osboxes kernel: [    0.106654] PM: Registered nosave memory: [mem 0x000f0000-0x000fffff]
Nov 15 06:43:36 osboxes kernel: [    0.106656] [mem 0x80000000-0xfebfffff] available for PCI devices
Nov 15 06:43:36 osboxes kernel: [    0.106656] Booting paravirtualized kernel on KVM
Nov 15 06:43:36 osboxes kernel: [    0.106658] clocksource: refined-jiffies: mask: 0xffffffff max_cycles: 0xffffffff, max_idle_ns: 7645519600211568 ns
Nov 15 06:43:36 osboxes kernel: [    0.106662] setup_percpu: NR_CPUS:8192 nr_cpumask_bits:1 nr_cpu_ids:1 nr_node_ids:1
Nov 15 06:43:36 osboxes kernel: [    0.131308] percpu: Embedded 55 pages/cpu s188416 r8192 d28672 u2097152
Nov 15 06:43:36 osboxes kernel: [    0.131315] pcpu-alloc: s188416 r8192 d28672 u2097152 alloc=1*2097152
Nov 15 06:43:36 osboxes kernel: [    0.131316] pcpu-alloc: [0] 0 
Nov 15 06:43:36 osboxes kernel: [    0.131425] Built 1 zonelists, mobility grouping on.  Total pages: 515961
Nov 15 06:43:36 osboxes kernel: [    0.131426] Policy zone: DMA32
Nov 15 06:43:36 osboxes kernel: [    0.131428] Kernel command line: BOOT_IMAGE=/boot/vmlinuz-5.4.0-90-generic root=UUID=846b3845-5f1f-43c2-ae65-8691c5f87384 ro quiet splash
Nov 15 06:43:36 osboxes kernel: [    0.155899] Dentry cache hash table entries: 262144 (order: 9, 2097152 bytes, linear)
Nov 15 06:43:36 osboxes kernel: [    0.156191] Inode-cache hash table entries: 131072 (order: 8, 1048576 bytes, linear)
Nov 15 06:43:36 osboxes kernel: [    0.156219] mem auto-init: stack:off, heap alloc:on, heap free:off
Nov 15 06:43:36 osboxes kernel: [    0.156221] Calgary: detecting Calgary via BIOS EBDA area
Nov 15 06:43:36 osboxes kernel: [    0.156222] Calgary: Unable to locate Rio Grande table in EBDA - bailing!
Nov 15 06:43:36 osboxes kernel: [    0.159538] Memory: 1985224K/2096696K available (14339K kernel code, 2381K rwdata, 4988K rodata, 2716K init, 5004K bss, 111472K reserved, 0K cma-reserved)
Nov 15 06:43:36 osboxes kernel: [    0.159545] random: get_random_u64 called from __kmem_cache_create+0x41/0x550 with crng_init=0
Nov 15 06:43:36 osboxes kernel: [    0.160591] SLUB: HWalign=64, Order=0-3, MinObjects=0, CPUs=1, Nodes=1
Nov 15 06:43:36 osboxes kernel: [    0.160778] Kernel/User page tables isolation: enabled
Nov 15 06:43:36 osboxes kernel: [    0.161010] ftrace: allocating 44342 entries in 174 pages
Nov 15 06:43:36 osboxes kernel: [    0.187032] rcu: Hierarchical RCU implementation.
Nov 15 06:43:36 osboxes kernel: [    0.187034] rcu: 	RCU restricting CPUs from NR_CPUS=8192 to nr_cpu_ids=1.
Nov 15 06:43:36 osboxes kernel: [    0.187034] 	Tasks RCU enabled.
Nov 15 06:43:36 osboxes kernel: [    0.187035] rcu: RCU calculated value of scheduler-enlistment delay is 25 jiffies.
Nov 15 06:43:36 osboxes kernel: [    0.187035] rcu: Adjusting geometry for rcu_fanout_leaf=16, nr_cpu_ids=1
Nov 15 06:43:36 osboxes kernel: [    0.191526] NR_IRQS: 524544, nr_irqs: 256, preallocated irqs: 16
Nov 15 06:43:36 osboxes kernel: [    0.240898] Console: colour VGA+ 80x25
Nov 15 06:43:36 osboxes kernel: [    0.240902] printk: console [tty0] enabled
Nov 15 06:43:36 osboxes kernel: [    0.240945] ACPI: Core revision 20190816
Nov 15 06:43:36 osboxes kernel: [    0.241114] APIC: Switch to symmetric I/O mode setup
Nov 15 06:43:36 osboxes kernel: [    0.256640] ..TIMER: vector=0x30 apic1=0 pin1=2 apic2=-1 pin2=-1
Nov 15 06:43:36 osboxes kernel: [    0.256999] clocksource: tsc-early: mask: 0xffffffffffffffff max_cycles: 0x255cbea3061, max_idle_ns: 440795313801 ns
Nov 15 06:43:36 osboxes kernel: [    0.257003] Calibrating delay loop (skipped) preset value.. 5184.01 BogoMIPS (lpj=10368032)
Nov 15 06:43:36 osboxes kernel: [    0.257004] pid_max: default: 32768 minimum: 301
Nov 15 06:43:36 osboxes kernel: [    0.257061] LSM: Security Framework initializing
Nov 15 06:43:36 osboxes kernel: [    0.257085] Yama: becoming mindful.
Nov 15 06:43:36 osboxes kernel: [    0.261005] AppArmor: AppArmor initialized
Nov 15 06:43:36 osboxes kernel: [    0.261145] Mount-cache hash table entries: 4096 (order: 3, 32768 bytes, linear)
Nov 15 06:43:36 osboxes kernel: [    0.261260] Mountpoint-cache hash table entries: 4096 (order: 3, 32768 bytes, linear)
Nov 15 06:43:36 osboxes kernel: [    0.261334] *** VALIDATE tmpfs ***
Nov 15 06:43:36 osboxes kernel: [    0.261690] *** VALIDATE proc ***
Nov 15 06:43:36 osboxes kernel: [    0.261773] *** VALIDATE cgroup1 ***
Nov 15 06:43:36 osboxes kernel: [    0.261774] *** VALIDATE cgroup2 ***
Nov 15 06:43:36 osboxes kernel: [    0.262631] Last level iTLB entries: 4KB 64, 2MB 8, 4MB 8
Nov 15 06:43:36 osboxes kernel: [    0.262632] Last level dTLB entries: 4KB 64, 2MB 0, 4MB 0, 1GB 4
Nov 15 06:43:36 osboxes systemd-modules-load[238]: Inserted module 'lp'
Nov 15 06:43:36 osboxes systemd-modules-load[238]: Inserted module 'ppdev'
Nov 15 06:43:36 osboxes systemd-modules-load[238]: Inserted module 'parport_pc'
Nov 15 06:43:36 osboxes systemd-modules-load[238]: Module 'fuse' is builtin
Nov 15 06:43:36 osboxes systemd[1]: Starting Flush Journal to Persistent Storage...
Nov 15 06:43:36 osboxes systemd[1]: Started Set the console keyboard layout.
Nov 15 06:43:36 osboxes systemd[1]: Reached target Local File Systems (Pre).
Nov 15 06:43:36 osboxes systemd[1]: Mounting Mount unit for gnome-3-38-2004, revision 76...
Nov 15 06:43:36 osboxes systemd[1]: Mounting Mount unit for gnome-characters, revision 761...
Nov 15 06:43:36 osboxes systemd-modules-load[238]: Inserted module 'vmwgfx'
Nov 15 06:43:36 osboxes systemd[1]: Mounting Mount unit for core20, revision 1169...
Nov 15 06:43:36 osboxes systemd[1]: Mounting Mount unit for gtk-common-themes, revision 1519...
Nov 15 06:43:36 osboxes systemd[1]: Mounting Mount unit for snapd, revision 13640...
Nov 15 06:43:36 osboxes systemd[1]: Mounting Mount unit for gnome-characters, revision 726...
Nov 15 06:43:36 osboxes systemd[1]: Mounting Mount unit for gtk-common-themes, revision 1515...
Nov 15 06:43:36 osboxes systemd[1]: Mounting Mount unit for gnome-system-monitor, revision 169...
Nov 15 06:43:36 osboxes systemd[1]: Mounting Mount unit for core18, revision 2128...
Nov 15 06:43:36 osboxes systemd[1]: Mounting Mount unit for gnome-3-34-1804, revision 72...
Nov 15 06:43:36 osboxes systemd[1]: Mounting Mount unit for gnome-3-38-2004, revision 70...
Nov 15 06:43:36 osboxes systemd[1]: Mounting Mount unit for core20, revision 1081...
Nov 15 06:43:36 osboxes systemd[1]: Mounting Mount unit for gnome-system-monitor, revision 163...
Nov 15 06:43:36 osboxes systemd[1]: Mounting Mount unit for gnome-calculator, revision 884...
Nov 15 06:43:36 osboxes systemd[1]: Mounting Mount unit for snapd, revision 12883...
Nov 15 06:43:36 osboxes systemd[1]: Mounting Mount unit for bare, revision 5...
Nov 15 06:43:36 osboxes systemd[1]: Mounting Mount unit for core18, revision 2246...
Nov 15 06:43:36 osboxes systemd[1]: Mounting Mount unit for gnome-logs, revision 106...
Nov 15 06:43:36 osboxes systemd[1]: Started udev Kernel Device Manager.
Nov 15 06:43:36 osboxes systemd[1]: Started Load Kernel Modules.
Nov 15 06:43:36 osboxes systemd[1]: Started Flush Journal to Persistent Storage.
Nov 15 06:43:36 osboxes systemd[1]: Mounted Mount unit for gnome-3-38-2004, revision 76.
Nov 15 06:43:36 osboxes systemd[1]: Mounted Mount unit for gnome-characters, revision 761.
Nov 15 06:43:36 osboxes systemd[1]: Mounted Mount unit for core20, revision 1169.
Nov 15 06:43:36 osboxes systemd[1]: Mounted Mount unit for gtk-common-themes, revision 1519.
Nov 15 06:43:36 osboxes systemd[1]: Mounted Mount unit for snapd, revision 13640.
Nov 15 06:43:36 osboxes systemd[1]: Mounted Mount unit for gnome-characters, revision 726.
Nov 15 06:43:36 osboxes systemd[1]: Mounted Mount unit for gtk-common-themes, revision 1515.
Nov 15 06:43:36 osboxes systemd[1]: Mounted Mount unit for gnome-system-monitor, revision 169.
Nov 15 06:43:36 osboxes systemd[1]: Mounted Mount unit for core18, revision 2128.
Nov 15 06:43:36 osboxes systemd[1]: Mounted Mount unit for gnome-3-34-1804, revision 72.
Nov 15 06:43:36 osboxes systemd[1]: Mounted Mount unit for gnome-3-38-2004, revision 70.
Nov 15 06:43:36 osboxes systemd[1]: Mounted Mount unit for gnome-calculator, revision 884.
Nov 15 06:43:36 osboxes systemd[1]: Mounting Kernel Configuration File System...
Nov 15 06:43:36 osboxes systemd[1]: Mounting FUSE Control File System...
Nov 15 06:43:36 osboxes systemd[1]: Starting Apply Kernel Variables...
Nov 15 06:43:36 osboxes systemd[1]: Starting Show Plymouth Boot Screen...
Nov 15 06:43:36 osboxes systemd[1]: Mounted Mount unit for snapd, revision 12883.
Nov 15 06:43:36 osboxes systemd[1]: Mounted Kernel Configuration File System.
Nov 15 06:43:36 osboxes systemd[1]: Mounted FUSE Control File System.
Nov 15 06:43:36 osboxes systemd[1]: Started Apply Kernel Variables.
Nov 15 06:43:36 osboxes systemd[1]: Mounted Mount unit for core18, revision 2246.
Nov 15 06:43:36 osboxes systemd[1]: Started Show Plymouth Boot Screen.
Nov 15 06:43:36 osboxes systemd[1]: Reached target Local Encrypted Volumes.
Nov 15 06:43:36 osboxes systemd[1]: Started Forward Password Requests to Plymouth Directory Watch.
Nov 15 06:43:36 osboxes systemd[1]: Mounted Mount unit for gnome-logs, revision 106.
Nov 15 06:43:36 osboxes systemd[1]: Mounted Mount unit for gnome-system-monitor, revision 163.
Nov 15 06:43:36 osboxes systemd[1]: Mounted Mount unit for bare, revision 5.
Nov 15 06:43:36 osboxes systemd[1]: Mounted Mount unit for core20, revision 1081.
Nov 15 06:43:36 osboxes systemd-udevd[275]: link_config: autonegotiation is unset or enabled, the speed and duplex are not writable.
Nov 15 06:43:36 osboxes systemd-udevd[277]: link_config: autonegotiation is unset or enabled, the speed and duplex are not writable.
Nov 15 06:43:36 osboxes mtp-probe: checking bus 2, device 2: "/sys/devices/pci0000:00/0000:00:06.0/usb2/2-1"
Nov 15 06:43:36 osboxes mtp-probe: bus: 2, device: 2 was not an MTP device
Nov 15 06:43:36 osboxes systemd[1]: Received SIGRTMIN+20 from PID 309 (plymouthd).
Nov 15 06:43:36 osboxes systemd[1]: Listening on Load/Save RF Kill Switch Status /dev/rfkill Watch.
Nov 15 06:43:36 osboxes systemd-udevd[275]: link_config: autonegotiation is unset or enabled, the speed and duplex are not writable.
Nov 15 06:43:36 osboxes systemd[1]: Found device VBOX_HARDDISK 2.
Nov 15 06:43:36 osboxes systemd[1]: Activating swap /dev/disk/by-uuid/e22eb52f-6295-4ba4-8c9e-1bbba2cc4a48...
Nov 15 06:43:36 osboxes systemd[1]: Found device VBOX_HARDDISK 3.
Nov 15 06:43:36 osboxes systemd[1]: Activated swap /dev/disk/by-uuid/e22eb52f-6295-4ba4-8c9e-1bbba2cc4a48.
Nov 15 06:43:36 osboxes systemd[1]: Reached target Swap.
Nov 15 06:43:36 osboxes systemd[1]: Starting File System Check on /dev/disk/by-uuid/637a705d-cd56-4136-a747-7460bcfea714...
Nov 15 06:43:36 osboxes systemd[1]: Started File System Check Daemon to report status.
Nov 15 06:43:36 osboxes systemd[1]: Reached target Sound Card.
Nov 15 06:43:36 osboxes systemd-fsck[504]: /dev/sda3: recovering journal
Nov 15 06:43:36 osboxes systemd-fsck[504]: /dev/sda3: Clearing orphaned inode 14690382 (uid=1000, gid=1000, mode=0100664, size=7428)
Nov 15 06:43:36 osboxes systemd-fsck[504]: /dev/sda3: Clearing orphaned inode 14689032 (uid=1000, gid=1000, mode=0100664, size=7428)
Nov 15 06:43:36 osboxes systemd-fsck[504]: /dev/sda3: Clearing orphaned inode 14680155 (uid=1000, gid=1000, mode=0100664, size=7428)
Nov 15 06:43:36 osboxes systemd-fsck[504]: /dev/sda3: Clearing orphaned inode 14680151 (uid=1000, gid=1000, mode=0100664, size=7428)
Nov 15 06:43:36 osboxes systemd-fsck[504]: /dev/sda3: Clearing orphaned inode 14680190 (uid=1000, gid=1000, mode=0100664, size=7428)
Nov 15 06:43:36 osboxes systemd-fsck[504]: /dev/sda3: Clearing orphaned inode 14680146 (uid=1000, gid=1000, mode=0100664, size=7428)
Nov 15 06:43:36 osboxes systemd-fsck[504]: /dev/sda3: Clearing orphaned inode 14690384 (uid=1000, gid=1000, mode=0100664, size=7428)
Nov 15 06:43:36 osboxes systemd-fsck[504]: /dev/sda3: Clearing orphaned inode 14680102 (uid=1000, gid=1000, mode=0100600, size=262144)
Nov 15 06:43:36 osboxes systemd-fsck[504]: /dev/sda3: clean, 16807/17702912 files, 1483669/70800384 blocks
Nov 15 06:43:36 osboxes systemd[1]: Started File System Check on /dev/disk/by-uuid/637a705d-cd56-4136-a747-7460bcfea714.
Nov 15 06:43:36 osboxes systemd[1]: Mounting /home...
Nov 15 06:43:36 osboxes systemd[1]: Mounted /home.
Nov 15 06:43:36 osboxes systemd[1]: Reached target Local File Systems.
Nov 15 06:43:36 osboxes systemd[1]: Starting Tell Plymouth To Write Out Runtime Data...
Nov 15 06:43:36 osboxes systemd[1]: Starting Clean up any mess left by 0dns-up...
Nov 15 06:43:36 osboxes systemd[1]: Starting AppArmor initialization...
Nov 15 06:43:36 osboxes systemd[1]: Starting Set console font and keymap...
Nov 15 06:43:36 osboxes systemd[1]: Starting Create Volatile Files and Directories...
Nov 15 06:43:36 osboxes systemd[1]: Started Tell Plymouth To Write Out Runtime Data.
Nov 15 06:43:36 osboxes systemd[1]: Started Set console font and keymap.
Nov 15 06:43:36 osboxes systemd[1]: Started Create Volatile Files and Directories.
Nov 15 06:43:36 osboxes systemd[1]: Starting Network Name Resolution...
Nov 15 06:43:36 osboxes systemd[1]: Starting Network Time Synchronization...
Nov 15 06:43:36 osboxes systemd[1]: Starting Update UTMP about System Boot/Shutdown...
Nov 15 06:43:36 osboxes systemd[1]: Started Clean up any mess left by 0dns-up.
Nov 15 06:43:36 osboxes systemd[1]: Started Update UTMP about System Boot/Shutdown.
Nov 15 06:43:36 osboxes apparmor[517]:  * Starting AppArmor profiles
Nov 15 06:43:36 osboxes systemd-resolved[531]: Positive Trust Anchors:
Nov 15 06:43:36 osboxes systemd-resolved[531]: . IN DS 19036 8 2 49aac11d7b6f6446702e54a1607371607a1a41855200fd2ce1cdde32f24e8fb5
Nov 15 06:43:36 osboxes systemd-resolved[531]: . IN DS 20326 8 2 e06d44b80b8f1d39a95c0b0d7c65d08458e880409bbc683457104237c7f8ec8d
Nov 15 06:43:36 osboxes systemd-resolved[531]: Negative trust anchors: 10.in-addr.arpa 16.172.in-addr.arpa 17.172.in-addr.arpa 18.172.in-addr.arpa 19.172.in-addr.arpa 20.172.in-addr.arpa 21.172.in-addr.arpa 22.172.in-addr.arpa 23.172.in-addr.arpa 24.172.in-addr.arpa 25.172.in-addr.arpa 26.172.in-addr.arpa 27.172.in-addr.arpa 28.172.in-addr.arpa 29.172.in-addr.arpa 30.172.in-addr.arpa 31.172.in-addr.arpa 168.192.in-addr.arpa d.f.ip6.arpa corp home internal intranet lan local private test
Nov 15 06:43:36 osboxes systemd-resolved[531]: Using system hostname 'osboxes'.
Nov 15 06:43:36 osboxes systemd[1]: Started Network Name Resolution.
Nov 15 06:43:36 osboxes systemd[1]: Reached target Host and Network Name Lookups.
Nov 15 06:43:36 osboxes systemd[1]: Started Network Time Synchronization.
Nov 15 06:43:36 osboxes systemd[1]: Reached target System Time Synchronized.
Nov 15 06:43:36 osboxes apparmor[517]: Skipping profile in /etc/apparmor.d/disable: usr.bin.firefox
Nov 15 06:43:36 osboxes apparmor[517]: Skipping profile in /etc/apparmor.d/disable: usr.sbin.rsyslogd
Nov 15 06:43:36 osboxes apparmor[517]:    ...done.
Nov 15 06:43:36 osboxes systemd[1]: Started AppArmor initialization.
Nov 15 06:43:36 osboxes systemd[1]: Starting Raise network interfaces...
Nov 15 06:43:36 osboxes systemd[1]: Starting Load AppArmor profiles managed internally by snapd...
Nov 15 06:43:36 osboxes systemd[1]: Started Raise network interfaces.
Nov 15 06:43:36 osboxes systemd[1]: Started Load AppArmor profiles managed internally by snapd.
Nov 15 06:43:36 osboxes systemd[1]: Reached target System Initialization.
Nov 15 06:43:36 osboxes systemd[1]: Started Daily Cleanup of Temporary Directories.
Nov 15 06:43:36 osboxes systemd[1]: Listening on CUPS Scheduler.
Nov 15 06:43:36 osboxes systemd[1]: Started CUPS Scheduler.
Nov 15 06:43:36 osboxes systemd[1]: Started Discard unused blocks once a week.
Nov 15 06:43:36 osboxes systemd[1]: Starting Socket activation for snappy daemon.
Nov 15 06:43:36 osboxes systemd[1]: Listening on Avahi mDNS/DNS-SD Stack Activation Socket.
Nov 15 06:43:36 osboxes systemd[1]: Started Trigger to poll for Ubuntu Pro licenses (Only enabled on GCP LTS non-pro).
Nov 15 06:43:36 osboxes systemd[1]: Started Message of the Day.
Nov 15 06:43:36 osboxes systemd[1]: Listening on D-Bus System Message Bus Socket.
Nov 15 06:43:36 osboxes kernel: [    0.262634] Spectre V1 : Mitigation: usercopy/swapgs barriers and __user pointer sanitization
Nov 15 06:43:36 osboxes kernel: [    0.262635] Spectre V2 : Mitigation: Full generic retpoline
Nov 15 06:43:36 osboxes kernel: [    0.262636] Spectre V2 : Spectre v2 / SpectreRSB mitigation: Filling RSB on context switch
Nov 15 06:43:36 osboxes kernel: [    0.262636] Speculative Store Bypass: Vulnerable
Nov 15 06:43:36 osboxes kernel: [    0.262638] MDS: Mitigation: Clear CPU buffers
Nov 15 06:43:36 osboxes kernel: [    0.265015] Freeing SMP alternatives memory: 40K
Nov 15 06:43:36 osboxes kernel: [    0.377357] smpboot: CPU0: Intel(R) Core(TM) i7-9750H CPU @ 2.60GHz (family: 0x6, model: 0x9e, stepping: 0xa)
Nov 15 06:43:36 osboxes kernel: [    0.377978] Performance Events: unsupported p6 CPU model 158 no PMU driver, software events only.
Nov 15 06:43:36 osboxes kernel: [    0.378064] rcu: Hierarchical SRCU implementation.
Nov 15 06:43:36 osboxes kernel: [    0.378936] NMI watchdog: Perf NMI watchdog permanently disabled
Nov 15 06:43:36 osboxes kernel: [    0.379087] smp: Bringing up secondary CPUs ...
Nov 15 06:43:36 osboxes kernel: [    0.379088] smp: Brought up 1 node, 1 CPU
Nov 15 06:43:36 osboxes kernel: [    0.379088] smpboot: Max logical packages: 1
Nov 15 06:43:36 osboxes kernel: [    0.379090] smpboot: Total of 1 processors activated (5184.01 BogoMIPS)
Nov 15 06:43:36 osboxes kernel: [    0.381302] devtmpfs: initialized
Nov 15 06:43:36 osboxes kernel: [    0.381396] x86/mm: Memory block size: 128MB
Nov 15 06:43:36 osboxes kernel: [    0.382909] clocksource: jiffies: mask: 0xffffffff max_cycles: 0xffffffff, max_idle_ns: 7645041785100000 ns
Nov 15 06:43:36 osboxes kernel: [    0.382983] futex hash table entries: 256 (order: 2, 16384 bytes, linear)
Nov 15 06:43:36 osboxes kernel: [    0.383043] pinctrl core: initialized pinctrl subsystem
Nov 15 06:43:36 osboxes kernel: [    0.383528] PM: RTC time: 11:43:19, date: 2021-11-15
Nov 15 06:43:36 osboxes kernel: [    0.383990] NET: Registered protocol family 16
Nov 15 06:43:36 osboxes kernel: [    0.384122] audit: initializing netlink subsys (disabled)
Nov 15 06:43:36 osboxes kernel: [    0.384461] EISA bus registered
Nov 15 06:43:36 osboxes kernel: [    0.384462] cpuidle: using governor ladder
Nov 15 06:43:36 osboxes kernel: [    0.384463] cpuidle: using governor menu
Nov 15 06:43:36 osboxes kernel: [    0.384501] ACPI: bus type PCI registered
Nov 15 06:43:36 osboxes kernel: [    0.384502] acpiphp: ACPI Hot Plug PCI Controller Driver version: 0.5
Nov 15 06:43:36 osboxes kernel: [    0.385247] PCI: Using configuration type 1 for base access
Nov 15 06:43:36 osboxes kernel: [    0.387617] audit: type=2000 audit(1636976608.266:1): state=initialized audit_enabled=0 res=1
Nov 15 06:43:36 osboxes kernel: [    0.388026] HugeTLB registered 2.00 MiB page size, pre-allocated 0 pages
Nov 15 06:43:36 osboxes kernel: [    0.391217] ACPI: Added _OSI(Module Device)
Nov 15 06:43:36 osboxes kernel: [    0.391218] ACPI: Added _OSI(Processor Device)
Nov 15 06:43:36 osboxes kernel: [    0.391218] ACPI: Added _OSI(3.0 _SCP Extensions)
Nov 15 06:43:36 osboxes kernel: [    0.391219] ACPI: Added _OSI(Processor Aggregator Device)
Nov 15 06:43:36 osboxes kernel: [    0.391219] ACPI: Added _OSI(Linux-Dell-Video)
Nov 15 06:43:36 osboxes kernel: [    0.391220] ACPI: Added _OSI(Linux-Lenovo-NV-HDMI-Audio)
Nov 15 06:43:36 osboxes kernel: [    0.391221] ACPI: Added _OSI(Linux-HPI-Hybrid-Graphics)
Nov 15 06:43:36 osboxes kernel: [    0.394034] ACPI: 2 ACPI AML tables successfully acquired and loaded
Nov 15 06:43:36 osboxes kernel: [    0.396246] ACPI: Interpreter enabled
Nov 15 06:43:36 osboxes kernel: [    0.396254] ACPI: (supports S0 S5)
Nov 15 06:43:36 osboxes kernel: [    0.396255] ACPI: Using IOAPIC for interrupt routing
Nov 15 06:43:36 osboxes kernel: [    0.396555] PCI: Using host bridge windows from ACPI; if necessary, use "pci=nocrs" and report a bug
Nov 15 06:43:36 osboxes kernel: [    0.396670] ACPI: Enabled 2 GPEs in block 00 to 07
Nov 15 06:43:36 osboxes kernel: [    0.403679] ACPI: PCI Root Bridge [PCI0] (domain 0000 [bus 00-ff])
Nov 15 06:43:36 osboxes kernel: [    0.403683] acpi PNP0A03:00: _OSC: OS supports [ASPM ClockPM Segments MSI HPX-Type3]
Nov 15 06:43:36 osboxes kernel: [    0.404285] acpi PNP0A03:00: _OSC: not requesting OS control; OS requires [ExtendedConfig ASPM ClockPM MSI]
Nov 15 06:43:36 osboxes kernel: [    0.404292] acpi PNP0A03:00: fail to add MMCONFIG information, can't access extended PCI configuration space under this bridge.
Nov 15 06:43:36 osboxes kernel: [    0.404791] PCI host bridge to bus 0000:00
Nov 15 06:43:36 osboxes kernel: [    0.404793] pci_bus 0000:00: root bus resource [io  0x0000-0x0cf7 window]
Nov 15 06:43:36 osboxes kernel: [    0.404794] pci_bus 0000:00: root bus resource [io  0x0d00-0xffff window]
Nov 15 06:43:36 osboxes kernel: [    0.404795] pci_bus 0000:00: root bus resource [mem 0x000a0000-0x000bffff window]
Nov 15 06:43:36 osboxes kernel: [    0.404796] pci_bus 0000:00: root bus resource [mem 0x80000000-0xfdffffff window]
Nov 15 06:43:36 osboxes kernel: [    0.404797] pci_bus 0000:00: root bus resource [bus 00-ff]
Nov 15 06:43:36 osboxes kernel: [    0.404874] pci 0000:00:00.0: [8086:1237] type 00 class 0x060000
Nov 15 06:43:36 osboxes kernel: [    0.408246] pci 0000:00:01.0: [8086:7000] type 00 class 0x060100
Nov 15 06:43:36 osboxes kernel: [    0.409740] pci 0000:00:01.1: [8086:7111] type 00 class 0x01018a
Nov 15 06:43:36 osboxes kernel: [    0.410468] pci 0000:00:01.1: reg 0x20: [io  0xd000-0xd00f]
Nov 15 06:43:36 osboxes kernel: [    0.410766] pci 0000:00:01.1: legacy IDE quirk: reg 0x10: [io  0x01f0-0x01f7]
Nov 15 06:43:36 osboxes kernel: [    0.410767] pci 0000:00:01.1: legacy IDE quirk: reg 0x14: [io  0x03f6]
Nov 15 06:43:36 osboxes kernel: [    0.410768] pci 0000:00:01.1: legacy IDE quirk: reg 0x18: [io  0x0170-0x0177]
Nov 15 06:43:36 osboxes kernel: [    0.410769] pci 0000:00:01.1: legacy IDE quirk: reg 0x1c: [io  0x0376]
Nov 15 06:43:36 osboxes kernel: [    0.414202] pci 0000:00:02.0: [15ad:0405] type 00 class 0x030000
Nov 15 06:43:36 osboxes kernel: [    0.421008] pci 0000:00:02.0: reg 0x10: [io  0xd010-0xd01f]
Nov 15 06:43:36 osboxes kernel: [    0.429000] pci 0000:00:02.0: reg 0x14: [mem 0xe0000000-0xe1ffffff pref]
Nov 15 06:43:36 osboxes kernel: [    0.433009] pci 0000:00:02.0: reg 0x18: [mem 0xf0000000-0xf01fffff]
Nov 15 06:43:36 osboxes kernel: [    0.469791] pci 0000:00:03.0: [8086:100e] type 00 class 0x020000
Nov 15 06:43:36 osboxes kernel: [    0.470147] pci 0000:00:03.0: reg 0x10: [mem 0xf0200000-0xf021ffff]
Nov 15 06:43:36 osboxes kernel: [    0.470457] pci 0000:00:03.0: reg 0x18: [io  0xd020-0xd027]
Nov 15 06:43:36 osboxes kernel: [    0.477838] pci 0000:00:04.0: [80ee:cafe] type 00 class 0x088000
Nov 15 06:43:36 osboxes kernel: [    0.478172] pci 0000:00:04.0: reg 0x10: [io  0xd040-0xd05f]
Nov 15 06:43:36 osboxes kernel: [    0.478327] pci 0000:00:04.0: reg 0x14: [mem 0xf0400000-0xf07fffff]
Nov 15 06:43:36 osboxes kernel: [    0.478482] pci 0000:00:04.0: reg 0x18: [mem 0xf0800000-0xf0803fff pref]
Nov 15 06:43:36 osboxes kernel: [    0.485543] pci 0000:00:05.0: [8086:2415] type 00 class 0x040100
Nov 15 06:43:36 osboxes kernel: [    0.485798] pci 0000:00:05.0: reg 0x10: [io  0xd100-0xd1ff]
Nov 15 06:43:36 osboxes kernel: [    0.485926] pci 0000:00:05.0: reg 0x14: [io  0xd200-0xd23f]
Nov 15 06:43:36 osboxes kernel: [    0.491040] pci 0000:00:06.0: [106b:003f] type 00 class 0x0c0310
Nov 15 06:43:36 osboxes kernel: [    0.493141] pci 0000:00:06.0: reg 0x10: [mem 0xf0804000-0xf0804fff]
Nov 15 06:43:36 osboxes kernel: [    0.498656] pci 0000:00:07.0: [8086:7113] type 00 class 0x068000
Nov 15 06:43:36 osboxes kernel: [    0.501612] pci 0000:00:07.0: quirk: [io  0x4000-0x403f] claimed by PIIX4 ACPI
Nov 15 06:43:36 osboxes kernel: [    0.501632] pci 0000:00:07.0: quirk: [io  0x4100-0x410f] claimed by PIIX4 SMB
Nov 15 06:43:36 osboxes kernel: [    0.506401] pci 0000:00:08.0: [8086:100e] type 00 class 0x020000
Nov 15 06:43:36 osboxes kernel: [    0.506760] pci 0000:00:08.0: reg 0x10: [mem 0xf0820000-0xf083ffff]
Nov 15 06:43:36 osboxes kernel: [    0.507160] pci 0000:00:08.0: reg 0x18: [io  0xd240-0xd247]
Nov 15 06:43:36 osboxes kernel: [    0.522581] pci 0000:00:0b.0: [8086:265c] type 00 class 0x0c0320
Nov 15 06:43:36 osboxes kernel: [    0.522889] pci 0000:00:0b.0: reg 0x10: [mem 0xf0840000-0xf0840fff]
Nov 15 06:43:36 osboxes kernel: [    0.534326] pci 0000:00:0d.0: [8086:2829] type 00 class 0x010601
Nov 15 06:43:36 osboxes kernel: [    0.534658] pci 0000:00:0d.0: reg 0x10: [io  0xd248-0xd24f]
Nov 15 06:43:36 osboxes kernel: [    0.534812] pci 0000:00:0d.0: reg 0x14: [io  0xd250-0xd253]
Nov 15 06:43:36 osboxes kernel: [    0.534971] pci 0000:00:0d.0: reg 0x18: [io  0xd258-0xd25f]
Nov 15 06:43:36 osboxes kernel: [    0.535124] pci 0000:00:0d.0: reg 0x1c: [io  0xd260-0xd263]
Nov 15 06:43:36 osboxes kernel: [    0.537078] pci 0000:00:0d.0: reg 0x20: [io  0xd270-0xd27f]
Nov 15 06:43:36 osboxes kernel: [    0.537231] pci 0000:00:0d.0: reg 0x24: [mem 0xf0842000-0xf0843fff]
Nov 15 06:43:36 osboxes kernel: [    0.617777] ACPI: PCI Interrupt Link [LNKA] (IRQs 5 9 10 *11)
Nov 15 06:43:36 osboxes kernel: [    0.618201] ACPI: PCI Interrupt Link [LNKB] (IRQs 5 9 *10 11)
Nov 15 06:43:36 osboxes kernel: [    0.618348] ACPI: PCI Interrupt Link [LNKC] (IRQs 5 *9 10 11)
Nov 15 06:43:36 osboxes kernel: [    0.618495] ACPI: PCI Interrupt Link [LNKD] (IRQs 5 9 10 *11)
Nov 15 06:43:36 osboxes kernel: [    0.618801] iommu: Default domain type: Translated 
Nov 15 06:43:36 osboxes kernel: [    0.619204] SCSI subsystem initialized
Nov 15 06:43:36 osboxes kernel: [    0.621088] libata version 3.00 loaded.
Nov 15 06:43:36 osboxes kernel: [    0.621151] pci 0000:00:02.0: vgaarb: setting as boot VGA device
Nov 15 06:43:36 osboxes kernel: [    0.621152] pci 0000:00:02.0: vgaarb: VGA device added: decodes=io+mem,owns=io+mem,locks=none
Nov 15 06:43:36 osboxes kernel: [    0.621154] pci 0000:00:02.0: vgaarb: bridge control possible
Nov 15 06:43:36 osboxes kernel: [    0.621155] vgaarb: loaded
Nov 15 06:43:36 osboxes kernel: [    0.621168] ACPI: bus type USB registered
Nov 15 06:43:36 osboxes kernel: [    0.621197] usbcore: registered new interface driver usbfs
Nov 15 06:43:36 osboxes kernel: [    0.621202] usbcore: registered new interface driver hub
Nov 15 06:43:36 osboxes kernel: [    0.621225] usbcore: registered new device driver usb
Nov 15 06:43:36 osboxes kernel: [    0.621281] pps_core: LinuxPPS API ver. 1 registered
Nov 15 06:43:36 osboxes kernel: [    0.621281] pps_core: Software ver. 5.3.6 - Copyright 2005-2007 Rodolfo Giometti <giometti@linux.it>
Nov 15 06:43:36 osboxes kernel: [    0.621283] PTP clock support registered
Nov 15 06:43:36 osboxes kernel: [    0.621368] EDAC MC: Ver: 3.0.0
Nov 15 06:43:36 osboxes kernel: [    0.622216] PCI: Using ACPI for IRQ routing
Nov 15 06:43:36 osboxes kernel: [    0.622217] PCI: pci_cache_line_size set to 64 bytes
Nov 15 06:43:36 osboxes kernel: [    0.622657] e820: reserve RAM buffer [mem 0x0009fc00-0x0009ffff]
Nov 15 06:43:36 osboxes kernel: [    0.622658] e820: reserve RAM buffer [mem 0x7fff0000-0x7fffffff]
Nov 15 06:43:36 osboxes kernel: [    0.622909] NetLabel: Initializing
Nov 15 06:43:36 osboxes kernel: [    0.622909] NetLabel:  domain hash size = 128
Nov 15 06:43:36 osboxes kernel: [    0.622910] NetLabel:  protocols = UNLABELED CIPSOv4 CALIPSO
Nov 15 06:43:36 osboxes kernel: [    0.622922] NetLabel:  unlabeled traffic allowed by default
Nov 15 06:43:36 osboxes kernel: [    0.625607] clocksource: Switched to clocksource kvm-clock
Nov 15 06:43:36 osboxes kernel: [    0.691244] *** VALIDATE bpf ***
Nov 15 06:43:36 osboxes kernel: [    0.691314] VFS: Disk quotas dquot_6.6.0
Nov 15 06:43:36 osboxes kernel: [    0.691341] VFS: Dquot-cache hash table entries: 512 (order 0, 4096 bytes)
Nov 15 06:43:36 osboxes kernel: [    0.691374] *** VALIDATE ramfs ***
Nov 15 06:43:36 osboxes kernel: [    0.691394] *** VALIDATE hugetlbfs ***
Nov 15 06:43:36 osboxes kernel: [    0.691783] AppArmor: AppArmor Filesystem Enabled
Nov 15 06:43:36 osboxes kernel: [    0.691804] pnp: PnP ACPI init
Nov 15 06:43:36 osboxes kernel: [    0.691987] pnp 00:00: Plug and Play ACPI device, IDs PNP0303 (active)
Nov 15 06:43:36 osboxes kernel: [    0.692068] pnp 00:01: Plug and Play ACPI device, IDs PNP0f03 (active)
Nov 15 06:43:36 osboxes kernel: [    0.693312] pnp: PnP ACPI: found 2 devices
Nov 15 06:43:36 osboxes kernel: [    0.696001] thermal_sys: Registered thermal governor 'fair_share'
Nov 15 06:43:36 osboxes kernel: [    0.696001] thermal_sys: Registered thermal governor 'bang_bang'
Nov 15 06:43:36 osboxes kernel: [    0.696002] thermal_sys: Registered thermal governor 'step_wise'
Nov 15 06:43:36 osboxes kernel: [    0.696002] thermal_sys: Registered thermal governor 'user_space'
Nov 15 06:43:36 osboxes kernel: [    0.696003] thermal_sys: Registered thermal governor 'power_allocator'
Nov 15 06:43:36 osboxes kernel: [    0.700815] clocksource: acpi_pm: mask: 0xffffff max_cycles: 0xffffff, max_idle_ns: 2085701024 ns
Nov 15 06:43:36 osboxes kernel: [    0.700854] pci_bus 0000:00: resource 4 [io  0x0000-0x0cf7 window]
Nov 15 06:43:36 osboxes kernel: [    0.700855] pci_bus 0000:00: resource 5 [io  0x0d00-0xffff window]
Nov 15 06:43:36 osboxes kernel: [    0.700856] pci_bus 0000:00: resource 6 [mem 0x000a0000-0x000bffff window]
Nov 15 06:43:36 osboxes kernel: [    0.700857] pci_bus 0000:00: resource 7 [mem 0x80000000-0xfdffffff window]
Nov 15 06:43:36 osboxes kernel: [    0.700914] NET: Registered protocol family 2
Nov 15 06:43:36 osboxes kernel: [    0.701947] IP idents hash table entries: 32768 (order: 6, 262144 bytes, linear)
Nov 15 06:43:36 osboxes kernel: [    0.702392] tcp_listen_portaddr_hash hash table entries: 1024 (order: 2, 16384 bytes, linear)
Nov 15 06:43:36 osboxes kernel: [    0.702886] TCP established hash table entries: 16384 (order: 5, 131072 bytes, linear)
Nov 15 06:43:36 osboxes kernel: [    0.703780] TCP bind hash table entries: 16384 (order: 6, 262144 bytes, linear)
Nov 15 06:43:36 osboxes kernel: [    0.703792] TCP: Hash tables configured (established 16384 bind 16384)
Nov 15 06:43:36 osboxes kernel: [    0.704443] UDP hash table entries: 1024 (order: 3, 32768 bytes, linear)
Nov 15 06:43:36 osboxes kernel: [    0.704558] UDP-Lite hash table entries: 1024 (order: 3, 32768 bytes, linear)
Nov 15 06:43:36 osboxes kernel: [    0.705428] NET: Registered protocol family 1
Nov 15 06:43:36 osboxes kernel: [    0.705432] NET: Registered protocol family 44
Nov 15 06:43:36 osboxes kernel: [    0.705458] pci 0000:00:00.0: Limiting direct PCI/PCI transfers
Nov 15 06:43:36 osboxes kernel: [    0.705479] pci 0000:00:01.0: Activating ISA DMA hang workarounds
Nov 15 06:43:36 osboxes kernel: [    0.705573] pci 0000:00:02.0: Video device with shadowed ROM at [mem 0x000c0000-0x000dffff]
Nov 15 06:43:36 osboxes kernel: [    0.711615] PCI: CLS 0 bytes, default 64
Nov 15 06:43:36 osboxes kernel: [    0.711817] Trying to unpack rootfs image as initramfs...
Nov 15 06:43:36 osboxes kernel: [    1.792541] Freeing initrd memory: 42284K
Nov 15 06:43:36 osboxes kernel: [    1.792708] clocksource: tsc: mask: 0xffffffffffffffff max_cycles: 0x255cbea3061, max_idle_ns: 440795313801 ns
Nov 15 06:43:36 osboxes kernel: [    1.792737] clocksource: Switched to clocksource tsc
Nov 15 06:43:36 osboxes kernel: [    1.792766] platform rtc_cmos: registered platform RTC device (no PNP device found)
Nov 15 06:43:36 osboxes kernel: [    1.792832] check: Scanning for low memory corruption every 60 seconds
Nov 15 06:43:36 osboxes kernel: [    1.793615] Initialise system trusted keyrings
Nov 15 06:43:36 osboxes kernel: [    1.793621] Key type blacklist registered
Nov 15 06:43:36 osboxes kernel: [    1.793682] workingset: timestamp_bits=36 max_order=19 bucket_order=0
Nov 15 06:43:36 osboxes kernel: [    1.796696] zbud: loaded
Nov 15 06:43:36 osboxes kernel: [    1.797460] squashfs: version 4.0 (2009/01/31) Phillip Lougher
Nov 15 06:43:36 osboxes kernel: [    1.797772] fuse: init (API version 7.31)
Nov 15 06:43:36 osboxes kernel: [    1.797818] *** VALIDATE fuse ***
Nov 15 06:43:36 osboxes kernel: [    1.797819] *** VALIDATE fuse ***
Nov 15 06:43:36 osboxes kernel: [    1.798115] Platform Keyring initialized
Nov 15 06:43:36 osboxes kernel: [    1.800230] Key type asymmetric registered
Nov 15 06:43:36 osboxes kernel: [    1.800231] Asymmetric key parser 'x509' registered
Nov 15 06:43:36 osboxes kernel: [    1.800237] Block layer SCSI generic (bsg) driver version 0.4 loaded (major 244)
Nov 15 06:43:36 osboxes kernel: [    1.800341] io scheduler mq-deadline registered
Nov 15 06:43:36 osboxes kernel: [    1.800781] shpchp: Standard Hot Plug PCI Controller Driver version: 0.4
Nov 15 06:43:36 osboxes kernel: [    1.800898] intel_idle: Please enable MWAIT in BIOS SETUP
Nov 15 06:43:36 osboxes kernel: [    1.801227] ACPI: AC Adapter [AC] (on-line)
Nov 15 06:43:36 osboxes kernel: [    1.801301] input: Power Button as /devices/LNXSYSTM:00/LNXPWRBN:00/input/input0
Nov 15 06:43:36 osboxes kernel: [    1.801358] ACPI: Power Button [PWRF]
Nov 15 06:43:36 osboxes kernel: [    1.801442] input: Sleep Button as /devices/LNXSYSTM:00/LNXSLPBN:00/input/input1
Nov 15 06:43:36 osboxes kernel: [    1.801471] ACPI: Sleep Button [SLPF]
Nov 15 06:43:36 osboxes kernel: [    1.802854] battery: ACPI: Battery Slot [BAT0] (battery present)
Nov 15 06:43:36 osboxes kernel: [    1.802902] Serial: 8250/16550 driver, 32 ports, IRQ sharing enabled
Nov 15 06:43:36 osboxes kernel: [    1.808582] Linux agpgart interface v0.103
Nov 15 06:43:36 osboxes kernel: [    1.905139] loop: module loaded
Nov 15 06:43:36 osboxes kernel: [    1.905249] ata_piix 0000:00:01.1: version 2.13
Nov 15 06:43:36 osboxes kernel: [    1.906334] scsi host0: ata_piix
Nov 15 06:43:36 osboxes kernel: [    1.906395] scsi host1: ata_piix
Nov 15 06:43:36 osboxes kernel: [    1.906414] ata1: PATA max UDMA/33 cmd 0x1f0 ctl 0x3f6 bmdma 0xd000 irq 14
Nov 15 06:43:36 osboxes kernel: [    1.906415] ata2: PATA max UDMA/33 cmd 0x170 ctl 0x376 bmdma 0xd008 irq 15
Nov 15 06:43:36 osboxes kernel: [    1.906465] libphy: Fixed MDIO Bus: probed
Nov 15 06:43:36 osboxes kernel: [    1.906466] tun: Universal TUN/TAP device driver, 1.6
Nov 15 06:43:36 osboxes kernel: [    1.907020] PPP generic driver version 2.4.2
Nov 15 06:43:36 osboxes kernel: [    1.907051] VFIO - User Level meta-driver version: 0.3
Nov 15 06:43:36 osboxes kernel: [    1.907608] ehci_hcd: USB 2.0 'Enhanced' Host Controller (EHCI) Driver
Nov 15 06:43:36 osboxes kernel: [    1.907610] ehci-pci: EHCI PCI platform driver
Nov 15 06:43:36 osboxes kernel: [    1.908390] ehci-pci 0000:00:0b.0: EHCI Host Controller
Nov 15 06:43:36 osboxes kernel: [    1.908394] ehci-pci 0000:00:0b.0: new USB bus registered, assigned bus number 1
Nov 15 06:43:36 osboxes kernel: [    1.909616] ehci-pci 0000:00:0b.0: irq 19, io mem 0xf0840000
Nov 15 06:43:36 osboxes kernel: [    1.925641] ehci-pci 0000:00:0b.0: USB 2.0 started, EHCI 1.00
Nov 15 06:43:36 osboxes kernel: [    1.925752] usb usb1: New USB device found, idVendor=1d6b, idProduct=0002, bcdDevice= 5.04
Nov 15 06:43:36 osboxes kernel: [    1.925753] usb usb1: New USB device strings: Mfr=3, Product=2, SerialNumber=1
Nov 15 06:43:36 osboxes kernel: [    1.925754] usb usb1: Product: EHCI Host Controller
Nov 15 06:43:36 osboxes kernel: [    1.925755] usb usb1: Manufacturer: Linux 5.4.0-90-generic ehci_hcd
Nov 15 06:43:36 osboxes kernel: [    1.925756] usb usb1: SerialNumber: 0000:00:0b.0
Nov 15 06:43:36 osboxes kernel: [    1.925827] hub 1-0:1.0: USB hub found
Nov 15 06:43:36 osboxes kernel: [    1.925831] hub 1-0:1.0: 12 ports detected
Nov 15 06:43:36 osboxes kernel: [    1.926381] ehci-platform: EHCI generic platform driver
Nov 15 06:43:36 osboxes kernel: [    1.926389] ohci_hcd: USB 1.1 'Open' Host Controller (OHCI) Driver
Nov 15 06:43:36 osboxes kernel: [    1.926391] ohci-pci: OHCI PCI platform driver
Nov 15 06:43:36 osboxes kernel: [    1.927167] ohci-pci 0000:00:06.0: OHCI PCI host controller
Nov 15 06:43:36 osboxes kernel: [    1.927171] ohci-pci 0000:00:06.0: new USB bus registered, assigned bus number 2
Nov 15 06:43:36 osboxes kernel: [    1.927626] ohci-pci 0000:00:06.0: irq 22, io mem 0xf0804000
Nov 15 06:43:36 osboxes kernel: [    1.987655] usb usb2: New USB device found, idVendor=1d6b, idProduct=0001, bcdDevice= 5.04
Nov 15 06:43:36 osboxes kernel: [    1.987657] usb usb2: New USB device strings: Mfr=3, Product=2, SerialNumber=1
Nov 15 06:43:36 osboxes kernel: [    1.987658] usb usb2: Product: OHCI PCI host controller
Nov 15 06:43:36 osboxes kernel: [    1.987658] usb usb2: Manufacturer: Linux 5.4.0-90-generic ohci_hcd
Nov 15 06:43:36 osboxes kernel: [    1.987659] usb usb2: SerialNumber: 0000:00:06.0
Nov 15 06:43:36 osboxes kernel: [    1.987767] hub 2-0:1.0: USB hub found
Nov 15 06:43:36 osboxes systemd[1]: Started Trigger anacron every hour.
Nov 15 06:43:36 osboxes systemd[1]: Listening on UUID daemon activation socket.
Nov 15 06:43:36 osboxes systemd[1]: Listening on ACPID Listen Socket.
Nov 15 06:43:36 osboxes systemd[1]: Started Daily apt download activities.
Nov 15 06:43:36 osboxes systemd[1]: Started Daily apt upgrade and clean activities.
Nov 15 06:43:36 osboxes systemd[1]: Started ACPI Events Check.
Nov 15 06:43:36 osboxes systemd[1]: Reached target Paths.
Nov 15 06:43:36 osboxes systemd[1]: Started Ubuntu Advantage Timer for running repeated jobs.
Nov 15 06:43:36 osboxes systemd[1]: Reached target Timers.
Nov 15 06:43:36 osboxes systemd[1]: Listening on Socket activation for snappy daemon.
Nov 15 06:43:36 osboxes systemd[1]: Reached target Sockets.
Nov 15 06:43:36 osboxes systemd[1]: Reached target Basic System.
Nov 15 06:43:36 osboxes systemd[1]: Starting System Logging Service...
Nov 15 06:43:36 osboxes systemd[1]: Starting Login Service...
Nov 15 06:43:36 osboxes systemd[1]: Started D-Bus System Message Bus.
Nov 15 06:43:36 osboxes rsyslogd: imuxsock: Acquired UNIX socket '/run/systemd/journal/syslog' (fd 3) from systemd.  [v8.32.0]
Nov 15 06:43:36 osboxes rsyslogd: rsyslogd's groupid changed to 106
Nov 15 06:43:36 osboxes rsyslogd: rsyslogd's userid changed to 102
Nov 15 06:43:36 osboxes rsyslogd:  [origin software="rsyslogd" swVersion="8.32.0" x-pid="701" x-info="http://www.rsyslog.com"] start
Nov 15 06:43:36 osboxes kernel: [    1.987839] hub 2-0:1.0: 12 ports detected
Nov 15 06:43:36 osboxes kernel: [    1.988968] ohci-platform: OHCI generic platform driver
Nov 15 06:43:36 osboxes kernel: [    1.988977] uhci_hcd: USB Universal Host Controller Interface driver
Nov 15 06:43:36 osboxes kernel: [    1.989014] i8042: PNP: PS/2 Controller [PNP0303:PS2K,PNP0f03:PS2M] at 0x60,0x64 irq 1,12
Nov 15 06:43:36 osboxes kernel: [    1.992199] serio: i8042 KBD port at 0x60,0x64 irq 1
Nov 15 06:43:36 osboxes kernel: [    1.992203] serio: i8042 AUX port at 0x60,0x64 irq 12
Nov 15 06:43:36 osboxes kernel: [    1.992277] mousedev: PS/2 mouse device common for all mice
Nov 15 06:43:36 osboxes kernel: [    1.993874] input: AT Translated Set 2 keyboard as /devices/platform/i8042/serio0/input/input2
Nov 15 06:43:36 osboxes kernel: [    1.995488] rtc_cmos rtc_cmos: registered as rtc0
Nov 15 06:43:36 osboxes kernel: [    1.995497] rtc_cmos rtc_cmos: alarms up to one day, 114 bytes nvram
Nov 15 06:43:36 osboxes kernel: [    1.995501] i2c /dev entries driver
Nov 15 06:43:36 osboxes kernel: [    1.995533] device-mapper: uevent: version 1.0.3
Nov 15 06:43:36 osboxes kernel: [    1.995570] device-mapper: ioctl: 4.41.0-ioctl (2019-09-16) initialised: dm-devel@redhat.com
Nov 15 06:43:36 osboxes kernel: [    1.995585] platform eisa.0: Probing EISA bus 0
Nov 15 06:43:36 osboxes kernel: [    1.995586] platform eisa.0: EISA: Cannot allocate resource for mainboard
Nov 15 06:43:36 osboxes kernel: [    1.995587] platform eisa.0: Cannot allocate resource for EISA slot 1
Nov 15 06:43:36 osboxes kernel: [    1.995588] platform eisa.0: Cannot allocate resource for EISA slot 2
Nov 15 06:43:36 osboxes kernel: [    1.995589] platform eisa.0: Cannot allocate resource for EISA slot 3
Nov 15 06:43:36 osboxes kernel: [    1.995589] platform eisa.0: Cannot allocate resource for EISA slot 4
Nov 15 06:43:36 osboxes kernel: [    1.995590] platform eisa.0: Cannot allocate resource for EISA slot 5
Nov 15 06:43:36 osboxes kernel: [    1.995591] platform eisa.0: Cannot allocate resource for EISA slot 6
Nov 15 06:43:36 osboxes kernel: [    1.995592] platform eisa.0: Cannot allocate resource for EISA slot 7
Nov 15 06:43:36 osboxes kernel: [    1.995592] platform eisa.0: Cannot allocate resource for EISA slot 8
Nov 15 06:43:36 osboxes kernel: [    1.995593] platform eisa.0: EISA: Detected 0 cards
Nov 15 06:43:36 osboxes kernel: [    1.995595] intel_pstate: CPU model not supported
Nov 15 06:43:36 osboxes kernel: [    1.995601] ledtrig-cpu: registered to indicate activity on CPUs
Nov 15 06:43:36 osboxes kernel: [    1.995729] intel_pmc_core intel_pmc_core.0:  initialized
Nov 15 06:43:36 osboxes kernel: [    1.995747] drop_monitor: Initializing network drop monitor service
Nov 15 06:43:36 osboxes kernel: [    1.995863] NET: Registered protocol family 10
Nov 15 06:43:36 osboxes kernel: [    1.999350] Segment Routing with IPv6
Nov 15 06:43:36 osboxes kernel: [    1.999364] NET: Registered protocol family 17
Nov 15 06:43:36 osboxes kernel: [    1.999386] Key type dns_resolver registered
Nov 15 06:43:36 osboxes kernel: [    1.999497] RAS: Correctable Errors collector initialized.
Nov 15 06:43:36 osboxes kernel: [    1.999500] IPI shorthand broadcast: enabled
Nov 15 06:43:36 osboxes kernel: [    1.999503] sched_clock: Marking stable (1936109624, 61143119)->(2064457291, -67204548)
Nov 15 06:43:36 osboxes kernel: [    1.999596] registered taskstats version 1
Nov 15 06:43:36 osboxes kernel: [    1.999636] Loading compiled-in X.509 certificates
Nov 15 06:43:36 osboxes kernel: [    2.000174] Loaded X.509 cert 'Build time autogenerated kernel key: f80580535d43d6e70af8167fd0c3c4e0597192a3'
Nov 15 06:43:36 osboxes kernel: [    2.000592] Loaded X.509 cert 'Canonical Ltd. Live Patch Signing: 14df34d1a87cf37625abec039ef2bf521249b969'
Nov 15 06:43:36 osboxes kernel: [    2.001024] Loaded X.509 cert 'Canonical Ltd. Kernel Module Signing: 88f752e560a1e0737e31163a466ad7b70a850c19'
Nov 15 06:43:36 osboxes kernel: [    2.001036] zswap: loaded using pool lzo/zbud
Nov 15 06:43:36 osboxes kernel: [    2.001315] Key type ._fscrypt registered
Nov 15 06:43:36 osboxes kernel: [    2.001315] Key type .fscrypt registered
Nov 15 06:43:36 osboxes kernel: [    2.004515] Key type big_key registered
Nov 15 06:43:36 osboxes kernel: [    2.006222] Key type encrypted registered
Nov 15 06:43:36 osboxes kernel: [    2.006223] AppArmor: AppArmor sha1 policy hashing enabled
Nov 15 06:43:36 osboxes kernel: [    2.006227] ima: No TPM chip found, activating TPM-bypass!
Nov 15 06:43:36 osboxes kernel: [    2.006230] ima: Allocated hash algorithm: sha1
Nov 15 06:43:36 osboxes kernel: [    2.006234] ima: No architecture policies found
Nov 15 06:43:36 osboxes kernel: [    2.006238] evm: Initialising EVM extended attributes:
Nov 15 06:43:36 osboxes kernel: [    2.006239] evm: security.selinux
Nov 15 06:43:36 osboxes kernel: [    2.006239] evm: security.SMACK64
Nov 15 06:43:36 osboxes kernel: [    2.006239] evm: security.SMACK64EXEC
Nov 15 06:43:36 osboxes kernel: [    2.006240] evm: security.SMACK64TRANSMUTE
Nov 15 06:43:36 osboxes kernel: [    2.006240] evm: security.SMACK64MMAP
Nov 15 06:43:36 osboxes kernel: [    2.006240] evm: security.apparmor
Nov 15 06:43:36 osboxes kernel: [    2.006240] evm: security.ima
Nov 15 06:43:36 osboxes kernel: [    2.006241] evm: security.capability
Nov 15 06:43:36 osboxes kernel: [    2.006241] evm: HMAC attrs: 0x1
Nov 15 06:43:36 osboxes kernel: [    2.006485] PM:   Magic number: 13:9:732
Nov 15 06:43:36 osboxes kernel: [    2.006771] rtc_cmos rtc_cmos: setting system clock to 2021-11-15T11:43:21 UTC (1636976601)
Nov 15 06:43:36 osboxes kernel: [    2.092676] ata2.00: ATAPI: VBOX CD-ROM, 1.0, max UDMA/133
Nov 15 06:43:36 osboxes kernel: [    2.095261] scsi 1:0:0:0: CD-ROM            VBOX     CD-ROM           1.0  PQ: 0 ANSI: 5
Nov 15 06:43:36 osboxes kernel: [    2.119483] sr 1:0:0:0: [sr0] scsi3-mmc drive: 32x/32x xa/form2 tray
Nov 15 06:43:36 osboxes kernel: [    2.119485] cdrom: Uniform CD-ROM driver Revision: 3.20
Nov 15 06:43:36 osboxes kernel: [    2.129611] sr 1:0:0:0: Attached scsi CD-ROM sr0
Nov 15 06:43:36 osboxes kernel: [    2.129925] sr 1:0:0:0: Attached scsi generic sg0 type 5
Nov 15 06:43:36 osboxes kernel: [    2.131147] Freeing unused decrypted memory: 2040K
Nov 15 06:43:36 osboxes kernel: [    2.131386] Freeing unused kernel image memory: 2716K
Nov 15 06:43:36 osboxes kernel: [    2.141158] Write protecting the kernel read-only data: 22528k
Nov 15 06:43:36 osboxes kernel: [    2.141379] Freeing unused kernel image memory: 2008K
Nov 15 06:43:36 osboxes kernel: [    2.141485] Freeing unused kernel image memory: 1156K
Nov 15 06:43:36 osboxes kernel: [    2.147908] x86/mm: Checked W+X mappings: passed, no W+X pages found.
Nov 15 06:43:36 osboxes kernel: [    2.147909] x86/mm: Checking user space page tables
Nov 15 06:43:36 osboxes kernel: [    2.154951] x86/mm: Checked W+X mappings: passed, no W+X pages found.
Nov 15 06:43:36 osboxes kernel: [    2.154954] Run /init as init process
Nov 15 06:43:36 osboxes kernel: [    2.270862] e1000: Intel(R) PRO/1000 Network Driver - version 7.3.21-k8-NAPI
Nov 15 06:43:36 osboxes kernel: [    2.270862] e1000: Copyright (c) 1999-2006 Intel Corporation.
Nov 15 06:43:36 osboxes kernel: [    2.277014] ACPI: Video Device [GFX0] (multi-head: yes  rom: no  post: no)
Nov 15 06:43:36 osboxes kernel: [    2.277078] input: Video Bus as /devices/LNXSYSTM:00/LNXSYBUS:00/PNP0A03:00/LNXVIDEO:00/input/input4
Nov 15 06:43:36 osboxes kernel: [    2.286798] piix4_smbus 0000:00:07.0: SMBus Host Controller at 0x4100, revision 0
Nov 15 06:43:36 osboxes kernel: [    2.291430] ahci 0000:00:0d.0: version 3.0
Nov 15 06:43:36 osboxes kernel: [    2.308715] ahci 0000:00:0d.0: SSS flag set, parallel bus scan disabled
Nov 15 06:43:36 osboxes kernel: [    2.309557] ahci 0000:00:0d.0: AHCI 0001.0100 32 slots 1 ports 3 Gbps 0x1 impl SATA mode
Nov 15 06:43:36 osboxes kernel: [    2.309558] ahci 0000:00:0d.0: flags: 64bit ncq stag only ccc 
Nov 15 06:43:36 osboxes kernel: [    2.334828] scsi host2: ahci
Nov 15 06:43:36 osboxes kernel: [    2.335078] ata3: SATA max UDMA/133 abar m8192@0xf0842000 port 0xf0842100 irq 21
Nov 15 06:43:36 osboxes kernel: [    2.345414] usb 2-1: new full-speed USB device number 2 using ohci-pci
Nov 15 06:43:36 osboxes kernel: [    2.564130] input: ImExPS/2 Generic Explorer Mouse as /devices/platform/i8042/serio1/input/input5
Nov 15 06:43:36 osboxes kernel: [    2.655220] ata3: SATA link up 3.0 Gbps (SStatus 123 SControl 300)
Nov 15 06:43:36 osboxes kernel: [    2.655918] ata3.00: ATA-6: VBOX HARDDISK, 1.0, max UDMA/133
Nov 15 06:43:36 osboxes kernel: [    2.655919] ata3.00: 1048576000 sectors, multi 128: LBA48 NCQ (depth 32)
Nov 15 06:43:36 osboxes kernel: [    2.665226] ata3.00: configured for UDMA/133
Nov 15 06:43:36 osboxes kernel: [    2.665301] scsi 2:0:0:0: Direct-Access     ATA      VBOX HARDDISK    1.0  PQ: 0 ANSI: 5
Nov 15 06:43:36 osboxes kernel: [    2.665451] sd 2:0:0:0: [sda] 1048576000 512-byte logical blocks: (537 GB/500 GiB)
Nov 15 06:43:36 osboxes kernel: [    2.665456] sd 2:0:0:0: [sda] Write Protect is off
Nov 15 06:43:36 osboxes kernel: [    2.665457] sd 2:0:0:0: [sda] Mode Sense: 00 3a 00 00
Nov 15 06:43:36 osboxes kernel: [    2.665465] sd 2:0:0:0: [sda] Write cache: enabled, read cache: enabled, doesn't support DPO or FUA
Nov 15 06:43:36 osboxes kernel: [    2.665665] sd 2:0:0:0: Attached scsi generic sg1 type 0
Nov 15 06:43:36 osboxes kernel: [    2.674139]  sda: sda1 sda2 sda3
Nov 15 06:43:36 osboxes kernel: [    2.691029] sd 2:0:0:0: [sda] Attached SCSI disk
Nov 15 06:43:36 osboxes kernel: [    2.708113] random: fast init done
Nov 15 06:43:36 osboxes kernel: [    2.736761] usb 2-1: New USB device found, idVendor=80ee, idProduct=0021, bcdDevice= 1.00
Nov 15 06:43:36 osboxes kernel: [    2.736763] usb 2-1: New USB device strings: Mfr=1, Product=3, SerialNumber=0
Nov 15 06:43:36 osboxes kernel: [    2.736764] usb 2-1: Product: USB Tablet
Nov 15 06:43:36 osboxes kernel: [    2.736765] usb 2-1: Manufacturer: VirtualBox
Nov 15 06:43:36 osboxes kernel: [    2.737628] random: systemd-udevd: uninitialized urandom read (16 bytes read)
Nov 15 06:43:36 osboxes kernel: [    2.737634] random: systemd-udevd: uninitialized urandom read (16 bytes read)
Nov 15 06:43:36 osboxes kernel: [    2.737647] random: systemd-udevd: uninitialized urandom read (16 bytes read)
Nov 15 06:43:36 osboxes kernel: [    2.751795] hidraw: raw HID events driver (C) Jiri Kosina
Nov 15 06:43:36 osboxes kernel: [    2.780398] usbcore: registered new interface driver usbhid
Nov 15 06:43:36 osboxes kernel: [    2.780399] usbhid: USB HID core driver
Nov 15 06:43:36 osboxes kernel: [    2.788390] input: VirtualBox USB Tablet as /devices/pci0000:00/0000:00:06.0/usb2/2-1/2-1:1.0/0003:80EE:0021.0001/input/input6
Nov 15 06:43:36 osboxes kernel: [    2.793771] hid-generic 0003:80EE:0021.0001: input,hidraw0: USB HID v1.10 Mouse [VirtualBox USB Tablet] on usb-0000:00:06.0-1/input0
Nov 15 06:43:36 osboxes kernel: [    3.095114] e1000 0000:00:03.0 eth0: (PCI:33MHz:32-bit) 08:00:27:0e:c8:fb
Nov 15 06:43:36 osboxes kernel: [    3.095118] e1000 0000:00:03.0 eth0: Intel(R) PRO/1000 Network Connection
Nov 15 06:43:36 osboxes kernel: [    3.741169] e1000 0000:00:08.0 eth1: (PCI:33MHz:32-bit) 08:00:27:8f:e5:f3
Nov 15 06:43:36 osboxes kernel: [    3.741171] e1000 0000:00:08.0 eth1: Intel(R) PRO/1000 Network Connection
Nov 15 06:43:36 osboxes kernel: [    3.742296] e1000 0000:00:08.0 enp0s8: renamed from eth1
Nov 15 06:43:36 osboxes kernel: [    3.744145] e1000 0000:00:03.0 enp0s3: renamed from eth0
Nov 15 06:43:36 osboxes kernel: [    6.280006] EXT4-fs (sda1): mounted filesystem with ordered data mode. Opts: (null)
Nov 15 06:43:36 osboxes kernel: [    6.467893] systemd[1]: systemd 237 running in system mode. (+PAM +AUDIT +SELINUX +IMA +APPARMOR +SMACK +SYSVINIT +UTMP +LIBCRYPTSETUP +GCRYPT +GNUTLS +ACL +XZ +LZ4 +SECCOMP +BLKID +ELFUTILS +KMOD -IDN2 +IDN -PCRE2 default-hierarchy=hybrid)
Nov 15 06:43:36 osboxes kernel: [    6.467915] systemd[1]: Detected virtualization oracle.
Nov 15 06:43:36 osboxes kernel: [    6.467919] systemd[1]: Detected architecture x86-64.
Nov 15 06:43:36 osboxes kernel: [    6.469409] systemd[1]: Set hostname to <osboxes>.
Nov 15 06:43:36 osboxes kernel: [    6.763622] systemd[1]: Created slice System Slice.
Nov 15 06:43:36 osboxes kernel: [    6.763748] systemd[1]: Listening on Journal Socket.
Nov 15 06:43:36 osboxes kernel: [    6.764623] systemd[1]: Mounting Huge Pages File System...
Nov 15 06:43:36 osboxes kernel: [    6.765280] systemd[1]: Created slice system-systemd\x2dfsck.slice.
Nov 15 06:43:36 osboxes kernel: [    6.765559] systemd[1]: Listening on udev Control Socket.
Nov 15 06:43:36 osboxes kernel: [    6.765821] systemd[1]: Listening on fsck to fsckd communication Socket.
Nov 15 06:43:36 osboxes kernel: [    6.777508] EXT4-fs (sda1): re-mounted. Opts: errors=remount-ro
Nov 15 06:43:36 osboxes kernel: [    6.858539] lp: driver loaded but no devices found
Nov 15 06:43:36 osboxes kernel: [    6.870339] ppdev: user-space parallel port driver
Nov 15 06:43:36 osboxes kernel: [    7.041440] [drm] DMA map mode: Caching DMA mappings.
Nov 15 06:43:36 osboxes kernel: [    7.041602] [drm] Capabilities:
Nov 15 06:43:36 osboxes kernel: [    7.041602] [drm]   Cursor.
Nov 15 06:43:36 osboxes kernel: [    7.041603] [drm]   Cursor bypass 2.
Nov 15 06:43:36 osboxes kernel: [    7.041603] [drm]   Alpha cursor.
Nov 15 06:43:36 osboxes kernel: [    7.041603] [drm]   3D.
Nov 15 06:43:36 osboxes kernel: [    7.041603] [drm]   Extended Fifo.
Nov 15 06:43:36 osboxes kernel: [    7.041604] [drm]   Pitchlock.
Nov 15 06:43:36 osboxes kernel: [    7.041604] [drm]   Irq mask.
Nov 15 06:43:36 osboxes kernel: [    7.041604] [drm]   GMR.
Nov 15 06:43:36 osboxes kernel: [    7.041604] [drm]   Traces.
Nov 15 06:43:36 osboxes kernel: [    7.041605] [drm]   GMR2.
Nov 15 06:43:36 osboxes kernel: [    7.041605] [drm]   Screen Object 2.
Nov 15 06:43:36 osboxes kernel: [    7.041606] [drm] Max GMR ids is 8192
Nov 15 06:43:36 osboxes kernel: [    7.041606] [drm] Max number of GMR pages is 1048576
Nov 15 06:43:36 osboxes kernel: [    7.041607] [drm] Max dedicated hypervisor surface memory is 503808 kiB
Nov 15 06:43:36 osboxes kernel: [    7.041607] [drm] Maximum display memory size is 20480 kiB
Nov 15 06:43:36 osboxes kernel: [    7.041608] [drm] VRAM at 0xe0000000 size is 20480 kiB
Nov 15 06:43:36 osboxes kernel: [    7.041608] [drm] MMIO at 0xf0000000 size is 2048 kiB
Nov 15 06:43:36 osboxes kernel: [    7.071125] [TTM] Zone  kernel: Available graphics memory: 1017734 KiB
Nov 15 06:43:36 osboxes kernel: [    7.071126] [TTM] Initializing pool allocator
Nov 15 06:43:36 osboxes kernel: [    7.071130] [TTM] Initializing DMA pool allocator
Nov 15 06:43:36 osboxes kernel: [    7.071146] [drm] Supports vblank timestamp caching Rev 2 (21.10.2013).
Nov 15 06:43:36 osboxes kernel: [    7.071146] [drm] No driver support for vblank timestamp query.
Nov 15 06:43:36 osboxes kernel: [    7.071500] [drm] Screen Objects Display Unit initialized
Nov 15 06:43:36 osboxes kernel: [    7.071726] [drm] width 720
Nov 15 06:43:36 osboxes kernel: [    7.071745] [drm] height 400
Nov 15 06:43:36 osboxes kernel: [    7.071764] [drm] bpp 32
Nov 15 06:43:36 osboxes kernel: [    7.085775] [drm] Fifo max 0x00200000 min 0x00001000 cap 0x00000355
Nov 15 06:43:36 osboxes kernel: [    7.113746] systemd-journald[249]: Received request to flush runtime journal from PID 1
Nov 15 06:43:36 osboxes kernel: [    7.114745] [drm] DX: no.
Nov 15 06:43:36 osboxes kernel: [    7.114746] [drm] Atomic: yes.
Nov 15 06:43:36 osboxes kernel: [    7.114747] [drm] SM4_1: no.
Nov 15 06:43:36 osboxes kernel: [    7.114771] [drm:vmw_host_log [vmwgfx]] *ERROR* Failed to send host log message.
Nov 15 06:43:36 osboxes kernel: [    7.123635] [drm:vmw_host_log [vmwgfx]] *ERROR* Failed to send host log message.
Nov 15 06:43:36 osboxes kernel: [    7.140480] systemd-journald[249]: File /var/log/journal/59bad714bed846048537ec1ce8c3a4d9/system.journal corrupted or uncleanly shut down, renaming and replacing.
Nov 15 06:43:36 osboxes kernel: [    7.149791] fbcon: svgadrmfb (fb0) is primary device
Nov 15 06:43:36 osboxes kernel: [    7.182872] Console: switching to colour frame buffer device 100x37
Nov 15 06:43:36 osboxes kernel: [    7.193346] [drm] Initialized vmwgfx 2.15.0 20180704 for 0000:00:02.0 on minor 0
Nov 15 06:43:36 osboxes kernel: [    7.730155] vboxguest: loading out-of-tree module taints kernel.
Nov 15 06:43:36 osboxes kernel: [    7.764120] vgdrvHeartbeatInit: Setting up heartbeat to trigger every 2000 milliseconds
Nov 15 06:43:36 osboxes kernel: [    7.764828] input: Unspecified device as /devices/pci0000:00/0000:00:04.0/input/input7
Nov 15 06:43:36 osboxes kernel: [    7.781789] vboxguest: Successfully loaded version 6.1.26_Ubuntu r145957
Nov 15 06:43:36 osboxes kernel: [    7.781835] vboxguest: misc device minor 58, IRQ 20, I/O port d040, MMIO at 00000000f0400000 (size 0x400000)
Nov 15 06:43:36 osboxes kernel: [    7.781836] vboxguest: Successfully loaded version 6.1.26_Ubuntu r145957 (interface 0x00010004)
Nov 15 06:43:36 osboxes kernel: [    8.212297] RAPL PMU: API unit is 2^-32 Joules, 0 fixed counters, 10737418240 ms ovfl timer
Nov 15 06:43:36 osboxes kernel: [    9.485404] random: crng init done
Nov 15 06:43:36 osboxes kernel: [    9.485405] random: 7 urandom warning(s) missed due to ratelimiting
Nov 15 06:43:36 osboxes kernel: [   13.048696] Adding 9765884k swap on /dev/sda2.  Priority:-2 extents:1 across:9765884k FS
Nov 15 06:43:36 osboxes kernel: [   15.403993] snd_intel8x0 0000:00:05.0: white list rate for 1028:0177 is 48000
Nov 15 06:43:36 osboxes kernel: [   16.050285] EXT4-fs (sda3): mounted filesystem with ordered data mode. Opts: (null)
Nov 15 06:43:36 osboxes kernel: [   16.309151] audit: type=1400 audit(1636976615.796:2): apparmor="STATUS" operation="profile_load" profile="unconfined" name="/sbin/dhclient" pid=586 comm="apparmor_parser"
Nov 15 06:43:36 osboxes kernel: [   16.309153] audit: type=1400 audit(1636976615.796:3): apparmor="STATUS" operation="profile_load" profile="unconfined" name="/usr/lib/NetworkManager/nm-dhcp-client.action" pid=586 comm="apparmor_parser"
Nov 15 06:43:36 osboxes kernel: [   16.309154] audit: type=1400 audit(1636976615.796:4): apparmor="STATUS" operation="profile_load" profile="unconfined" name="/usr/lib/NetworkManager/nm-dhcp-helper" pid=586 comm="apparmor_parser"
Nov 15 06:43:36 osboxes kernel: [   16.309155] audit: type=1400 audit(1636976615.796:5): apparmor="STATUS" operation="profile_load" profile="unconfined" name="/usr/lib/connman/scripts/dhclient-script" pid=586 comm="apparmor_parser"
Nov 15 06:43:36 osboxes kernel: [   16.343383] audit: type=1400 audit(1636976615.828:6): apparmor="STATUS" operation="profile_load" profile="unconfined" name="/usr/bin/evince" pid=587 comm="apparmor_parser"
Nov 15 06:43:36 osboxes kernel: [   16.343386] audit: type=1400 audit(1636976615.828:7): apparmor="STATUS" operation="profile_load" profile="unconfined" name="/usr/bin/evince//sanitized_helper" pid=587 comm="apparmor_parser"
Nov 15 06:43:36 osboxes kernel: [   16.343387] audit: type=1400 audit(1636976615.828:8): apparmor="STATUS" operation="profile_load" profile="unconfined" name="/usr/bin/evince-previewer" pid=587 comm="apparmor_parser"
Nov 15 06:43:36 osboxes kernel: [   16.343388] audit: type=1400 audit(1636976615.828:9): apparmor="STATUS" operation="profile_load" profile="unconfined" name="/usr/bin/evince-previewer//sanitized_helper" pid=587 comm="apparmor_parser"
Nov 15 06:43:36 osboxes kernel: [   16.343389] audit: type=1400 audit(1636976615.828:10): apparmor="STATUS" operation="profile_load" profile="unconfined" name="/usr/bin/evince-thumbnailer" pid=587 comm="apparmor_parser"
Nov 15 06:43:36 osboxes kernel: [   16.348834] audit: type=1400 audit(1636976615.836:11): apparmor="STATUS" operation="profile_load" profile="unconfined" name="/usr/bin/man" pid=589 comm="apparmor_parser"
Nov 15 06:43:36 osboxes dbus-daemon[703]: dbus[703]: Unknown group "power" in message bus configuration file
Nov 15 06:43:36 osboxes dbus-daemon[703]: [system] AppArmor D-Bus mediation is enabled
Nov 15 06:43:36 osboxes dbus-daemon[703]: [system] Successfully activated service 'org.freedesktop.systemd1'
Nov 15 06:43:36 osboxes systemd[1]: Started Login Service.
Nov 15 06:43:36 osboxes systemd[1]: Starting WPA supplicant...
Nov 15 06:43:36 osboxes systemd[1]: Starting LSB: Speech Dispatcher...
Nov 15 06:43:36 osboxes systemd[1]: Started CUPS Scheduler.
Nov 15 06:43:36 osboxes systemd[1]: Starting LSB: Record successful boot for GRUB...
Nov 15 06:43:36 osboxes /usr/sbin/irqbalance: Balancing is ineffective on systems with a single cpu.  Shutting down
Nov 15 06:43:36 osboxes systemd[1]: Started irqbalance daemon.
Nov 15 06:43:36 osboxes systemd[1]: Starting Disk Manager...
Nov 15 06:43:36 osboxes systemd[1]: Starting LSB: automatic crash report generation...
Nov 15 06:43:36 osboxes systemd[1]: Starting Avahi mDNS/DNS-SD Stack...
Nov 15 06:43:36 osboxes systemd[1]: Reached target Login Prompts.
Nov 15 06:43:36 osboxes systemd[1]: Starting Detect the available GPUs and deal with any system changes...
Nov 15 06:43:36 osboxes avahi-daemon[733]: Found user 'avahi' (UID 115) and group 'avahi' (GID 120).
Nov 15 06:43:36 osboxes systemd[1]: Starting Dispatcher daemon for systemd-networkd...
Nov 15 06:43:36 osboxes avahi-daemon[733]: Successfully dropped root privileges.
Nov 15 06:43:36 osboxes avahi-daemon[733]: avahi-daemon 0.7 starting up.
Nov 15 06:43:36 osboxes systemd[1]: Starting Modem Manager...
Nov 15 06:43:36 osboxes avahi-daemon[733]: Successfully called chroot().
Nov 15 06:43:36 osboxes avahi-daemon[733]: Successfully dropped remaining capabilities.
Nov 15 06:43:36 osboxes udisksd[727]: udisks daemon version 2.7.6 starting
Nov 15 06:43:36 osboxes avahi-daemon[733]: No service file found in /etc/avahi/services.
Nov 15 06:43:36 osboxes systemd[1]: Starting Save/Restore Sound Card State...
Nov 15 06:43:36 osboxes systemd[1]: Starting Network Manager...
Nov 15 06:43:36 osboxes systemd[1]: Started ACPI event daemon.
Nov 15 06:43:36 osboxes systemd[1]: Starting Accounts Service...
Nov 15 06:43:36 osboxes avahi-daemon[733]: Joining mDNS multicast group on interface lo.IPv6 with address ::1.
Nov 15 06:43:36 osboxes avahi-daemon[733]: New relevant interface lo.IPv6 for mDNS.
Nov 15 06:43:36 osboxes avahi-daemon[733]: Joining mDNS multicast group on interface lo.IPv4 with address 127.0.0.1.
Nov 15 06:43:36 osboxes avahi-daemon[733]: New relevant interface lo.IPv4 for mDNS.
Nov 15 06:43:36 osboxes avahi-daemon[733]: Network interface enumeration completed.
Nov 15 06:43:36 osboxes avahi-daemon[733]: Registering new address record for ::1 on lo.*.
Nov 15 06:43:36 osboxes avahi-daemon[733]: Registering new address record for 127.0.0.1 on lo.IPv4.
Nov 15 06:43:36 osboxes systemd[1]: Started Regular background program processing daemon.
Nov 15 06:43:36 osboxes cron[756]: (CRON) INFO (pidfile fd = 3)
Nov 15 06:43:36 osboxes cron[756]: (CRON) INFO (Running @reboot jobs)
Nov 15 06:43:36 osboxes wpa_supplicant[718]: Successfully initialized wpa_supplicant
Nov 15 06:43:36 osboxes systemd[1]: Starting Restore /etc/resolv.conf if the system crashed before the ppp link was shut down...
Nov 15 06:43:36 osboxes acpid: starting up with netlink and the input layer
Nov 15 06:43:36 osboxes acpid: 8 rules loaded
Nov 15 06:43:36 osboxes acpid: waiting for events: event logging is off
Nov 15 06:43:36 osboxes systemd[1]: Started Run anacron jobs.
Nov 15 06:43:36 osboxes anacron[764]: Anacron 2.3 started on 2021-11-15
Nov 15 06:43:36 osboxes anacron[764]: Normal exit (0 jobs run)
Nov 15 06:43:36 osboxes systemd[1]: Starting Thermal Daemon Service...
Nov 15 06:43:36 osboxes systemd[1]: Starting Snap Daemon...
Nov 15 06:43:36 osboxes ModemManager[741]: <info>  ModemManager (version 1.10.0) starting in system bus...
Nov 15 06:43:36 osboxes systemd[1]: Started System Logging Service.
Nov 15 06:43:36 osboxes udisksd[727]: failed to load module mdraid: libbd_mdraid.so.2: cannot open shared object file: No such file or directory
Nov 15 06:43:36 osboxes systemd[1]: Started Restore /etc/resolv.conf if the system crashed before the ppp link was shut down.
Nov 15 06:43:36 osboxes dbus-daemon[703]: [system] Activating via systemd: service name='org.freedesktop.PolicyKit1' unit='polkit.service' requested by ':1.7' (uid=0 pid=741 comm="/usr/sbin/ModemManager --filter-policy=strict " label="unconfined")
Nov 15 06:43:36 osboxes udisksd[727]: Failed to load the 'mdraid' libblockdev plugin
Nov 15 06:43:36 osboxes systemd[1]: Started Detect the available GPUs and deal with any system changes.
Nov 15 06:43:36 osboxes systemd[1]: Started Save/Restore Sound Card State.
Nov 15 06:43:36 osboxes grub-common[721]:  * Recording successful boot for GRUB
Nov 15 06:43:36 osboxes speech-dispatcher[719]:  * speech-dispatcher disabled; edit /etc/default/speech-dispatcher
Nov 15 06:43:36 osboxes thermald[767]: NO RAPL sysfs present
Nov 15 06:43:36 osboxes thermald[767]: 22 CPUID levels; family:model:stepping 0x6:9e:a (6:158:10)
Nov 15 06:43:36 osboxes thermald[767]: Polling mode is enabled: 4
Nov 15 06:43:36 osboxes systemd[1]: Started LSB: Speech Dispatcher.
Nov 15 06:43:36 osboxes grub-common[721]:    ...done.
Nov 15 06:43:36 osboxes systemd[1]: Started LSB: Record successful boot for GRUB.
Nov 15 06:43:36 osboxes apport[729]:  * Starting automatic crash report generation: apport
Nov 15 06:43:36 osboxes thermald[767]: Thermal DTS: No coretemp sysfs found
Nov 15 06:43:36 osboxes systemd[1]: Started Avahi mDNS/DNS-SD Stack.
Nov 15 06:43:36 osboxes apport[729]:    ...done.
Nov 15 06:43:37 osboxes systemd[1]: Started LSB: automatic crash report generation.
Nov 15 06:43:37 osboxes thermald[767]: Thermal DTS or hwmon: No Zones present Need to configure manually
Nov 15 06:43:37 osboxes thermald[767]: No thermal sensors found
Nov 15 06:43:37 osboxes thermald[767]: THD engine start failed
Nov 15 06:43:37 osboxes systemd[1]: Started WPA supplicant.
Nov 15 06:43:37 osboxes systemd[1]: Started Thermal Daemon Service.
Nov 15 06:43:37 osboxes systemd[1]: Starting Authorization Manager...
Nov 15 06:43:37 osboxes NetworkManager[746]: <info>  [1636976617.0563] NetworkManager (version 1.10.6) is starting... (for the first time)
Nov 15 06:43:37 osboxes NetworkManager[746]: <info>  [1636976617.0566] Read config: /etc/NetworkManager/NetworkManager.conf (lib: 10-dns-resolved.conf, 20-connectivity-ubuntu.conf, no-mac-addr-change.conf) (run: 10-globally-managed-devices.conf) (etc: default-wifi-powersave-on.conf)
Nov 15 06:43:37 osboxes systemd[1]: Started Make remote CUPS printers available locally.
Nov 15 06:43:37 osboxes NetworkManager[746]: <info>  [1636976617.1139] manager[0x55d45aae3050]: monitoring kernel firmware directory '/lib/firmware'.
Nov 15 06:43:37 osboxes NetworkManager[746]: <info>  [1636976617.1140] monitoring ifupdown state file '/run/network/ifstate'.
Nov 15 06:43:37 osboxes dbus-daemon[703]: [system] Activating via systemd: service name='org.freedesktop.hostname1' unit='dbus-org.freedesktop.hostname1.service' requested by ':1.11' (uid=0 pid=746 comm="/usr/sbin/NetworkManager --no-daemon " label="unconfined")
Nov 15 06:43:37 osboxes systemd[1]: Starting Hostname Service...
Nov 15 06:43:37 osboxes polkitd[789]: started daemon version 0.105 using authority implementation `local' version `0.105'
Nov 15 06:43:37 osboxes dbus-daemon[703]: [system] Successfully activated service 'org.freedesktop.PolicyKit1'
Nov 15 06:43:37 osboxes systemd[1]: Started Authorization Manager.
Nov 15 06:43:37 osboxes accounts-daemon[752]: started daemon version 0.6.45
Nov 15 06:43:37 osboxes systemd[1]: Started Accounts Service.
Nov 15 06:43:37 osboxes dbus-daemon[703]: [system] Successfully activated service 'org.freedesktop.hostname1'
Nov 15 06:43:37 osboxes systemd[1]: Started Hostname Service.
Nov 15 06:43:37 osboxes NetworkManager[746]: <info>  [1636976617.2507] hostname: hostname: using hostnamed
Nov 15 06:43:37 osboxes NetworkManager[746]: <info>  [1636976617.2507] hostname: hostname changed from (none) to "osboxes"
Nov 15 06:43:37 osboxes NetworkManager[746]: <info>  [1636976617.2511] dns-mgr[0x55d45aad71a0]: init: dns=systemd-resolved, rc-manager=symlink, plugin=systemd-resolved
Nov 15 06:43:37 osboxes NetworkManager[746]: <info>  [1636976617.2516] manager[0x55d45aae3050]: rfkill: WiFi hardware radio set enabled
Nov 15 06:43:37 osboxes NetworkManager[746]: <info>  [1636976617.2516] manager[0x55d45aae3050]: rfkill: WWAN hardware radio set enabled
Nov 15 06:43:37 osboxes systemd[1]: Started Network Manager.
Nov 15 06:43:37 osboxes systemd[1]: Starting Network Manager Wait Online...
Nov 15 06:43:37 osboxes systemd[1]: Reached target Network.
Nov 15 06:43:37 osboxes dbus-daemon[703]: [system] Activating via systemd: service name='org.freedesktop.nm_dispatcher' unit='dbus-org.freedesktop.nm-dispatcher.service' requested by ':1.11' (uid=0 pid=746 comm="/usr/sbin/NetworkManager --no-daemon " label="unconfined")
Nov 15 06:43:37 osboxes avahi-daemon[733]: Server startup complete. Host name is osboxes.local. Local service cookie is 3118615659.
Nov 15 06:43:37 osboxes systemd[1]: Starting vsftpd FTP server...
Nov 15 06:43:37 osboxes systemd[1]: Started Unattended Upgrades Shutdown.
Nov 15 06:43:37 osboxes systemd[1]: Starting Permit User Sessions...
Nov 15 06:43:37 osboxes systemd[1]: Started vsftpd FTP server.
Nov 15 06:43:37 osboxes systemd[1]: Started Permit User Sessions.
Nov 15 06:43:37 osboxes systemd[1]: vsftpd.service: Main process exited, code=exited, status=2/INVALIDARGUMENT
Nov 15 06:43:37 osboxes systemd[1]: vsftpd.service: Failed with result 'exit-code'.
Nov 15 06:43:37 osboxes systemd[1]: Starting Network Manager Script Dispatcher Service...
Nov 15 06:43:37 osboxes systemd[1]: Starting Hold until boot process finishes up...
Nov 15 06:43:37 osboxes systemd[1]: Starting GNOME Display Manager...
Nov 15 06:43:37 osboxes systemd[1]: Started Modem Manager.
Nov 15 06:43:37 osboxes dbus-daemon[703]: [system] Successfully activated service 'org.freedesktop.nm_dispatcher'
Nov 15 06:43:37 osboxes systemd[1]: Started Network Manager Script Dispatcher Service.
Nov 15 06:43:37 osboxes NetworkManager[746]: <info>  [1636976617.5251] init!
Nov 15 06:43:37 osboxes NetworkManager[746]: <info>  [1636976617.5253]       interface-parser: parsing file /etc/network/interfaces
Nov 15 06:43:37 osboxes NetworkManager[746]: <info>  [1636976617.5253]       interface-parser: finished parsing file /etc/network/interfaces
Nov 15 06:43:37 osboxes NetworkManager[746]: <info>  [1636976617.5253] management mode: unmanaged
Nov 15 06:43:37 osboxes NetworkManager[746]: <info>  [1636976617.5258] devices added (path: /sys/devices/pci0000:00/0000:00:03.0/net/enp0s3, iface: enp0s3)
Nov 15 06:43:37 osboxes NetworkManager[746]: <info>  [1636976617.5258] device added (path: /sys/devices/pci0000:00/0000:00:03.0/net/enp0s3, iface: enp0s3): no ifupdown configuration found.
Nov 15 06:43:37 osboxes NetworkManager[746]: <info>  [1636976617.5258] devices added (path: /sys/devices/pci0000:00/0000:00:08.0/net/enp0s8, iface: enp0s8)
Nov 15 06:43:37 osboxes NetworkManager[746]: <info>  [1636976617.5258] device added (path: /sys/devices/pci0000:00/0000:00:08.0/net/enp0s8, iface: enp0s8): no ifupdown configuration found.
Nov 15 06:43:37 osboxes NetworkManager[746]: <info>  [1636976617.5258] devices added (path: /sys/devices/virtual/net/lo, iface: lo)
Nov 15 06:43:37 osboxes NetworkManager[746]: <info>  [1636976617.5258] device added (path: /sys/devices/virtual/net/lo, iface: lo): no ifupdown configuration found.
Nov 15 06:43:37 osboxes NetworkManager[746]: <info>  [1636976617.5259] end _init.
Nov 15 06:43:37 osboxes NetworkManager[746]: <info>  [1636976617.5259] settings: loaded plugin ifupdown: (C) 2008 Canonical Ltd.  To report bugs please use the NetworkManager mailing list. (/usr/lib/x86_64-linux-gnu/NetworkManager/libnm-settings-plugin-ifupdown.so)
Nov 15 06:43:37 osboxes NetworkManager[746]: <info>  [1636976617.5259] settings: loaded plugin keyfile: (c) 2007 - 2016 Red Hat, Inc.  To report bugs please use the NetworkManager mailing list.
Nov 15 06:43:37 osboxes NetworkManager[746]: <info>  [1636976617.5259] (1521629312) ... get_connections.
Nov 15 06:43:37 osboxes NetworkManager[746]: <info>  [1636976617.5259] (1521629312) ... get_connections (managed=false): return empty list.
Nov 15 06:43:37 osboxes NetworkManager[746]: <info>  [1636976617.5721] keyfile: new connection /etc/NetworkManager/system-connections/Wired connection 1 (ffb71176-0d00-3e9f-9bca-5121930e223e,"Wired connection 1")
Nov 15 06:43:37 osboxes systemd[1]: Started GNOME Display Manager.
Nov 15 06:43:37 osboxes NetworkManager[746]: <info>  [1636976617.6022] keyfile: new connection /etc/NetworkManager/system-connections/Wired connection 2 (aa48c55e-e27a-3231-953a-9b86dabfc748,"Wired connection 2")
Nov 15 06:43:37 osboxes NetworkManager[746]: <info>  [1636976617.6394] get unmanaged devices count: 0
Nov 15 06:43:37 osboxes NetworkManager[746]: <info>  [1636976617.6399] manager: rfkill: WiFi enabled by radio killswitch; enabled by state file
Nov 15 06:43:37 osboxes NetworkManager[746]: <info>  [1636976617.6400] manager: rfkill: WWAN enabled by radio killswitch; enabled by state file
Nov 15 06:43:37 osboxes NetworkManager[746]: <info>  [1636976617.6408] manager: Networking is enabled by state file
Nov 15 06:43:37 osboxes nm-dispatcher: req:1 'hostname': new request (1 scripts)
Nov 15 06:43:37 osboxes nm-dispatcher: req:1 'hostname': start running ordered scripts...
Nov 15 06:43:37 osboxes NetworkManager[746]: <info>  [1636976617.6450] dhcp-init: Using DHCP client 'dhclient'
Nov 15 06:43:37 osboxes NetworkManager[746]: <info>  [1636976617.6673] Loaded device plugin: NMBondDeviceFactory (internal)
Nov 15 06:43:37 osboxes NetworkManager[746]: <info>  [1636976617.6675] Loaded device plugin: NMBridgeDeviceFactory (internal)
Nov 15 06:43:37 osboxes NetworkManager[746]: <info>  [1636976617.6676] Loaded device plugin: NMDummyDeviceFactory (internal)
Nov 15 06:43:37 osboxes NetworkManager[746]: <info>  [1636976617.6682] Loaded device plugin: NMEthernetDeviceFactory (internal)
Nov 15 06:43:37 osboxes NetworkManager[746]: <info>  [1636976617.6684] Loaded device plugin: NMInfinibandDeviceFactory (internal)
Nov 15 06:43:37 osboxes NetworkManager[746]: <info>  [1636976617.6685] Loaded device plugin: NMIPTunnelDeviceFactory (internal)
Nov 15 06:43:37 osboxes NetworkManager[746]: <info>  [1636976617.6692] Loaded device plugin: NMMacsecDeviceFactory (internal)
Nov 15 06:43:37 osboxes NetworkManager[746]: <info>  [1636976617.6693] Loaded device plugin: NMMacvlanDeviceFactory (internal)
Nov 15 06:43:37 osboxes NetworkManager[746]: <info>  [1636976617.6694] Loaded device plugin: NMPppDeviceFactory (internal)
Nov 15 06:43:37 osboxes NetworkManager[746]: <info>  [1636976617.6716] Loaded device plugin: NMTunDeviceFactory (internal)
Nov 15 06:43:37 osboxes NetworkManager[746]: <info>  [1636976617.6717] Loaded device plugin: NMVethDeviceFactory (internal)
Nov 15 06:43:37 osboxes NetworkManager[746]: <info>  [1636976617.6718] Loaded device plugin: NMVlanDeviceFactory (internal)
Nov 15 06:43:37 osboxes NetworkManager[746]: <info>  [1636976617.6719] Loaded device plugin: NMVxlanDeviceFactory (internal)
Nov 15 06:43:37 osboxes NetworkManager[746]: <info>  [1636976617.6830] Loaded device plugin: NMAtmManager (/usr/lib/x86_64-linux-gnu/NetworkManager/libnm-device-plugin-adsl.so)
Nov 15 06:43:37 osboxes NetworkManager[746]: <info>  [1636976617.6896] Loaded device plugin: NMTeamFactory (/usr/lib/x86_64-linux-gnu/NetworkManager/libnm-device-plugin-team.so)
Nov 15 06:43:37 osboxes NetworkManager[746]: <info>  [1636976617.7289] Loaded device plugin: NMBluezManager (/usr/lib/x86_64-linux-gnu/NetworkManager/libnm-device-plugin-bluetooth.so)
Nov 15 06:43:37 osboxes NetworkManager[746]: <info>  [1636976617.7389] Loaded device plugin: NMWifiFactory (/usr/lib/x86_64-linux-gnu/NetworkManager/libnm-device-plugin-wifi.so)
Nov 15 06:43:37 osboxes NetworkManager[746]: <info>  [1636976617.7430] Loaded device plugin: NMWwanFactory (/usr/lib/x86_64-linux-gnu/NetworkManager/libnm-device-plugin-wwan.so)
Nov 15 06:43:37 osboxes NetworkManager[746]: <info>  [1636976617.7587] device (lo): carrier: link connected
Nov 15 06:43:37 osboxes NetworkManager[746]: <info>  [1636976617.7653] manager: (lo): new Generic device (/org/freedesktop/NetworkManager/Devices/1)
Nov 15 06:43:37 osboxes NetworkManager[746]: <info>  [1636976617.7951] manager: (enp0s3): new Ethernet device (/org/freedesktop/NetworkManager/Devices/2)
Nov 15 06:43:37 osboxes NetworkManager[746]: <info>  [1636976617.8043] device (enp0s3): state change: unmanaged -> unavailable (reason 'managed', sys-iface-state: 'external')
Nov 15 06:43:37 osboxes kernel: [   18.357313] e1000: enp0s3 NIC Link is Up 1000 Mbps Full Duplex, Flow Control: RX
Nov 15 06:43:37 osboxes kernel: [   18.386718] IPv6: ADDRCONF(NETDEV_CHANGE): enp0s3: link becomes ready
Nov 15 06:43:37 osboxes NetworkManager[746]: <info>  [1636976617.9259] device (enp0s3): carrier: link connected
Nov 15 06:43:37 osboxes NetworkManager[746]: <info>  [1636976617.9438] manager: (enp0s8): new Ethernet device (/org/freedesktop/NetworkManager/Devices/3)
Nov 15 06:43:37 osboxes NetworkManager[746]: <info>  [1636976617.9545] device (enp0s8): state change: unmanaged -> unavailable (reason 'managed', sys-iface-state: 'external')
Nov 15 06:43:37 osboxes systemd[1]: Started Disk Manager.
Nov 15 06:43:37 osboxes udisksd[727]: Acquired the name org.freedesktop.UDisks2 on the system message bus
Nov 15 06:43:38 osboxes kernel: [   18.529075] e1000: enp0s8 NIC Link is Up 1000 Mbps Full Duplex, Flow Control: RX
Nov 15 06:43:38 osboxes networkd-dispatcher[738]: WARNING: systemd-networkd is not running, output will be incomplete.
Nov 15 06:43:38 osboxes systemd[1]: Started Dispatcher daemon for systemd-networkd.
Nov 15 06:43:38 osboxes NetworkManager[746]: <info>  [1636976618.0971] device (enp0s8): carrier: link connected
Nov 15 06:43:38 osboxes NetworkManager[746]: <info>  [1636976618.1785] modem-manager: ModemManager available
Nov 15 06:43:38 osboxes NetworkManager[746]: <info>  [1636976618.2013] device (enp0s3): state change: unavailable -> disconnected (reason 'none', sys-iface-state: 'managed')
Nov 15 06:43:38 osboxes NetworkManager[746]: <info>  [1636976618.2627] device (enp0s8): state change: unavailable -> disconnected (reason 'none', sys-iface-state: 'managed')
Nov 15 06:43:38 osboxes NetworkManager[746]: <info>  [1636976618.2712] policy: auto-activating connection 'Wired connection 1'
Nov 15 06:43:38 osboxes NetworkManager[746]: <info>  [1636976618.2814] policy: auto-activating connection 'Wired connection 2'
Nov 15 06:43:38 osboxes NetworkManager[746]: <info>  [1636976618.2881] device (enp0s3): Activation: starting connection 'Wired connection 1' (ffb71176-0d00-3e9f-9bca-5121930e223e)
Nov 15 06:43:38 osboxes NetworkManager[746]: <info>  [1636976618.2951] device (enp0s8): Activation: starting connection 'Wired connection 2' (aa48c55e-e27a-3231-953a-9b86dabfc748)
Nov 15 06:43:38 osboxes NetworkManager[746]: <info>  [1636976618.2962] device (enp0s3): state change: disconnected -> prepare (reason 'none', sys-iface-state: 'managed')
Nov 15 06:43:38 osboxes NetworkManager[746]: <info>  [1636976618.2982] manager: NetworkManager state is now CONNECTING
Nov 15 06:43:38 osboxes NetworkManager[746]: <info>  [1636976618.2992] device (enp0s8): state change: disconnected -> prepare (reason 'none', sys-iface-state: 'managed')
Nov 15 06:43:38 osboxes NetworkManager[746]: <info>  [1636976618.3035] device (enp0s3): state change: prepare -> config (reason 'none', sys-iface-state: 'managed')
Nov 15 06:43:38 osboxes systemd[1]: Created slice User Slice of gdm.
Nov 15 06:43:38 osboxes NetworkManager[746]: <info>  [1636976618.3556] device (enp0s8): state change: prepare -> config (reason 'none', sys-iface-state: 'managed')
Nov 15 06:43:38 osboxes systemd[1]: Started Session c1 of user gdm.
Nov 15 06:43:38 osboxes systemd[1]: Starting User Manager for UID 121...
Nov 15 06:43:38 osboxes NetworkManager[746]: <info>  [1636976618.4037] device (enp0s3): state change: config -> ip-config (reason 'none', sys-iface-state: 'managed')
Nov 15 06:43:38 osboxes avahi-daemon[733]: Joining mDNS multicast group on interface enp0s3.IPv6 with address fe80::e788:e04f:cf41:31bf.
Nov 15 06:43:38 osboxes NetworkManager[746]: <info>  [1636976618.4578] device (enp0s8): state change: config -> ip-config (reason 'none', sys-iface-state: 'managed')
Nov 15 06:43:38 osboxes avahi-daemon[733]: New relevant interface enp0s3.IPv6 for mDNS.
Nov 15 06:43:38 osboxes avahi-daemon[733]: Registering new address record for fe80::e788:e04f:cf41:31bf on enp0s3.*.
Nov 15 06:43:38 osboxes avahi-daemon[733]: Joining mDNS multicast group on interface enp0s8.IPv6 with address fe80::a0c8:ce4f:af6e:5609.
Nov 15 06:43:38 osboxes avahi-daemon[733]: New relevant interface enp0s8.IPv6 for mDNS.
Nov 15 06:43:38 osboxes avahi-daemon[733]: Registering new address record for fe80::a0c8:ce4f:af6e:5609 on enp0s8.*.
Nov 15 06:43:38 osboxes NetworkManager[746]: <info>  [1636976618.5090] device (enp0s3): state change: ip-config -> ip-check (reason 'none', sys-iface-state: 'managed')
Nov 15 06:43:38 osboxes avahi-daemon[733]: Joining mDNS multicast group on interface enp0s3.IPv4 with address 10.0.2.10.
Nov 15 06:43:38 osboxes NetworkManager[746]: <info>  [1636976618.5389] device (enp0s8): state change: ip-config -> ip-check (reason 'none', sys-iface-state: 'managed')
Nov 15 06:43:38 osboxes NetworkManager[746]: <info>  [1636976618.5408] device (enp0s3): state change: ip-check -> secondaries (reason 'none', sys-iface-state: 'managed')
