Nov 15 07:15:42 osboxes kernel: [    0.000000] Linux version 5.0.0-23-generic (buildd@lgw01-amd64-030) (gcc version 7.4.0 (Ubuntu 7.4.0-1ubuntu1~18.04.1)) #24~18.04.1-Ubuntu SMP Mon Jul 29 16:12:28 UTC 2019 (Ubuntu 5.0.0-23.24~18.04.1-generic 5.0.15)
Nov 15 07:15:42 osboxes kernel: [    0.000000] Command line: BOOT_IMAGE=/vmlinuz-5.0.0-23-generic root=UUID=63146394-e834-4c15-8549-523cabc44f58 ro quiet splash
Nov 15 07:15:42 osboxes kernel: [    0.000000] KERNEL supported cpus:
Nov 15 07:15:42 osboxes kernel: [    0.000000]   Intel GenuineIntel
Nov 15 07:15:42 osboxes kernel: [    0.000000]   AMD AuthenticAMD
Nov 15 07:15:42 osboxes kernel: [    0.000000]   Hygon HygonGenuine
Nov 15 07:15:42 osboxes kernel: [    0.000000]   Centaur CentaurHauls
Nov 15 07:15:42 osboxes kernel: [    0.000000] x86/fpu: x87 FPU will use FXSAVE
Nov 15 07:15:42 osboxes kernel: [    0.000000] BIOS-provided physical RAM map:
Nov 15 07:15:42 osboxes kernel: [    0.000000] BIOS-e820: [mem 0x0000000000000000-0x000000000009fbff] usable
Nov 15 07:15:42 osboxes kernel: [    0.000000] BIOS-e820: [mem 0x000000000009fc00-0x000000000009ffff] reserved
Nov 15 07:15:42 osboxes kernel: [    0.000000] BIOS-e820: [mem 0x00000000000f0000-0x00000000000fffff] reserved
Nov 15 07:15:42 osboxes kernel: [    0.000000] BIOS-e820: [mem 0x0000000000100000-0x000000007ffeffff] usable
Nov 15 07:15:42 osboxes kernel: [    0.000000] BIOS-e820: [mem 0x000000007fff0000-0x000000007fffffff] ACPI data
Nov 15 07:15:42 osboxes kernel: [    0.000000] BIOS-e820: [mem 0x00000000fec00000-0x00000000fec00fff] reserved
Nov 15 07:15:42 osboxes kernel: [    0.000000] BIOS-e820: [mem 0x00000000fee00000-0x00000000fee00fff] reserved
Nov 15 07:15:42 osboxes kernel: [    0.000000] BIOS-e820: [mem 0x00000000fffc0000-0x00000000ffffffff] reserved
Nov 15 07:15:42 osboxes kernel: [    0.000000] NX (Execute Disable) protection: active
Nov 15 07:15:42 osboxes kernel: [    0.000000] SMBIOS 2.5 present.
Nov 15 07:15:42 osboxes kernel: [    0.000000] DMI: innotek GmbH VirtualBox/VirtualBox, BIOS VirtualBox 12/01/2006
Nov 15 07:15:42 osboxes kernel: [    0.000000] Hypervisor detected: KVM
Nov 15 07:15:42 osboxes kernel: [    0.000000] kvm-clock: Using msrs 4b564d01 and 4b564d00
Nov 15 07:15:42 osboxes kernel: [    0.000000] kvm-clock: cpu 0, msr 3b401001, primary cpu clock
Nov 15 07:15:42 osboxes kernel: [    0.000000] kvm-clock: using sched offset of 6712151491 cycles
Nov 15 07:15:42 osboxes kernel: [    0.000002] clocksource: kvm-clock: mask: 0xffffffffffffffff max_cycles: 0x1cd42e4dffb, max_idle_ns: 881590591483 ns
Nov 15 07:15:42 osboxes kernel: [    0.000004] tsc: Detected 2592.008 MHz processor
Nov 15 07:15:42 osboxes kernel: [    0.003652] e820: update [mem 0x00000000-0x00000fff] usable ==> reserved
Nov 15 07:15:42 osboxes kernel: [    0.003654] e820: remove [mem 0x000a0000-0x000fffff] usable
Nov 15 07:15:42 osboxes kernel: [    0.003657] last_pfn = 0x7fff0 max_arch_pfn = 0x400000000
Nov 15 07:15:42 osboxes kernel: [    0.003711] MTRR default type: uncachable
Nov 15 07:15:42 osboxes kernel: [    0.003712] MTRR fixed ranges disabled:
Nov 15 07:15:42 osboxes kernel: [    0.003713]   00000-FFFFF uncachable
Nov 15 07:15:42 osboxes kernel: [    0.003713] MTRR variable ranges disabled:
Nov 15 07:15:42 osboxes kernel: [    0.003714]   0 disabled
Nov 15 07:15:42 osboxes kernel: [    0.003714]   1 disabled
Nov 15 07:15:42 osboxes kernel: [    0.003714]   2 disabled
Nov 15 07:15:42 osboxes kernel: [    0.003714]   3 disabled
Nov 15 07:15:42 osboxes kernel: [    0.003715]   4 disabled
Nov 15 07:15:42 osboxes kernel: [    0.003715]   5 disabled
Nov 15 07:15:42 osboxes kernel: [    0.003715]   6 disabled
Nov 15 07:15:42 osboxes kernel: [    0.003715]   7 disabled
Nov 15 07:15:42 osboxes kernel: [    0.003720] Disabled
Nov 15 07:15:42 osboxes kernel: [    0.003720] x86/PAT: MTRRs disabled, skipping PAT initialization too.
Nov 15 07:15:42 osboxes kernel: [    0.003724] CPU MTRRs all blank - virtualized system.
Nov 15 07:15:42 osboxes kernel: [    0.003725] x86/PAT: Configuration [0-7]: WB  WT  UC- UC  WB  WT  UC- UC  
Nov 15 07:15:42 osboxes kernel: [    0.003774] found SMP MP-table at [mem 0x0009fff0-0x0009ffff]
Nov 15 07:15:42 osboxes kernel: [    0.034996] check: Scanning 1 areas for low memory corruption
Nov 15 07:15:42 osboxes kernel: [    0.035039] BRK [0x3b601000, 0x3b601fff] PGTABLE
Nov 15 07:15:42 osboxes kernel: [    0.035041] BRK [0x3b602000, 0x3b602fff] PGTABLE
Nov 15 07:15:42 osboxes kernel: [    0.035042] BRK [0x3b603000, 0x3b603fff] PGTABLE
Nov 15 07:15:42 osboxes kernel: [    0.035057] BRK [0x3b604000, 0x3b604fff] PGTABLE
Nov 15 07:15:42 osboxes kernel: [    0.035058] BRK [0x3b605000, 0x3b605fff] PGTABLE
Nov 15 07:15:42 osboxes kernel: [    0.035098] BRK [0x3b606000, 0x3b606fff] PGTABLE
Nov 15 07:15:42 osboxes kernel: [    0.035107] RAMDISK: [mem 0x3333b000-0x35994fff]
Nov 15 07:15:42 osboxes kernel: [    0.035147] ACPI: Early table checksum verification disabled
Nov 15 07:15:42 osboxes kernel: [    0.035165] ACPI: RSDP 0x00000000000E0000 000024 (v02 VBOX  )
Nov 15 07:15:42 osboxes kernel: [    0.035168] ACPI: XSDT 0x000000007FFF0030 00003C (v01 VBOX   VBOXXSDT 00000001 ASL  00000061)
Nov 15 07:15:42 osboxes kernel: [    0.035173] ACPI: FACP 0x000000007FFF00F0 0000F4 (v04 VBOX   VBOXFACP 00000001 ASL  00000061)
Nov 15 07:15:42 osboxes kernel: [    0.035177] ACPI: DSDT 0x000000007FFF0470 002325 (v02 VBOX   VBOXBIOS 00000002 INTL 20100528)
Nov 15 07:15:42 osboxes kernel: [    0.035180] ACPI: FACS 0x000000007FFF0200 000040
Nov 15 07:15:42 osboxes kernel: [    0.035182] ACPI: FACS 0x000000007FFF0200 000040
Nov 15 07:15:42 osboxes kernel: [    0.035185] ACPI: APIC 0x000000007FFF0240 000054 (v02 VBOX   VBOXAPIC 00000001 ASL  00000061)
Nov 15 07:15:42 osboxes kernel: [    0.035187] ACPI: SSDT 0x000000007FFF02A0 0001CC (v01 VBOX   VBOXCPUT 00000002 INTL 20100528)
Nov 15 07:15:42 osboxes kernel: [    0.035195] ACPI: Local APIC address 0xfee00000
Nov 15 07:15:42 osboxes kernel: [    0.036335] No NUMA configuration found
Nov 15 07:15:42 osboxes kernel: [    0.036336] Faking a node at [mem 0x0000000000000000-0x000000007ffeffff]
Nov 15 07:15:42 osboxes kernel: [    0.036342] NODE_DATA(0) allocated [mem 0x7ffc5000-0x7ffeffff]
Nov 15 07:15:42 osboxes kernel: [    0.036494] Zone ranges:
Nov 15 07:15:42 osboxes kernel: [    0.036494]   DMA      [mem 0x0000000000001000-0x0000000000ffffff]
Nov 15 07:15:42 osboxes kernel: [    0.036495]   DMA32    [mem 0x0000000001000000-0x000000007ffeffff]
Nov 15 07:15:42 osboxes kernel: [    0.036496]   Normal   empty
Nov 15 07:15:42 osboxes kernel: [    0.036497]   Device   empty
Nov 15 07:15:42 osboxes kernel: [    0.036497] Movable zone start for each node
Nov 15 07:15:42 osboxes kernel: [    0.036499] Early memory node ranges
Nov 15 07:15:42 osboxes kernel: [    0.036500]   node   0: [mem 0x0000000000001000-0x000000000009efff]
Nov 15 07:15:42 osboxes kernel: [    0.036501]   node   0: [mem 0x0000000000100000-0x000000007ffeffff]
Nov 15 07:15:42 osboxes kernel: [    0.036503] Zeroed struct page in unavailable ranges: 98 pages
Nov 15 07:15:42 osboxes kernel: [    0.036504] Initmem setup node 0 [mem 0x0000000000001000-0x000000007ffeffff]
Nov 15 07:15:42 osboxes kernel: [    0.036516] On node 0 totalpages: 524174
Nov 15 07:15:42 osboxes kernel: [    0.036518]   DMA zone: 64 pages used for memmap
Nov 15 07:15:42 osboxes kernel: [    0.036518]   DMA zone: 21 pages reserved
Nov 15 07:15:42 osboxes kernel: [    0.036519]   DMA zone: 3998 pages, LIFO batch:0
Nov 15 07:15:42 osboxes kernel: [    0.036583]   DMA32 zone: 8128 pages used for memmap
Nov 15 07:15:42 osboxes kernel: [    0.036583]   DMA32 zone: 520176 pages, LIFO batch:63
Nov 15 07:15:42 osboxes kernel: [    0.058687] ACPI: PM-Timer IO Port: 0x4008
Nov 15 07:15:42 osboxes kernel: [    0.058690] ACPI: Local APIC address 0xfee00000
Nov 15 07:15:42 osboxes kernel: [    0.059018] IOAPIC[0]: apic_id 1, version 32, address 0xfec00000, GSI 0-23
Nov 15 07:15:42 osboxes kernel: [    0.059021] ACPI: INT_SRC_OVR (bus 0 bus_irq 0 global_irq 2 dfl dfl)
Nov 15 07:15:42 osboxes kernel: [    0.059022] ACPI: INT_SRC_OVR (bus 0 bus_irq 9 global_irq 9 low level)
Nov 15 07:15:42 osboxes kernel: [    0.059024] ACPI: IRQ0 used by override.
Nov 15 07:15:42 osboxes kernel: [    0.059024] ACPI: IRQ9 used by override.
Nov 15 07:15:42 osboxes kernel: [    0.059026] Using ACPI (MADT) for SMP configuration information
Nov 15 07:15:42 osboxes kernel: [    0.059061] smpboot: Allowing 1 CPUs, 0 hotplug CPUs
Nov 15 07:15:42 osboxes kernel: [    0.059155] PM: Registered nosave memory: [mem 0x00000000-0x00000fff]
Nov 15 07:15:42 osboxes kernel: [    0.059156] PM: Registered nosave memory: [mem 0x0009f000-0x0009ffff]
Nov 15 07:15:42 osboxes kernel: [    0.059156] PM: Registered nosave memory: [mem 0x000a0000-0x000effff]
Nov 15 07:15:42 osboxes kernel: [    0.059157] PM: Registered nosave memory: [mem 0x000f0000-0x000fffff]
Nov 15 07:15:42 osboxes kernel: [    0.059158] [mem 0x80000000-0xfebfffff] available for PCI devices
Nov 15 07:15:42 osboxes kernel: [    0.059159] Booting paravirtualized kernel on KVM
Nov 15 07:15:42 osboxes kernel: [    0.059160] clocksource: refined-jiffies: mask: 0xffffffff max_cycles: 0xffffffff, max_idle_ns: 7645519600211568 ns
Nov 15 07:15:42 osboxes kernel: [    0.059167] random: get_random_bytes called from start_kernel+0x97/0x516 with crng_init=0
Nov 15 07:15:42 osboxes kernel: [    0.059170] setup_percpu: NR_CPUS:8192 nr_cpumask_bits:1 nr_cpu_ids:1 nr_node_ids:1
Nov 15 07:15:42 osboxes kernel: [    0.083724] percpu: Embedded 46 pages/cpu s151552 r8192 d28672 u2097152
Nov 15 07:15:42 osboxes kernel: [    0.083729] pcpu-alloc: s151552 r8192 d28672 u2097152 alloc=1*2097152
Nov 15 07:15:42 osboxes kernel: [    0.083730] pcpu-alloc: [0] 0 
Nov 15 07:15:42 osboxes kernel: [    0.083811] Built 1 zonelists, mobility grouping on.  Total pages: 515961
Nov 15 07:15:42 osboxes kernel: [    0.083812] Policy zone: DMA32
Nov 15 07:15:42 osboxes kernel: [    0.083813] Kernel command line: BOOT_IMAGE=/vmlinuz-5.0.0-23-generic root=UUID=63146394-e834-4c15-8549-523cabc44f58 ro quiet splash
Nov 15 07:15:42 osboxes kernel: [    0.083885] Calgary: detecting Calgary via BIOS EBDA area
Nov 15 07:15:42 osboxes kernel: [    0.083886] Calgary: Unable to locate Rio Grande table in EBDA - bailing!
Nov 15 07:15:42 osboxes kernel: [    0.087382] Memory: 1991084K/2096696K available (14339K kernel code, 2335K rwdata, 4312K rodata, 2584K init, 5196K bss, 105612K reserved, 0K cma-reserved)
Nov 15 07:15:42 osboxes kernel: [    0.088530] SLUB: HWalign=64, Order=0-3, MinObjects=0, CPUs=1, Nodes=1
Nov 15 07:15:42 osboxes kernel: [    0.088624] Kernel/User page tables isolation: enabled
Nov 15 07:15:42 osboxes kernel: [    0.088948] ftrace: allocating 41572 entries in 163 pages
Nov 15 07:15:42 osboxes kernel: [    0.110555] rcu: Hierarchical RCU implementation.
Nov 15 07:15:42 osboxes kernel: [    0.110556] rcu: 	RCU restricting CPUs from NR_CPUS=8192 to nr_cpu_ids=1.
Nov 15 07:15:42 osboxes kernel: [    0.110557] 	Tasks RCU enabled.
Nov 15 07:15:42 osboxes kernel: [    0.110558] rcu: RCU calculated value of scheduler-enlistment delay is 25 jiffies.
Nov 15 07:15:42 osboxes kernel: [    0.110558] rcu: Adjusting geometry for rcu_fanout_leaf=16, nr_cpu_ids=1
Nov 15 07:15:42 osboxes kernel: [    0.115033] NR_IRQS: 524544, nr_irqs: 256, preallocated irqs: 16
Nov 15 07:15:42 osboxes kernel: [    0.164547] Console: colour VGA+ 80x25
Nov 15 07:15:42 osboxes kernel: [    0.164550] printk: console [tty0] enabled
Nov 15 07:15:42 osboxes kernel: [    0.164592] ACPI: Core revision 20181213
Nov 15 07:15:42 osboxes kernel: [    0.164845] APIC: Switch to symmetric I/O mode setup
Nov 15 07:15:42 osboxes kernel: [    0.180888] ..TIMER: vector=0x30 apic1=0 pin1=2 apic2=-1 pin2=-1
Nov 15 07:15:42 osboxes kernel: [    0.181243] clocksource: tsc-early: mask: 0xffffffffffffffff max_cycles: 0x255cbea3061, max_idle_ns: 440795313801 ns
Nov 15 07:15:42 osboxes kernel: [    0.181257] Calibrating delay loop (skipped) preset value.. 5184.01 BogoMIPS (lpj=10368032)
Nov 15 07:15:42 osboxes kernel: [    0.181259] pid_max: default: 32768 minimum: 301
Nov 15 07:15:42 osboxes kernel: [    0.181308] LSM: Security Framework initializing
Nov 15 07:15:42 osboxes kernel: [    0.181332] Yama: becoming mindful.
Nov 15 07:15:42 osboxes kernel: [    0.181376] AppArmor: AppArmor initialized
Nov 15 07:15:42 osboxes kernel: [    0.192650] Dentry cache hash table entries: 262144 (order: 9, 2097152 bytes)
Nov 15 07:15:42 osboxes kernel: [    0.198301] Inode-cache hash table entries: 131072 (order: 8, 1048576 bytes)
Nov 15 07:15:42 osboxes kernel: [    0.198448] Mount-cache hash table entries: 4096 (order: 3, 32768 bytes)
Nov 15 07:15:42 osboxes kernel: [    0.198566] Mountpoint-cache hash table entries: 4096 (order: 3, 32768 bytes)
Nov 15 07:15:42 osboxes kernel: [    0.199646] mce: CPU supports 0 MCE banks
Nov 15 07:15:42 osboxes kernel: [    0.199731] Last level iTLB entries: 4KB 64, 2MB 8, 4MB 8
Nov 15 07:15:42 osboxes kernel: [    0.199732] Last level dTLB entries: 4KB 64, 2MB 0, 4MB 0, 1GB 4
Nov 15 07:15:42 osboxes kernel: [    0.199733] Spectre V2 : Mitigation: Full generic retpoline
Nov 15 07:15:42 osboxes kernel: [    0.199733] Spectre V2 : Spectre v2 / SpectreRSB mitigation: Filling RSB on context switch
Nov 15 07:15:42 osboxes kernel: [    0.199734] Speculative Store Bypass: Vulnerable
Nov 15 07:15:42 osboxes kernel: [    0.199772] MDS: Mitigation: Clear CPU buffers
Nov 15 07:15:42 osboxes kernel: [    0.205258] Freeing SMP alternatives memory: 36K
Nov 15 07:15:42 osboxes kernel: [    0.209244] APIC calibration not consistent with PM-Timer: 97ms instead of 100ms
Nov 15 07:15:42 osboxes kernel: [    0.209244] APIC delta adjusted to PM-Timer: 6347365 (6172312)
Nov 15 07:15:42 osboxes kernel: [    0.209244] smpboot: CPU0: Intel(R) Core(TM) i7-9750H CPU @ 2.60GHz (family: 0x6, model: 0x9e, stepping: 0xa)
Nov 15 07:15:42 osboxes kernel: [    0.209244] Performance Events: unsupported p6 CPU model 158 no PMU driver, software events only.
Nov 15 07:15:42 osboxes kernel: [    0.209244] rcu: Hierarchical SRCU implementation.
Nov 15 07:15:42 osboxes kernel: [    0.209244] NMI watchdog: Perf NMI watchdog permanently disabled
Nov 15 07:15:42 osboxes kernel: [    0.209244] smp: Bringing up secondary CPUs ...
Nov 15 07:15:42 osboxes kernel: [    0.209244] smp: Brought up 1 node, 1 CPU
Nov 15 07:15:42 osboxes kernel: [    0.209244] smpboot: Max logical packages: 1
Nov 15 07:15:42 osboxes kernel: [    0.209244] smpboot: Total of 1 processors activated (5184.01 BogoMIPS)
Nov 15 07:15:42 osboxes kernel: [    0.209244] devtmpfs: initialized
Nov 15 07:15:42 osboxes kernel: [    0.209244] x86/mm: Memory block size: 128MB
Nov 15 07:15:42 osboxes kernel: [    0.209670] clocksource: jiffies: mask: 0xffffffff max_cycles: 0xffffffff, max_idle_ns: 7645041785100000 ns
Nov 15 07:15:42 osboxes kernel: [    0.209673] futex hash table entries: 256 (order: 2, 16384 bytes)
Nov 15 07:15:42 osboxes kernel: [    0.209776] pinctrl core: initialized pinctrl subsystem
Nov 15 07:15:42 osboxes kernel: [    0.210162] RTC time: 12:15:25, date: 2021-11-15
Nov 15 07:15:42 osboxes kernel: [    0.210539] NET: Registered protocol family 16
Nov 15 07:15:42 osboxes kernel: [    0.210658] audit: initializing netlink subsys (disabled)
Nov 15 07:15:42 osboxes kernel: [    0.210975] EISA bus registered
Nov 15 07:15:42 osboxes kernel: [    0.210976] cpuidle: using governor ladder
Nov 15 07:15:42 osboxes kernel: [    0.210977] cpuidle: using governor menu
Nov 15 07:15:42 osboxes kernel: [    0.211018] ACPI: bus type PCI registered
Nov 15 07:15:42 osboxes kernel: [    0.211019] acpiphp: ACPI Hot Plug PCI Controller Driver version: 0.5
Nov 15 07:15:42 osboxes kernel: [    0.211425] PCI: Using configuration type 1 for base access
Nov 15 07:15:42 osboxes kernel: [    0.213205] audit: type=2000 audit(1636978533.502:1): state=initialized audit_enabled=0 res=1
Nov 15 07:15:42 osboxes kernel: [    0.213600] HugeTLB registered 2.00 MiB page size, pre-allocated 0 pages
Nov 15 07:15:42 osboxes kernel: [    0.214422] ACPI: Added _OSI(Module Device)
Nov 15 07:15:42 osboxes kernel: [    0.214423] ACPI: Added _OSI(Processor Device)
Nov 15 07:15:42 osboxes kernel: [    0.214423] ACPI: Added _OSI(3.0 _SCP Extensions)
Nov 15 07:15:42 osboxes kernel: [    0.214424] ACPI: Added _OSI(Processor Aggregator Device)
Nov 15 07:15:42 osboxes kernel: [    0.214425] ACPI: Added _OSI(Linux-Dell-Video)
Nov 15 07:15:42 osboxes kernel: [    0.214426] ACPI: Added _OSI(Linux-Lenovo-NV-HDMI-Audio)
Nov 15 07:15:42 osboxes kernel: [    0.214427] ACPI: Added _OSI(Linux-HPI-Hybrid-Graphics)
Nov 15 07:15:42 osboxes kernel: [    0.219068] ACPI: 2 ACPI AML tables successfully acquired and loaded
Nov 15 07:15:42 osboxes kernel: [    0.221244] ACPI: Interpreter enabled
Nov 15 07:15:42 osboxes kernel: [    0.221244] ACPI: (supports S0 S5)
Nov 15 07:15:42 osboxes kernel: [    0.221244] ACPI: Using IOAPIC for interrupt routing
Nov 15 07:15:42 osboxes kernel: [    0.221505] PCI: Using host bridge windows from ACPI; if necessary, use "pci=nocrs" and report a bug
Nov 15 07:15:42 osboxes kernel: [    0.221624] ACPI: Enabled 2 GPEs in block 00 to 07
Nov 15 07:15:42 osboxes kernel: [    0.228165] ACPI: PCI Root Bridge [PCI0] (domain 0000 [bus 00-ff])
Nov 15 07:15:42 osboxes kernel: [    0.228168] acpi PNP0A03:00: _OSC: OS supports [ASPM ClockPM Segments MSI]
Nov 15 07:15:42 osboxes kernel: [    0.228818] acpi PNP0A03:00: _OSC: not requesting OS control; OS requires [ExtendedConfig ASPM ClockPM MSI]
Nov 15 07:15:42 osboxes kernel: [    0.228825] acpi PNP0A03:00: fail to add MMCONFIG information, can't access extended PCI configuration space under this bridge.
Nov 15 07:15:42 osboxes kernel: [    0.229360] PCI host bridge to bus 0000:00
Nov 15 07:15:42 osboxes kernel: [    0.229361] pci_bus 0000:00: root bus resource [io  0x0000-0x0cf7 window]
Nov 15 07:15:42 osboxes kernel: [    0.229362] pci_bus 0000:00: root bus resource [io  0x0d00-0xffff window]
Nov 15 07:15:42 osboxes kernel: [    0.229363] pci_bus 0000:00: root bus resource [mem 0x000a0000-0x000bffff window]
Nov 15 07:15:42 osboxes kernel: [    0.229364] pci_bus 0000:00: root bus resource [mem 0x80000000-0xfdffffff window]
Nov 15 07:15:42 osboxes kernel: [    0.229365] pci_bus 0000:00: root bus resource [bus 00-ff]
Nov 15 07:15:42 osboxes kernel: [    0.229440] pci 0000:00:00.0: [8086:1237] type 00 class 0x060000
Nov 15 07:15:42 osboxes kernel: [    0.232845] pci 0000:00:01.0: [8086:7000] type 00 class 0x060100
Nov 15 07:15:42 osboxes kernel: [    0.234253] pci 0000:00:01.1: [8086:7111] type 00 class 0x01018a
Nov 15 07:15:42 osboxes kernel: [    0.234968] pci 0000:00:01.1: reg 0x20: [io  0xd000-0xd00f]
Nov 15 07:15:42 osboxes kernel: [    0.235270] pci 0000:00:01.1: legacy IDE quirk: reg 0x10: [io  0x01f0-0x01f7]
Nov 15 07:15:42 osboxes kernel: [    0.235271] pci 0000:00:01.1: legacy IDE quirk: reg 0x14: [io  0x03f6]
Nov 15 07:15:42 osboxes kernel: [    0.235272] pci 0000:00:01.1: legacy IDE quirk: reg 0x18: [io  0x0170-0x0177]
Nov 15 07:15:42 osboxes kernel: [    0.235273] pci 0000:00:01.1: legacy IDE quirk: reg 0x1c: [io  0x0376]
Nov 15 07:15:42 osboxes kernel: [    0.237946] pci 0000:00:02.0: [15ad:0405] type 00 class 0x030000
Nov 15 07:15:42 osboxes kernel: [    0.245253] pci 0000:00:02.0: reg 0x10: [io  0xd010-0xd01f]
Nov 15 07:15:42 osboxes kernel: [    0.253253] pci 0000:00:02.0: reg 0x14: [mem 0xe0000000-0xe1ffffff pref]
Nov 15 07:15:42 osboxes kernel: [    0.257253] pci 0000:00:02.0: reg 0x18: [mem 0xf0000000-0xf01fffff]
Nov 15 07:15:42 osboxes kernel: [    0.294376] pci 0000:00:03.0: [8086:100e] type 00 class 0x020000
Nov 15 07:15:42 osboxes kernel: [    0.294796] pci 0000:00:03.0: reg 0x10: [mem 0xf0200000-0xf021ffff]
Nov 15 07:15:42 osboxes kernel: [    0.295106] pci 0000:00:03.0: reg 0x18: [io  0xd020-0xd027]
Nov 15 07:15:42 osboxes kernel: [    0.305617] pci 0000:00:04.0: [80ee:cafe] type 00 class 0x088000
Nov 15 07:15:42 osboxes kernel: [    0.306002] pci 0000:00:04.0: reg 0x10: [io  0xd040-0xd05f]
Nov 15 07:15:42 osboxes kernel: [    0.306193] pci 0000:00:04.0: reg 0x14: [mem 0xf0400000-0xf07fffff]
Nov 15 07:15:42 osboxes kernel: [    0.306364] pci 0000:00:04.0: reg 0x18: [mem 0xf0800000-0xf0803fff pref]
Nov 15 07:15:42 osboxes kernel: [    0.313788] pci 0000:00:05.0: [8086:2415] type 00 class 0x040100
Nov 15 07:15:42 osboxes kernel: [    0.314076] pci 0000:00:05.0: reg 0x10: [io  0xd100-0xd1ff]
Nov 15 07:15:42 osboxes kernel: [    0.314202] pci 0000:00:05.0: reg 0x14: [io  0xd200-0xd23f]
Nov 15 07:15:42 osboxes kernel: [    0.319279] pci 0000:00:06.0: [106b:003f] type 00 class 0x0c0310
Nov 15 07:15:42 osboxes kernel: [    0.321494] pci 0000:00:06.0: reg 0x10: [mem 0xf0804000-0xf0804fff]
Nov 15 07:15:42 osboxes kernel: [    0.327289] pci 0000:00:07.0: [8086:7113] type 00 class 0x068000
Nov 15 07:15:42 osboxes kernel: [    0.330298] pci 0000:00:07.0: quirk: [io  0x4000-0x403f] claimed by PIIX4 ACPI
Nov 15 07:15:42 osboxes kernel: [    0.330318] pci 0000:00:07.0: quirk: [io  0x4100-0x410f] claimed by PIIX4 SMB
Nov 15 07:15:42 osboxes kernel: [    0.349869] pci 0000:00:0b.0: [8086:265c] type 00 class 0x0c0320
Nov 15 07:15:42 osboxes kernel: [    0.350169] pci 0000:00:0b.0: reg 0x10: [mem 0xf0805000-0xf0805fff]
Nov 15 07:15:42 osboxes kernel: [    0.362207] pci 0000:00:0d.0: [8086:2829] type 00 class 0x010601
Nov 15 07:15:42 osboxes kernel: [    0.362543] pci 0000:00:0d.0: reg 0x10: [io  0xd240-0xd247]
Nov 15 07:15:42 osboxes kernel: [    0.362697] pci 0000:00:0d.0: reg 0x14: [io  0xd248-0xd24b]
Nov 15 07:15:42 osboxes kernel: [    0.362851] pci 0000:00:0d.0: reg 0x18: [io  0xd250-0xd257]
Nov 15 07:15:42 osboxes kernel: [    0.363005] pci 0000:00:0d.0: reg 0x1c: [io  0xd258-0xd25b]
Nov 15 07:15:42 osboxes kernel: [    0.363161] pci 0000:00:0d.0: reg 0x20: [io  0xd260-0xd26f]
Nov 15 07:15:42 osboxes kernel: [    0.363315] pci 0000:00:0d.0: reg 0x24: [mem 0xf0806000-0xf0807fff]
Nov 15 07:15:42 osboxes kernel: [    0.446101] ACPI: PCI Interrupt Link [LNKA] (IRQs 5 9 10 *11)
Nov 15 07:15:42 osboxes kernel: [    0.446522] ACPI: PCI Interrupt Link [LNKB] (IRQs 5 9 *10 11)
Nov 15 07:15:42 osboxes kernel: [    0.446671] ACPI: PCI Interrupt Link [LNKC] (IRQs 5 *9 10 11)
Nov 15 07:15:42 osboxes kernel: [    0.446819] ACPI: PCI Interrupt Link [LNKD] (IRQs 5 9 10 *11)
Nov 15 07:15:42 osboxes kernel: [    0.449366] SCSI subsystem initialized
Nov 15 07:15:42 osboxes kernel: [    0.449486] libata version 3.00 loaded.
Nov 15 07:15:42 osboxes kernel: [    0.449565] pci 0000:00:02.0: vgaarb: setting as boot VGA device
Nov 15 07:15:42 osboxes kernel: [    0.449566] pci 0000:00:02.0: vgaarb: VGA device added: decodes=io+mem,owns=io+mem,locks=none
Nov 15 07:15:42 osboxes kernel: [    0.449568] pci 0000:00:02.0: vgaarb: bridge control possible
Nov 15 07:15:42 osboxes kernel: [    0.449568] vgaarb: loaded
Nov 15 07:15:42 osboxes kernel: [    0.449582] ACPI: bus type USB registered
Nov 15 07:15:42 osboxes kernel: [    0.449611] usbcore: registered new interface driver usbfs
Nov 15 07:15:42 osboxes kernel: [    0.449615] usbcore: registered new interface driver hub
Nov 15 07:15:42 osboxes kernel: [    0.449623] usbcore: registered new device driver usb
Nov 15 07:15:42 osboxes kernel: [    0.449723] pps_core: LinuxPPS API ver. 1 registered
Nov 15 07:15:42 osboxes kernel: [    0.449723] pps_core: Software ver. 5.3.6 - Copyright 2005-2007 Rodolfo Giometti <giometti@linux.it>
Nov 15 07:15:42 osboxes kernel: [    0.449725] PTP clock support registered
Nov 15 07:15:42 osboxes kernel: [    0.449842] EDAC MC: Ver: 3.0.0
Nov 15 07:15:42 osboxes kernel: [    0.450784] PCI: Using ACPI for IRQ routing
Nov 15 07:15:42 osboxes kernel: [    0.450785] PCI: pci_cache_line_size set to 64 bytes
Nov 15 07:15:42 osboxes kernel: [    0.451187] e820: reserve RAM buffer [mem 0x0009fc00-0x0009ffff]
Nov 15 07:15:42 osboxes kernel: [    0.451188] e820: reserve RAM buffer [mem 0x7fff0000-0x7fffffff]
Nov 15 07:15:42 osboxes kernel: [    0.451434] NetLabel: Initializing
Nov 15 07:15:42 osboxes kernel: [    0.451435] NetLabel:  domain hash size = 128
Nov 15 07:15:42 osboxes kernel: [    0.451435] NetLabel:  protocols = UNLABELED CIPSOv4 CALIPSO
Nov 15 07:15:42 osboxes kernel: [    0.451446] NetLabel:  unlabeled traffic allowed by default
Nov 15 07:15:42 osboxes kernel: [    0.457472] clocksource: Switched to clocksource kvm-clock
Nov 15 07:15:42 osboxes kernel: [    0.512899] VFS: Disk quotas dquot_6.6.0
Nov 15 07:15:42 osboxes kernel: [    0.512927] VFS: Dquot-cache hash table entries: 512 (order 0, 4096 bytes)
Nov 15 07:15:42 osboxes kernel: [    0.513245] AppArmor: AppArmor Filesystem Enabled
Nov 15 07:15:42 osboxes kernel: [    0.513296] pnp: PnP ACPI init
Nov 15 07:15:42 osboxes kernel: [    0.513536] pnp 00:00: Plug and Play ACPI device, IDs PNP0303 (active)
Nov 15 07:15:42 osboxes kernel: [    0.513647] pnp 00:01: Plug and Play ACPI device, IDs PNP0f03 (active)
Nov 15 07:15:42 osboxes kernel: [    0.514573] pnp: PnP ACPI: found 2 devices
Nov 15 07:15:42 osboxes kernel: [    0.522157] clocksource: acpi_pm: mask: 0xffffff max_cycles: 0xffffff, max_idle_ns: 2085701024 ns
Nov 15 07:15:42 osboxes kernel: [    0.522166] pci_bus 0000:00: resource 4 [io  0x0000-0x0cf7 window]
Nov 15 07:15:42 osboxes kernel: [    0.522167] pci_bus 0000:00: resource 5 [io  0x0d00-0xffff window]
Nov 15 07:15:42 osboxes kernel: [    0.522168] pci_bus 0000:00: resource 6 [mem 0x000a0000-0x000bffff window]
Nov 15 07:15:42 osboxes kernel: [    0.522169] pci_bus 0000:00: resource 7 [mem 0x80000000-0xfdffffff window]
Nov 15 07:15:42 osboxes kernel: [    0.522248] NET: Registered protocol family 2
Nov 15 07:15:42 osboxes kernel: [    0.522581] tcp_listen_portaddr_hash hash table entries: 1024 (order: 2, 16384 bytes)
Nov 15 07:15:42 osboxes kernel: [    0.522645] TCP established hash table entries: 16384 (order: 5, 131072 bytes)
Nov 15 07:15:42 osboxes kernel: [    0.523107] TCP bind hash table entries: 16384 (order: 6, 262144 bytes)
Nov 15 07:15:42 osboxes kernel: [    0.524049] TCP: Hash tables configured (established 16384 bind 16384)
Nov 15 07:15:42 osboxes kernel: [    0.524560] UDP hash table entries: 1024 (order: 3, 32768 bytes)
Nov 15 07:15:42 osboxes kernel: [    0.524686] UDP-Lite hash table entries: 1024 (order: 3, 32768 bytes)
Nov 15 07:15:42 osboxes kernel: [    0.524878] NET: Registered protocol family 1
Nov 15 07:15:42 osboxes kernel: [    0.524892] NET: Registered protocol family 44
Nov 15 07:15:42 osboxes kernel: [    0.524918] pci 0000:00:00.0: Limiting direct PCI/PCI transfers
Nov 15 07:15:42 osboxes kernel: [    0.524939] pci 0000:00:01.0: Activating ISA DMA hang workarounds
Nov 15 07:15:42 osboxes kernel: [    0.525032] pci 0000:00:02.0: Video device with shadowed ROM at [mem 0x000c0000-0x000dffff]
Nov 15 07:15:42 osboxes kernel: [    0.531690] PCI: CLS 0 bytes, default 64
Nov 15 07:15:42 osboxes kernel: [    0.531761] Unpacking initramfs...
Nov 15 07:15:42 osboxes kernel: [    1.566753] Freeing initrd memory: 39272K
Nov 15 07:15:42 osboxes kernel: [    1.566914] clocksource: tsc: mask: 0xffffffffffffffff max_cycles: 0x255cbea3061, max_idle_ns: 440795313801 ns
Nov 15 07:15:42 osboxes kernel: [    1.566942] platform rtc_cmos: registered platform RTC device (no PNP device found)
Nov 15 07:15:42 osboxes kernel: [    1.566997] check: Scanning for low memory corruption every 60 seconds
Nov 15 07:15:42 osboxes kernel: [    1.568623] Initialise system trusted keyrings
Nov 15 07:15:42 osboxes kernel: [    1.568628] Key type blacklist registered
Nov 15 07:15:42 osboxes kernel: [    1.568677] workingset: timestamp_bits=36 max_order=19 bucket_order=0
Nov 15 07:15:42 osboxes kernel: [    1.571739] zbud: loaded
Nov 15 07:15:42 osboxes kernel: [    1.573102] squashfs: version 4.0 (2009/01/31) Phillip Lougher
Nov 15 07:15:42 osboxes kernel: [    1.573778] fuse init (API version 7.28)
Nov 15 07:15:42 osboxes kernel: [    1.606704] Key type asymmetric registered
Nov 15 07:15:42 osboxes kernel: [    1.606705] Asymmetric key parser 'x509' registered
Nov 15 07:15:42 osboxes kernel: [    1.606716] Block layer SCSI generic (bsg) driver version 0.4 loaded (major 243)
Nov 15 07:15:42 osboxes kernel: [    1.606732] io scheduler mq-deadline registered
Nov 15 07:15:42 osboxes kernel: [    1.606998] shpchp: Standard Hot Plug PCI Controller Driver version: 0.4
Nov 15 07:15:42 osboxes kernel: [    1.607067] intel_idle: Please enable MWAIT in BIOS SETUP
Nov 15 07:15:42 osboxes kernel: [    1.607215] ACPI: AC Adapter [AC] (on-line)
Nov 15 07:15:42 osboxes kernel: [    1.607247] input: Power Button as /devices/LNXSYSTM:00/LNXPWRBN:00/input/input0
Nov 15 07:15:42 osboxes kernel: [    1.607255] ACPI: Power Button [PWRF]
Nov 15 07:15:42 osboxes kernel: [    1.607316] input: Sleep Button as /devices/LNXSYSTM:00/LNXSLPBN:00/input/input1
Nov 15 07:15:42 osboxes kernel: [    1.607320] ACPI: Sleep Button [SLPF]
Nov 15 07:15:42 osboxes kernel: [    1.608495] battery: ACPI: Battery Slot [BAT0] (battery present)
Nov 15 07:15:42 osboxes kernel: [    1.608521] Serial: 8250/16550 driver, 32 ports, IRQ sharing enabled
Nov 15 07:15:42 osboxes kernel: [    1.613681] Linux agpgart interface v0.103
Nov 15 07:15:42 osboxes kernel: [    1.622775] loop: module loaded
Nov 15 07:15:42 osboxes kernel: [    1.622960] ata_piix 0000:00:01.1: version 2.13
Nov 15 07:15:42 osboxes kernel: [    1.624280] scsi host0: ata_piix
Nov 15 07:15:42 osboxes kernel: [    1.624340] scsi host1: ata_piix
Nov 15 07:15:42 osboxes kernel: [    1.624360] ata1: PATA max UDMA/33 cmd 0x1f0 ctl 0x3f6 bmdma 0xd000 irq 14
Nov 15 07:15:42 osboxes kernel: [    1.624360] ata2: PATA max UDMA/33 cmd 0x170 ctl 0x376 bmdma 0xd008 irq 15
Nov 15 07:15:42 osboxes kernel: [    1.624408] libphy: Fixed MDIO Bus: probed
Nov 15 07:15:42 osboxes kernel: [    1.624409] tun: Universal TUN/TAP device driver, 1.6
Nov 15 07:15:42 osboxes kernel: [    1.624936] PPP generic driver version 2.4.2
Nov 15 07:15:42 osboxes kernel: [    1.624962] ehci_hcd: USB 2.0 'Enhanced' Host Controller (EHCI) Driver
Nov 15 07:15:42 osboxes kernel: [    1.624963] ehci-pci: EHCI PCI platform driver
Nov 15 07:15:42 osboxes kernel: [    1.625921] ehci-pci 0000:00:0b.0: EHCI Host Controller
Nov 15 07:15:42 osboxes kernel: [    1.625959] ehci-pci 0000:00:0b.0: new USB bus registered, assigned bus number 1
Nov 15 07:15:42 osboxes kernel: [    1.629149] ehci-pci 0000:00:0b.0: irq 19, io mem 0xf0805000
Nov 15 07:15:42 osboxes kernel: [    1.645834] ehci-pci 0000:00:0b.0: USB 2.0 started, EHCI 1.00
Nov 15 07:15:42 osboxes kernel: [    1.645947] usb usb1: New USB device found, idVendor=1d6b, idProduct=0002, bcdDevice= 5.00
Nov 15 07:15:42 osboxes kernel: [    1.645948] usb usb1: New USB device strings: Mfr=3, Product=2, SerialNumber=1
Nov 15 07:15:42 osboxes kernel: [    1.645949] usb usb1: Product: EHCI Host Controller
Nov 15 07:15:42 osboxes kernel: [    1.645950] usb usb1: Manufacturer: Linux 5.0.0-23-generic ehci_hcd
Nov 15 07:15:42 osboxes kernel: [    1.645951] usb usb1: SerialNumber: 0000:00:0b.0
Nov 15 07:15:42 osboxes kernel: [    1.646023] hub 1-0:1.0: USB hub found
Nov 15 07:15:42 osboxes kernel: [    1.646026] hub 1-0:1.0: 12 ports detected
Nov 15 07:15:42 osboxes kernel: [    1.646636] ehci-platform: EHCI generic platform driver
Nov 15 07:15:42 osboxes kernel: [    1.646646] ohci_hcd: USB 1.1 'Open' Host Controller (OHCI) Driver
Nov 15 07:15:42 osboxes kernel: [    1.646648] ohci-pci: OHCI PCI platform driver
Nov 15 07:15:42 osboxes kernel: [    1.647633] ohci-pci 0000:00:06.0: OHCI PCI host controller
Nov 15 07:15:42 osboxes kernel: [    1.647640] ohci-pci 0000:00:06.0: new USB bus registered, assigned bus number 2
Nov 15 07:15:42 osboxes kernel: [    1.648145] ohci-pci 0000:00:06.0: irq 22, io mem 0xf0804000
Nov 15 07:15:42 osboxes kernel: [    1.708062] usb usb2: New USB device found, idVendor=1d6b, idProduct=0001, bcdDevice= 5.00
Nov 15 07:15:42 osboxes kernel: [    1.708063] usb usb2: New USB device strings: Mfr=3, Product=2, SerialNumber=1
Nov 15 07:15:42 osboxes kernel: [    1.708064] usb usb2: Product: OHCI PCI host controller
Nov 15 07:15:42 osboxes kernel: [    1.708065] usb usb2: Manufacturer: Linux 5.0.0-23-generic ohci_hcd
Nov 15 07:15:42 osboxes kernel: [    1.708066] usb usb2: SerialNumber: 0000:00:06.0
Nov 15 07:15:42 osboxes kernel: [    1.708145] hub 2-0:1.0: USB hub found
Nov 15 07:15:42 osboxes kernel: [    1.708217] hub 2-0:1.0: 12 ports detected
Nov 15 07:15:42 osboxes kernel: [    1.709307] ohci-platform: OHCI generic platform driver
Nov 15 07:15:42 osboxes kernel: [    1.709318] uhci_hcd: USB Universal Host Controller Interface driver
Nov 15 07:15:42 osboxes kernel: [    1.709356] i8042: PNP: PS/2 Controller [PNP0303:PS2K,PNP0f03:PS2M] at 0x60,0x64 irq 1,12
Nov 15 07:15:42 osboxes kernel: [    1.711875] serio: i8042 KBD port at 0x60,0x64 irq 1
Nov 15 07:15:42 osboxes kernel: [    1.711897] serio: i8042 AUX port at 0x60,0x64 irq 12
Nov 15 07:15:42 osboxes kernel: [    1.711944] mousedev: PS/2 mouse device common for all mice
Nov 15 07:15:42 osboxes kernel: [    1.713644] input: AT Translated Set 2 keyboard as /devices/platform/i8042/serio0/input/input2
Nov 15 07:15:42 osboxes kernel: [    1.715424] rtc_cmos rtc_cmos: registered as rtc0
Nov 15 07:15:42 osboxes kernel: [    1.715435] rtc_cmos rtc_cmos: alarms up to one day, 114 bytes nvram
Nov 15 07:15:42 osboxes kernel: [    1.715440] i2c /dev entries driver
Nov 15 07:15:42 osboxes kernel: [    1.715513] device-mapper: uevent: version 1.0.3
Nov 15 07:15:42 osboxes kernel: [    1.715548] device-mapper: ioctl: 4.39.0-ioctl (2018-04-03) initialised: dm-devel@redhat.com
Nov 15 07:15:42 osboxes kernel: [    1.715563] platform eisa.0: Probing EISA bus 0
Nov 15 07:15:42 osboxes kernel: [    1.715564] platform eisa.0: EISA: Cannot allocate resource for mainboard
Nov 15 07:15:42 osboxes kernel: [    1.715565] platform eisa.0: Cannot allocate resource for EISA slot 1
Nov 15 07:15:42 osboxes kernel: [    1.715566] platform eisa.0: Cannot allocate resource for EISA slot 2
Nov 15 07:15:42 osboxes kernel: [    1.715567] platform eisa.0: Cannot allocate resource for EISA slot 3
Nov 15 07:15:42 osboxes kernel: [    1.715567] platform eisa.0: Cannot allocate resource for EISA slot 4
Nov 15 07:15:42 osboxes kernel: [    1.715568] platform eisa.0: Cannot allocate resource for EISA slot 5
Nov 15 07:15:42 osboxes kernel: [    1.715569] platform eisa.0: Cannot allocate resource for EISA slot 6
Nov 15 07:15:42 osboxes kernel: [    1.715570] platform eisa.0: Cannot allocate resource for EISA slot 7
Nov 15 07:15:42 osboxes kernel: [    1.715570] platform eisa.0: Cannot allocate resource for EISA slot 8
Nov 15 07:15:42 osboxes kernel: [    1.715571] platform eisa.0: EISA: Detected 0 cards
Nov 15 07:15:42 osboxes kernel: [    1.715579] ledtrig-cpu: registered to indicate activity on CPUs
Nov 15 07:15:42 osboxes kernel: [    1.715930] NET: Registered protocol family 10
Nov 15 07:15:42 osboxes kernel: [    1.720994] Segment Routing with IPv6
Nov 15 07:15:42 osboxes kernel: [    1.721010] NET: Registered protocol family 17
Nov 15 07:15:42 osboxes kernel: [    1.721032] Key type dns_resolver registered
Nov 15 07:15:42 osboxes kernel: [    1.721210] RAS: Correctable Errors collector initialized.
Nov 15 07:15:42 osboxes kernel: [    1.721217] sched_clock: Marking stable (1667740020, 49920881)->(1909365716, -191704815)
Nov 15 07:15:42 osboxes kernel: [    1.721567] registered taskstats version 1
Nov 15 07:15:42 osboxes kernel: [    1.721574] Loading compiled-in X.509 certificates
Nov 15 07:15:42 osboxes kernel: [    1.722724] Loaded X.509 cert 'Build time autogenerated kernel key: caf27ed67be6a8d4c681ef3325a4613a9f2d2943'
Nov 15 07:15:42 osboxes kernel: [    1.722741] zswap: loaded using pool lzo/zbud
Nov 15 07:15:42 osboxes kernel: [    1.727658] Key type big_key registered
Nov 15 07:15:42 osboxes kernel: [    1.727660] Key type trusted registered
Nov 15 07:15:42 osboxes kernel: [    1.729889] Key type encrypted registered
Nov 15 07:15:42 osboxes kernel: [    1.729891] AppArmor: AppArmor sha1 policy hashing enabled
Nov 15 07:15:42 osboxes kernel: [    1.729894] ima: No TPM chip found, activating TPM-bypass!
Nov 15 07:15:42 osboxes kernel: [    1.729898] ima: Allocated hash algorithm: sha1
Nov 15 07:15:42 osboxes kernel: [    1.729901] No architecture policies found
Nov 15 07:15:42 osboxes kernel: [    1.729948] evm: Initialising EVM extended attributes:
Nov 15 07:15:42 osboxes kernel: [    1.729948] evm: security.selinux
Nov 15 07:15:42 osboxes kernel: [    1.729949] evm: security.SMACK64
Nov 15 07:15:42 osboxes kernel: [    1.729949] evm: security.SMACK64EXEC
Nov 15 07:15:42 osboxes kernel: [    1.729949] evm: security.SMACK64TRANSMUTE
Nov 15 07:15:42 osboxes kernel: [    1.729950] evm: security.SMACK64MMAP
Nov 15 07:15:42 osboxes kernel: [    1.729950] evm: security.apparmor
Nov 15 07:15:42 osboxes kernel: [    1.729950] evm: security.ima
Nov 15 07:15:42 osboxes kernel: [    1.729950] evm: security.capability
Nov 15 07:15:42 osboxes kernel: [    1.729951] evm: HMAC attrs: 0x1
Nov 15 07:15:42 osboxes kernel: [    1.730172]   Magic number: 13:150:279
Nov 15 07:15:42 osboxes kernel: [    1.730181] usb usb1-port7: hash matches
Nov 15 07:15:42 osboxes kernel: [    1.730223] event_source tracepoint: hash matches
Nov 15 07:15:42 osboxes kernel: [    1.730230] tty tty16: hash matches
Nov 15 07:15:42 osboxes kernel: [    1.730443] rtc_cmos rtc_cmos: setting system clock to 2021-11-15T12:15:26 UTC (1636978526)
Nov 15 07:15:42 osboxes kernel: [    1.808820] ata2.00: ATAPI: VBOX CD-ROM, 1.0, max UDMA/133
Nov 15 07:15:42 osboxes kernel: [    1.811922] scsi 1:0:0:0: CD-ROM            VBOX     CD-ROM           1.0  PQ: 0 ANSI: 5
Nov 15 07:15:42 osboxes kernel: [    1.839786] sr 1:0:0:0: [sr0] scsi3-mmc drive: 32x/32x xa/form2 tray
Nov 15 07:15:42 osboxes kernel: [    1.839787] cdrom: Uniform CD-ROM driver Revision: 3.20
Nov 15 07:15:42 osboxes kernel: [    1.840087] sr 1:0:0:0: Attached scsi CD-ROM sr0
Nov 15 07:15:42 osboxes kernel: [    1.840408] sr 1:0:0:0: Attached scsi generic sg0 type 5
Nov 15 07:15:42 osboxes kernel: [    1.841756] Freeing unused decrypted memory: 2040K
Nov 15 07:15:42 osboxes kernel: [    1.841979] Freeing unused kernel image memory: 2584K
Nov 15 07:15:42 osboxes kernel: [    1.850092] Write protecting the kernel read-only data: 22528k
Nov 15 07:15:42 osboxes kernel: [    1.850353] Freeing unused kernel image memory: 2016K
Nov 15 07:15:42 osboxes kernel: [    1.850540] Freeing unused kernel image memory: 1832K
Nov 15 07:15:42 osboxes kernel: [    1.857257] x86/mm: Checked W+X mappings: passed, no W+X pages found.
Nov 15 07:15:42 osboxes kernel: [    1.857258] x86/mm: Checking user space page tables
Nov 15 07:15:42 osboxes kernel: [    1.863515] x86/mm: Checked W+X mappings: passed, no W+X pages found.
Nov 15 07:15:42 osboxes kernel: [    1.863518] Run /init as init process
Nov 15 07:15:42 osboxes kernel: [    1.967584] ACPI: Video Device [GFX0] (multi-head: yes  rom: no  post: no)
Nov 15 07:15:42 osboxes kernel: [    1.967630] input: Video Bus as /devices/LNXSYSTM:00/LNXSYBUS:00/PNP0A03:00/LNXVIDEO:00/input/input4
Nov 15 07:15:42 osboxes kernel: [    1.977253] e1000: Intel(R) PRO/1000 Network Driver - version 7.3.21-k8-NAPI
Nov 15 07:15:42 osboxes kernel: [    1.977253] e1000: Copyright (c) 1999-2006 Intel Corporation.
Nov 15 07:15:42 osboxes kernel: [    1.980791] piix4_smbus 0000:00:07.0: SMBus Host Controller at 0x4100, revision 0
Nov 15 07:15:42 osboxes kernel: [    1.983623] ahci 0000:00:0d.0: version 3.0
Nov 15 07:15:42 osboxes kernel: [    1.984813] ahci 0000:00:0d.0: SSS flag set, parallel bus scan disabled
Nov 15 07:15:42 osboxes kernel: [    1.985824] ahci 0000:00:0d.0: AHCI 0001.0100 32 slots 1 ports 3 Gbps 0x1 impl SATA mode
Nov 15 07:15:42 osboxes kernel: [    1.985825] ahci 0000:00:0d.0: flags: 64bit ncq stag only ccc 
Nov 15 07:15:42 osboxes kernel: [    2.011442] scsi host2: ahci
Nov 15 07:15:42 osboxes kernel: [    2.011707] ata3: SATA max UDMA/133 abar m8192@0xf0806000 port 0xf0806100 irq 21
Nov 15 07:15:42 osboxes kernel: [    2.169226] usb 2-1: new full-speed USB device number 2 using ohci-pci
Nov 15 07:15:42 osboxes kernel: [    2.242563] input: ImExPS/2 Generic Explorer Mouse as /devices/platform/i8042/serio1/input/input5
Nov 15 07:15:42 osboxes kernel: [    2.331766] ata3: SATA link up 3.0 Gbps (SStatus 123 SControl 300)
Nov 15 07:15:42 osboxes kernel: [    2.332354] ata3.00: ATA-6: VBOX HARDDISK, 1.0, max UDMA/133
Nov 15 07:15:42 osboxes kernel: [    2.332355] ata3.00: 1048576000 sectors, multi 128: LBA48 NCQ (depth 32)
Nov 15 07:15:42 osboxes kernel: [    2.333576] ata3.00: configured for UDMA/133
Nov 15 07:15:42 osboxes kernel: [    2.333701] scsi 2:0:0:0: Direct-Access     ATA      VBOX HARDDISK    1.0  PQ: 0 ANSI: 5
Nov 15 07:15:42 osboxes kernel: [    2.333900] sd 2:0:0:0: [sda] 1048576000 512-byte logical blocks: (537 GB/500 GiB)
Nov 15 07:15:42 osboxes kernel: [    2.333905] sd 2:0:0:0: [sda] Write Protect is off
Nov 15 07:15:42 osboxes kernel: [    2.333906] sd 2:0:0:0: [sda] Mode Sense: 00 3a 00 00
Nov 15 07:15:42 osboxes kernel: [    2.333915] sd 2:0:0:0: [sda] Write cache: enabled, read cache: enabled, doesn't support DPO or FUA
Nov 15 07:15:42 osboxes kernel: [    2.334240] sd 2:0:0:0: Attached scsi generic sg1 type 0
Nov 15 07:15:42 osboxes kernel: [    2.343175]  sda: sda1 sda2 sda3 sda4
Nov 15 07:15:42 osboxes kernel: [    2.343477] sd 2:0:0:0: [sda] Attached SCSI disk
Nov 15 07:15:42 osboxes kernel: [    2.382873] random: fast init done
Nov 15 07:15:42 osboxes kernel: [    2.473531] random: systemd-udevd: uninitialized urandom read (16 bytes read)
Nov 15 07:15:42 osboxes kernel: [    2.473875] random: systemd-udevd: uninitialized urandom read (16 bytes read)
Nov 15 07:15:42 osboxes kernel: [    2.473881] random: systemd-udevd: uninitialized urandom read (16 bytes read)
Nov 15 07:15:42 osboxes kernel: [    2.518888] usb 2-1: New USB device found, idVendor=80ee, idProduct=0021, bcdDevice= 1.00
Nov 15 07:15:42 osboxes kernel: [    2.518889] usb 2-1: New USB device strings: Mfr=1, Product=3, SerialNumber=0
Nov 15 07:15:42 osboxes kernel: [    2.518890] usb 2-1: Product: USB Tablet
Nov 15 07:15:42 osboxes kernel: [    2.518891] usb 2-1: Manufacturer: VirtualBox
Nov 15 07:15:42 osboxes kernel: [    2.537098] hidraw: raw HID events driver (C) Jiri Kosina
Nov 15 07:15:42 osboxes kernel: [    2.565485] usbcore: registered new interface driver usbhid
Nov 15 07:15:42 osboxes kernel: [    2.565486] usbhid: USB HID core driver
Nov 15 07:15:42 osboxes kernel: [    2.566880] input: VirtualBox USB Tablet as /devices/pci0000:00/0000:00:06.0/usb2/2-1/2-1:1.0/0003:80EE:0021.0001/input/input6
Nov 15 07:15:42 osboxes kernel: [    2.567009] hid-generic 0003:80EE:0021.0001: input,hidraw0: USB HID v1.10 Mouse [VirtualBox USB Tablet] on usb-0000:00:06.0-1/input0
Nov 15 07:15:42 osboxes kernel: [    2.799635] e1000 0000:00:03.0 eth0: (PCI:33MHz:32-bit) 08:00:27:32:cb:47
Nov 15 07:15:42 osboxes kernel: [    2.799639] e1000 0000:00:03.0 eth0: Intel(R) PRO/1000 Network Connection
Nov 15 07:15:42 osboxes kernel: [    2.800613] e1000 0000:00:03.0 enp0s3: renamed from eth0
Nov 15 07:15:42 osboxes kernel: [    4.119369] EXT4-fs (sda1): mounted filesystem with ordered data mode. Opts: (null)
Nov 15 07:15:42 osboxes kernel: [    4.422528] systemd[1]: systemd 237 running in system mode. (+PAM +AUDIT +SELINUX +IMA +APPARMOR +SMACK +SYSVINIT +UTMP +LIBCRYPTSETUP +GCRYPT +GNUTLS +ACL +XZ +LZ4 +SECCOMP +BLKID +ELFUTILS +KMOD -IDN2 +IDN -PCRE2 default-hierarchy=hybrid)
Nov 15 07:15:42 osboxes kernel: [    4.422554] systemd[1]: Detected virtualization oracle.
Nov 15 07:15:42 osboxes kernel: [    4.422560] systemd[1]: Detected architecture x86-64.
Nov 15 07:15:42 osboxes kernel: [    4.424436] systemd[1]: Set hostname to <osboxes>.
Nov 15 07:15:42 osboxes kernel: [    4.808653] systemd[1]: Reached target System Time Synchronized.
Nov 15 07:15:42 osboxes kernel: [    4.809016] systemd[1]: Created slice System Slice.
Nov 15 07:15:42 osboxes kernel: [    4.809120] systemd[1]: Listening on Journal Socket (/dev/log).
Nov 15 07:15:42 osboxes kernel: [    4.809164] systemd[1]: Listening on /dev/initctl Compatibility Named Pipe.
Nov 15 07:15:42 osboxes kernel: [    4.809246] systemd[1]: Listening on udev Control Socket.
Nov 15 07:15:42 osboxes kernel: [    4.809303] systemd[1]: Listening on Syslog Socket.
Nov 15 07:15:42 osboxes kernel: [    4.875862] EXT4-fs (sda1): re-mounted. Opts: errors=remount-ro
Nov 15 07:15:42 osboxes kernel: [    4.883997] lp: driver loaded but no devices found
Nov 15 07:15:42 osboxes kernel: [    4.895530] ppdev: user-space parallel port driver
Nov 15 07:15:42 osboxes kernel: [    5.097459] systemd-journald[269]: Received request to flush runtime journal from PID 1
Nov 15 07:15:42 osboxes kernel: [    5.133572] systemd-journald[269]: File /var/log/journal/e5b77357e72b41118ffd4ac7db7e1878/system.journal corrupted or uncleanly shut down, renaming and replacing.
Nov 15 07:15:42 osboxes kernel: [    5.869923] vgdrvHeartbeatInit: Setting up heartbeat to trigger every 2000 milliseconds
Nov 15 07:15:42 osboxes kernel: [    5.870350] input: Unspecified device as /devices/pci0000:00/0000:00:04.0/input/input7
Nov 15 07:15:42 osboxes kernel: [    5.881653] vboxguest: misc device minor 54, IRQ 20, I/O port d040, MMIO at 00000000f0400000 (size 0x400000)
Nov 15 07:15:42 osboxes kernel: [    5.881654] vboxguest: Successfully loaded version 6.0.6_KernelUbuntu (interface 0x00010004)
Nov 15 07:15:42 osboxes kernel: [    5.975574] [drm] DMA map mode: Using physical TTM page addresses.
Nov 15 07:15:42 osboxes kernel: [    5.975749] [drm] Capabilities:
Nov 15 07:15:42 osboxes kernel: [    5.975749] [drm]   Cursor.
Nov 15 07:15:42 osboxes kernel: [    5.975750] [drm]   Cursor bypass 2.
Nov 15 07:15:42 osboxes kernel: [    5.975750] [drm]   Alpha cursor.
Nov 15 07:15:42 osboxes kernel: [    5.975750] [drm]   3D.
Nov 15 07:15:42 osboxes kernel: [    5.975750] [drm]   Extended Fifo.
Nov 15 07:15:42 osboxes kernel: [    5.975751] [drm]   Pitchlock.
Nov 15 07:15:42 osboxes kernel: [    5.975751] [drm]   Irq mask.
Nov 15 07:15:42 osboxes kernel: [    5.975751] [drm]   GMR.
Nov 15 07:15:42 osboxes kernel: [    5.975751] [drm]   Traces.
Nov 15 07:15:42 osboxes kernel: [    5.975752] [drm]   GMR2.
Nov 15 07:15:42 osboxes kernel: [    5.975752] [drm]   Screen Object 2.
Nov 15 07:15:42 osboxes kernel: [    5.975753] [drm] Max GMR ids is 8192
Nov 15 07:15:42 osboxes kernel: [    5.975753] [drm] Max number of GMR pages is 1048576
Nov 15 07:15:42 osboxes kernel: [    5.975753] [drm] Max dedicated hypervisor surface memory is 503808 kiB
Nov 15 07:15:42 osboxes kernel: [    5.975754] [drm] Maximum display memory size is 20480 kiB
Nov 15 07:15:42 osboxes kernel: [    5.975754] [drm] VRAM at 0xe0000000 size is 20480 kiB
Nov 15 07:15:42 osboxes kernel: [    5.975755] [drm] MMIO at 0xf0000000 size is 2048 kiB
Nov 15 07:15:42 osboxes kernel: [    6.005771] [TTM] Zone  kernel: Available graphics memory: 1019432 kiB
Nov 15 07:15:42 osboxes kernel: [    6.005772] [TTM] Initializing pool allocator
Nov 15 07:15:42 osboxes kernel: [    6.005774] [TTM] Initializing DMA pool allocator
Nov 15 07:15:42 osboxes kernel: [    6.005788] [drm] Supports vblank timestamp caching Rev 2 (21.10.2013).
Nov 15 07:15:42 osboxes kernel: [    6.005788] [drm] No driver support for vblank timestamp query.
Nov 15 07:15:42 osboxes kernel: [    6.006496] [drm] Screen Objects Display Unit initialized
Nov 15 07:15:42 osboxes kernel: [    6.006541] [drm] width 720
Nov 15 07:15:42 osboxes kernel: [    6.006560] [drm] height 400
Nov 15 07:15:42 osboxes kernel: [    6.006578] [drm] bpp 32
Nov 15 07:15:42 osboxes kernel: [    6.021312] [drm] Fifo max 0x00200000 min 0x00001000 cap 0x00000355
Nov 15 07:15:42 osboxes kernel: [    6.106578] RAPL PMU: API unit is 2^-32 Joules, 5 fixed counters, 10737418240 ms ovfl timer
Nov 15 07:15:42 osboxes kernel: [    6.106579] RAPL PMU: hw unit of domain pp0-core 2^-0 Joules
Nov 15 07:15:42 osboxes kernel: [    6.106579] RAPL PMU: hw unit of domain package 2^-0 Joules
Nov 15 07:15:42 osboxes kernel: [    6.106580] RAPL PMU: hw unit of domain dram 2^-0 Joules
Nov 15 07:15:42 osboxes kernel: [    6.106580] RAPL PMU: hw unit of domain pp1-gpu 2^-0 Joules
Nov 15 07:15:42 osboxes kernel: [    6.106581] RAPL PMU: hw unit of domain psys 2^-0 Joules
Nov 15 07:15:42 osboxes kernel: [    6.240431] [drm] DX: no.
Nov 15 07:15:42 osboxes kernel: [    6.240432] [drm] Atomic: yes.
Nov 15 07:15:42 osboxes kernel: [    6.240432] [drm] SM4_1: no.
Nov 15 07:15:42 osboxes kernel: [    6.240458] [drm:vmw_host_log [vmwgfx]] *ERROR* Failed to send host log message.
Nov 15 07:15:42 osboxes kernel: [    6.282102] [drm:vmw_host_log [vmwgfx]] *ERROR* Failed to send host log message.
Nov 15 07:15:42 osboxes kernel: [    6.334815] fbcon: svgadrmfb (fb0) is primary device
Nov 15 07:15:42 osboxes kernel: [    6.510398] Console: switching to colour frame buffer device 100x37
Nov 15 07:15:42 osboxes kernel: [    6.521183] [drm] Initialized vmwgfx 2.15.0 20180704 for 0000:00:02.0 on minor 0
Nov 15 07:15:42 osboxes kernel: [    7.279663] random: crng init done
Nov 15 07:15:42 osboxes kernel: [    7.279665] random: 7 urandom warning(s) missed due to ratelimiting
Nov 15 07:15:42 osboxes kernel: [    8.480127] Adding 8787964k swap on /dev/sda3.  Priority:-2 extents:1 across:8787964k FS
Nov 15 07:15:42 osboxes kernel: [   12.138112] EXT4-fs (sda2): mounted filesystem with ordered data mode. Opts: (null)
Nov 15 07:15:42 osboxes kernel: [   16.483686] snd_intel8x0 0000:00:05.0: white list rate for 1028:0177 is 48000
Nov 15 07:15:42 osboxes kernel: [   17.312889] EXT4-fs (sda4): mounted filesystem with ordered data mode. Opts: (null)
Nov 15 07:15:42 osboxes systemd-modules-load[265]: Inserted module 'lp'
Nov 15 07:15:43 osboxes systemd-modules-load[265]: Inserted module 'ppdev'
Nov 15 07:15:43 osboxes systemd-modules-load[265]: Inserted module 'parport_pc'
Nov 15 07:15:43 osboxes systemd[1]: Started Create Static Device Nodes in /dev.
Nov 15 07:15:43 osboxes systemd[1]: Started Load/Save Random Seed.
Nov 15 07:15:43 osboxes systemd[1]: Mounted Kernel Configuration File System.
Nov 15 07:15:43 osboxes systemd[1]: Started Apply Kernel Variables.
Nov 15 07:15:43 osboxes systemd[1]: Mounted FUSE Control File System.
Nov 15 07:15:43 osboxes systemd[1]: Starting udev Kernel Device Manager...
Nov 15 07:15:43 osboxes systemd[1]: Starting Flush Journal to Persistent Storage...
Nov 15 07:15:43 osboxes systemd[1]: Started udev Coldplug all Devices.
Nov 15 07:15:43 osboxes systemd[1]: Started Set the console keyboard layout.
Nov 15 07:15:43 osboxes systemd[1]: Reached target Local File Systems (Pre).
Nov 15 07:15:43 osboxes systemd[1]: Mounting Mount unit for core18, revision 1066...
Nov 15 07:15:43 osboxes systemd[1]: Mounting Mount unit for gnome-3-28-1804, revision 67...
Nov 15 07:15:43 osboxes systemd[1]: Mounting Mount unit for gnome-3-28-1804, revision 161...
Nov 15 07:15:43 osboxes systemd[1]: Mounting Mount unit for gnome-logs, revision 106...
Nov 15 07:15:43 osboxes systemd[1]: Mounting Mount unit for gnome-system-monitor, revision 169...
Nov 15 07:15:43 osboxes systemd[1]: Mounting Mount unit for gnome-system-monitor, revision 100...
Nov 15 07:15:43 osboxes systemd[1]: Mounting Mount unit for gnome-characters, revision 296...
Nov 15 07:15:43 osboxes systemd[1]: Mounting Mount unit for gnome-logs, revision 61...
Nov 15 07:15:43 osboxes systemd[1]: Mounting Mount unit for gnome-3-38-2004, revision 76...
Nov 15 07:15:43 osboxes systemd[1]: Mounting Mount unit for core20, revision 1169...
Nov 15 07:15:43 osboxes systemd[1]: Mounting Mount unit for gtk-common-themes, revision 1519...
Nov 15 07:15:43 osboxes systemd[1]: Mounting Mount unit for gnome-calculator, revision 406...
Nov 15 07:15:43 osboxes systemd[1]: Mounting Mount unit for bare, revision 5...
Nov 15 07:15:43 osboxes systemd[1]: Mounting Mount unit for gtk-common-themes, revision 1313...
Nov 15 07:15:43 osboxes systemd[1]: Mounting Mount unit for core18, revision 2246...
Nov 15 07:15:43 osboxes systemd[1]: Mounting Mount unit for gnome-characters, revision 761...
Nov 15 07:15:43 osboxes systemd[1]: Mounting Mount unit for core, revision 11993...
Nov 15 07:15:43 osboxes systemd[1]: Mounting Mount unit for core, revision 7270...
Nov 15 07:15:43 osboxes systemd[1]: Mounting Mount unit for gnome-calculator, revision 884...
Nov 15 07:15:43 osboxes systemd[1]: Mounting Mount unit for gnome-3-34-1804, revision 72...
Nov 15 07:15:43 osboxes systemd[1]: Started udev Kernel Device Manager.
Nov 15 07:15:43 osboxes systemd[1]: Started Flush Journal to Persistent Storage.
Nov 15 07:15:43 osboxes systemd[1]: Mounted Mount unit for core18, revision 1066.
Nov 15 07:15:43 osboxes systemd[1]: Mounted Mount unit for gnome-3-28-1804, revision 67.
Nov 15 07:15:43 osboxes systemd[1]: Mounted Mount unit for gnome-3-28-1804, revision 161.
Nov 15 07:15:43 osboxes systemd[1]: Mounted Mount unit for gnome-logs, revision 106.
Nov 15 07:15:43 osboxes systemd[1]: Mounted Mount unit for gnome-system-monitor, revision 169.
Nov 15 07:15:43 osboxes systemd[1]: Mounted Mount unit for gnome-system-monitor, revision 100.
Nov 15 07:15:43 osboxes systemd[1]: Mounted Mount unit for gnome-characters, revision 296.
Nov 15 07:15:43 osboxes systemd[1]: Mounted Mount unit for gnome-logs, revision 61.
Nov 15 07:15:43 osboxes systemd[1]: Mounted Mount unit for gnome-3-38-2004, revision 76.
Nov 15 07:15:43 osboxes systemd[1]: Mounted Mount unit for core20, revision 1169.
Nov 15 07:15:43 osboxes systemd[1]: Mounted Mount unit for gtk-common-themes, revision 1519.
Nov 15 07:15:43 osboxes systemd[1]: Mounted Mount unit for gnome-calculator, revision 406.
Nov 15 07:15:43 osboxes systemd[1]: Mounted Mount unit for bare, revision 5.
Nov 15 07:15:43 osboxes systemd[1]: Mounted Mount unit for gtk-common-themes, revision 1313.
Nov 15 07:15:43 osboxes systemd[1]: Mounted Mount unit for core18, revision 2246.
Nov 15 07:15:43 osboxes systemd[1]: Mounted Mount unit for gnome-characters, revision 761.
Nov 15 07:15:43 osboxes systemd[1]: Mounted Mount unit for core, revision 11993.
Nov 15 07:15:43 osboxes systemd[1]: Mounted Mount unit for core, revision 7270.
Nov 15 07:15:43 osboxes systemd[1]: Mounted Mount unit for gnome-calculator, revision 884.
Nov 15 07:15:43 osboxes systemd[1]: Mounted Mount unit for gnome-3-34-1804, revision 72.
Nov 15 07:15:43 osboxes systemd[1]: Starting Show Plymouth Boot Screen...
Nov 15 07:15:43 osboxes systemd[1]: Started Show Plymouth Boot Screen.
Nov 15 07:15:43 osboxes systemd[1]: Reached target Local Encrypted Volumes.
Nov 15 07:15:43 osboxes systemd[1]: Started Forward Password Requests to Plymouth Directory Watch.
Nov 15 07:15:43 osboxes systemd-udevd[295]: link_config: autonegotiation is unset or enabled, the speed and duplex are not writable.
Nov 15 07:15:43 osboxes mtp-probe: checking bus 2, device 2: "/sys/devices/pci0000:00/0000:00:06.0/usb2/2-1"
Nov 15 07:15:43 osboxes mtp-probe: bus: 2, device: 2 was not an MTP device
Nov 15 07:15:43 osboxes systemd[1]: Listening on Load/Save RF Kill Switch Status /dev/rfkill Watch.
Nov 15 07:15:43 osboxes systemd-udevd[298]: link_config: autonegotiation is unset or enabled, the speed and duplex are not writable.
Nov 15 07:15:43 osboxes systemd[1]: Found device VBOX_HARDDISK 3.
Nov 15 07:15:43 osboxes systemd[1]: Activating swap /dev/disk/by-uuid/df4456d5-fd42-49cc-ba01-5fbf2fd87441...
Nov 15 07:15:43 osboxes systemd[1]: Found device VBOX_HARDDISK 4.
Nov 15 07:15:43 osboxes systemd[1]: Activated swap /dev/disk/by-uuid/df4456d5-fd42-49cc-ba01-5fbf2fd87441.
Nov 15 07:15:43 osboxes systemd[1]: Found device VBOX_HARDDISK 2.
Nov 15 07:15:43 osboxes systemd[1]: Starting File System Check on /dev/disk/by-uuid/ee81fa8d-7f40-406d-a724-e1b594901577...
Nov 15 07:15:43 osboxes systemd[1]: Reached target Swap.
Nov 15 07:15:43 osboxes systemd[1]: Starting File System Check on /dev/disk/by-uuid/3ee198b1-daeb-4967-a1de-dcf7bc88c9cd...
Nov 15 07:15:43 osboxes systemd[1]: Started File System Check Daemon to report status.
Nov 15 07:15:43 osboxes systemd-fsck[561]: /dev/sda2: recovering journal
Nov 15 07:15:43 osboxes systemd-fsck[561]: /dev/sda2: clean, 309/61056 files, 23549/244224 blocks
Nov 15 07:15:43 osboxes systemd[1]: Started File System Check on /dev/disk/by-uuid/ee81fa8d-7f40-406d-a724-e1b594901577.
Nov 15 07:15:43 osboxes systemd[1]: Mounting /boot...
Nov 15 07:15:43 osboxes systemd-fsck[562]: /dev/sda4: recovering journal
Nov 15 07:15:43 osboxes systemd[1]: Mounted /boot.
Nov 15 07:15:43 osboxes systemd[1]: Reached target Sound Card.
Nov 15 07:15:43 osboxes systemd[1]: Received SIGRTMIN+20 from PID 342 (plymouthd).
Nov 15 07:15:43 osboxes systemd-fsck[562]: /dev/sda4: Clearing orphaned inode 12583629 (uid=1001, gid=1001, mode=0100644, size=32768)
Nov 15 07:15:43 osboxes systemd-fsck[562]: /dev/sda4: Clearing orphaned inode 12583568 (uid=1001, gid=1001, mode=0100600, size=912)
Nov 15 07:15:43 osboxes systemd-fsck[562]: /dev/sda4: Clearing orphaned inode 12583001 (uid=1001, gid=1001, mode=0100644, size=7332)
Nov 15 07:15:43 osboxes systemd-fsck[562]: /dev/sda4: Clearing orphaned inode 12584704 (uid=1001, gid=1001, mode=0100644, size=32768)
Nov 15 07:15:43 osboxes systemd-fsck[562]: /dev/sda4: Clearing orphaned inode 12584181 (uid=1001, gid=1001, mode=0100600, size=64)
Nov 15 07:15:43 osboxes systemd-fsck[562]: /dev/sda4: Clearing orphaned inode 12582999 (uid=1001, gid=1001, mode=0100644, size=7332)
Nov 15 07:15:43 osboxes systemd-fsck[562]: /dev/sda4: Clearing orphaned inode 12583003 (uid=1001, gid=1001, mode=0100644, size=7332)
Nov 15 07:15:43 osboxes systemd-fsck[562]: /dev/sda4: Clearing orphaned inode 12584709 (uid=1001, gid=1001, mode=0100644, size=7332)
Nov 15 07:15:43 osboxes systemd-fsck[562]: /dev/sda4: Clearing orphaned inode 12582946 (uid=1001, gid=1001, mode=0100600, size=262144)
Nov 15 07:15:43 osboxes systemd-fsck[562]: /dev/sda4: clean, 2501/17702912 files, 1423466/70800640 blocks
Nov 15 07:15:43 osboxes systemd[1]: Started File System Check on /dev/disk/by-uuid/3ee198b1-daeb-4967-a1de-dcf7bc88c9cd.
Nov 15 07:15:43 osboxes systemd[1]: Mounting /home...
Nov 15 07:15:43 osboxes systemd[1]: Mounted /home.
Nov 15 07:15:43 osboxes systemd[1]: Reached target Local File Systems.
Nov 15 07:15:43 osboxes systemd[1]: Starting Create Volatile Files and Directories...
Nov 15 07:15:43 osboxes systemd[1]: Starting Set console font and keymap...
Nov 15 07:15:43 osboxes systemd[1]: Starting Clean up any mess left by 0dns-up...
Nov 15 07:15:43 osboxes systemd[1]: Starting AppArmor initialization...
Nov 15 07:15:43 osboxes systemd[1]: Starting Tell Plymouth To Write Out Runtime Data...
Nov 15 07:15:43 osboxes systemd[1]: Started Set console font and keymap.
Nov 15 07:15:43 osboxes systemd[1]: Started Tell Plymouth To Write Out Runtime Data.
Nov 15 07:15:43 osboxes systemd[1]: Started Clean up any mess left by 0dns-up.
Nov 15 07:15:43 osboxes apparmor[587]:  * Starting AppArmor profiles
Nov 15 07:15:43 osboxes systemd[1]: Started Create Volatile Files and Directories.
Nov 15 07:15:43 osboxes systemd[1]: Starting Network Name Resolution...
Nov 15 07:15:43 osboxes systemd[1]: Starting Security Auditing Service...
Nov 15 07:15:43 osboxes auditd[606]: Started dispatcher: /sbin/audispd pid: 608
Nov 15 07:15:43 osboxes audispd: No plugins found, exiting
Nov 15 07:15:43 osboxes auditd[606]: Init complete, auditd 2.8.2 listening for events (startup state enable)
Nov 15 07:15:43 osboxes augenrules[612]: /sbin/augenrules: No change
Nov 15 07:15:43 osboxes systemd[1]: Started Security Auditing Service.
Nov 15 07:15:43 osboxes augenrules[612]: No rules
Nov 15 07:15:43 osboxes augenrules[612]: enabled 1
Nov 15 07:15:43 osboxes augenrules[612]: failure 1
Nov 15 07:15:43 osboxes augenrules[612]: pid 606
Nov 15 07:15:43 osboxes augenrules[612]: rate_limit 0
Nov 15 07:15:43 osboxes augenrules[612]: backlog_limit 8192
Nov 15 07:15:43 osboxes augenrules[612]: lost 0
Nov 15 07:15:43 osboxes augenrules[612]: backlog 1
Nov 15 07:15:43 osboxes augenrules[612]: backlog_wait_time 15000
Nov 15 07:15:43 osboxes augenrules[612]: enabled 1
Nov 15 07:15:43 osboxes augenrules[612]: failure 1
Nov 15 07:15:43 osboxes augenrules[612]: pid 606
Nov 15 07:15:43 osboxes augenrules[612]: rate_limit 0
Nov 15 07:15:43 osboxes augenrules[612]: backlog_limit 8192
Nov 15 07:15:43 osboxes augenrules[612]: lost 0
Nov 15 07:15:43 osboxes augenrules[612]: backlog 1
Nov 15 07:15:43 osboxes augenrules[612]: backlog_wait_time 15000
Nov 15 07:15:43 osboxes augenrules[612]: enabled 1
Nov 15 07:15:43 osboxes augenrules[612]: failure 1
Nov 15 07:15:43 osboxes augenrules[612]: pid 606
Nov 15 07:15:43 osboxes augenrules[612]: rate_limit 0
Nov 15 07:15:43 osboxes augenrules[612]: backlog_limit 8192
Nov 15 07:15:43 osboxes augenrules[612]: lost 0
Nov 15 07:15:43 osboxes augenrules[612]: backlog 3
Nov 15 07:15:43 osboxes augenrules[612]: backlog_wait_time 0
Nov 15 07:15:43 osboxes systemd[1]: Starting Update UTMP about System Boot/Shutdown...
Nov 15 07:15:43 osboxes systemd[1]: Started Update UTMP about System Boot/Shutdown.
Nov 15 07:15:43 osboxes systemd-resolved[602]: Positive Trust Anchors:
Nov 15 07:15:43 osboxes systemd-resolved[602]: . IN DS 19036 8 2 49aac11d7b6f6446702e54a1607371607a1a41855200fd2ce1cdde32f24e8fb5
Nov 15 07:15:43 osboxes systemd-resolved[602]: . IN DS 20326 8 2 e06d44b80b8f1d39a95c0b0d7c65d08458e880409bbc683457104237c7f8ec8d
Nov 15 07:15:43 osboxes systemd-resolved[602]: Negative trust anchors: 10.in-addr.arpa 16.172.in-addr.arpa 17.172.in-addr.arpa 18.172.in-addr.arpa 19.172.in-addr.arpa 20.172.in-addr.arpa 21.172.in-addr.arpa 22.172.in-addr.arpa 23.172.in-addr.arpa 24.172.in-addr.arpa 25.172.in-addr.arpa 26.172.in-addr.arpa 27.172.in-addr.arpa 28.172.in-addr.arpa 29.172.in-addr.arpa 30.172.in-addr.arpa 31.172.in-addr.arpa 168.192.in-addr.arpa d.f.ip6.arpa corp home internal intranet lan local private test
Nov 15 07:15:43 osboxes systemd-resolved[602]: Using system hostname 'osboxes'.
Nov 15 07:15:43 osboxes systemd[1]: Started Network Name Resolution.
Nov 15 07:15:43 osboxes systemd[1]: Reached target Host and Network Name Lookups.
Nov 15 07:15:43 osboxes apparmor[587]: Skipping profile in /etc/apparmor.d/disable: usr.bin.firefox
Nov 15 07:15:43 osboxes apparmor[587]: Skipping profile in /etc/apparmor.d/disable: usr.sbin.rsyslogd
Nov 15 07:15:43 osboxes apparmor[587]:    ...done.
Nov 15 07:15:43 osboxes systemd[1]: Started AppArmor initialization.
Nov 15 07:15:43 osboxes systemd[1]: Starting Raise network interfaces...
Nov 15 07:15:43 osboxes systemd[1]: Reached target System Initialization.
Nov 15 07:15:43 osboxes systemd[1]: Started CUPS Scheduler.
Nov 15 07:15:43 osboxes systemd[1]: Listening on UUID daemon activation socket.
Nov 15 07:15:43 osboxes systemd[1]: Started Message of the Day.
Nov 15 07:15:43 osboxes systemd[1]: Started ACPI Events Check.
Nov 15 07:15:43 osboxes systemd[1]: Listening on ACPID Listen Socket.
Nov 15 07:15:43 osboxes systemd[1]: Listening on Avahi mDNS/DNS-SD Stack Activation Socket.
Nov 15 07:15:43 osboxes systemd[1]: Starting Socket activation for snappy daemon.
Nov 15 07:15:43 osboxes systemd[1]: Started Trigger anacron every hour.
Nov 15 07:15:43 osboxes systemd[1]: Started Discard unused blocks once a week.
Nov 15 07:15:43 osboxes systemd[1]: Listening on CUPS Scheduler.
Nov 15 07:15:43 osboxes systemd[1]: Listening on D-Bus System Message Bus Socket.
Nov 15 07:15:43 osboxes systemd[1]: Started Daily Cleanup of Temporary Directories.
Nov 15 07:15:43 osboxes systemd[1]: Started Daily apt download activities.
Nov 15 07:15:43 osboxes systemd[1]: Started Daily apt upgrade and clean activities.
Nov 15 07:15:43 osboxes systemd[1]: Reached target Timers.
Nov 15 07:15:43 osboxes systemd[1]: Reached target Paths.
Nov 15 07:15:43 osboxes systemd[1]: Listening on Socket activation for snappy daemon.
Nov 15 07:15:43 osboxes systemd[1]: Reached target Sockets.
Nov 15 07:15:43 osboxes systemd[1]: Reached target Basic System.
Nov 15 07:15:43 osboxes systemd[1]: Started Regular background program processing daemon.
Nov 15 07:15:43 osboxes systemd[1]: Starting Snappy daemon...
Nov 15 07:15:43 osboxes cron[723]: (CRON) INFO (pidfile fd = 3)
Nov 15 07:15:43 osboxes systemd[1]: Started D-Bus System Message Bus.
Nov 15 07:15:43 osboxes cron[723]: (CRON) INFO (Running @reboot jobs)
Nov 15 07:15:43 osboxes dbus-daemon[726]: dbus[726]: Unknown group "power" in message bus configuration file
Nov 15 07:15:43 osboxes dbus-daemon[726]: [system] AppArmor D-Bus mediation is enabled
Nov 15 07:15:43 osboxes systemd[1]: Starting Thermal Daemon Service...
Nov 15 07:15:43 osboxes systemd[1]: Starting Disk Manager...
Nov 15 07:15:43 osboxes systemd[1]: Starting System Logging Service...
Nov 15 07:15:43 osboxes systemd[1]: Started CUPS Scheduler.
Nov 15 07:15:42 osboxes udisksd[740]: udisks daemon version 2.7.6 starting
Nov 15 07:15:42 osboxes rsyslogd: imuxsock: Acquired UNIX socket '/run/systemd/journal/syslog' (fd 3) from systemd.  [v8.32.0]
Nov 15 07:15:42 osboxes rsyslogd: rsyslogd's groupid changed to 106
Nov 15 07:15:42 osboxes rsyslogd: rsyslogd's userid changed to 102
Nov 15 07:15:42 osboxes rsyslogd:  [origin software="rsyslogd" swVersion="8.32.0" x-pid="742" x-info="http://www.rsyslog.com"] start
Nov 15 07:15:42 osboxes systemd[1]: Starting LSB: Record successful boot for GRUB...
Nov 15 07:15:42 osboxes systemd[1]: Reached target Login Prompts.
Nov 15 07:15:43 osboxes systemd[1]: Starting Accounts Service...
Nov 15 07:15:43 osboxes thermald[739]: NO RAPL sysfs present
Nov 15 07:15:43 osboxes thermald[739]: 22 CPUID levels; family:model:stepping 0x6:9e:a (6:158:10)
Nov 15 07:15:43 osboxes thermald[739]: Polling mode is enabled: 4
Nov 15 07:15:43 osboxes thermald[739]: Thermal DTS: No coretemp sysfs found
Nov 15 07:15:43 osboxes systemd[1]: Starting WPA supplicant...
Nov 15 07:15:43 osboxes thermald[739]: Thermal DTS or hwmon: No Zones present Need to configure manually
Nov 15 07:15:43 osboxes thermald[739]: No thermal sensors found
Nov 15 07:15:43 osboxes thermald[739]: THD engine start failed
Nov 15 07:15:43 osboxes systemd[1]: Starting Avahi mDNS/DNS-SD Stack...
Nov 15 07:15:43 osboxes avahi-daemon[766]: Found user 'avahi' (UID 116) and group 'avahi' (GID 122).
Nov 15 07:15:43 osboxes avahi-daemon[766]: Successfully dropped root privileges.
Nov 15 07:15:43 osboxes avahi-daemon[766]: avahi-daemon 0.7 starting up.
Nov 15 07:15:43 osboxes systemd[1]: Starting Dispatcher daemon for systemd-networkd...
Nov 15 07:15:43 osboxes avahi-daemon[766]: Successfully called chroot().
Nov 15 07:15:43 osboxes avahi-daemon[766]: Successfully dropped remaining capabilities.
Nov 15 07:15:43 osboxes avahi-daemon[766]: No service file found in /etc/avahi/services.
Nov 15 07:15:43 osboxes avahi-daemon[766]: Joining mDNS multicast group on interface lo.IPv6 with address ::1.
Nov 15 07:15:43 osboxes avahi-daemon[766]: New relevant interface lo.IPv6 for mDNS.
Nov 15 07:15:43 osboxes avahi-daemon[766]: Joining mDNS multicast group on interface lo.IPv4 with address 127.0.0.1.
Nov 15 07:15:43 osboxes avahi-daemon[766]: New relevant interface lo.IPv4 for mDNS.
Nov 15 07:15:43 osboxes avahi-daemon[766]: Network interface enumeration completed.
Nov 15 07:15:43 osboxes avahi-daemon[766]: Registering new address record for ::1 on lo.*.
Nov 15 07:15:43 osboxes avahi-daemon[766]: Registering new address record for 127.0.0.1 on lo.IPv4.
Nov 15 07:15:43 osboxes udisksd[740]: failed to load module mdraid: libbd_mdraid.so.2: cannot open shared object file: No such file or directory
Nov 15 07:15:43 osboxes wpa_supplicant[761]: Successfully initialized wpa_supplicant
Nov 15 07:15:43 osboxes systemd[1]: Starting Detect the available GPUs and deal with any system changes...
Nov 15 07:15:43 osboxes systemd[1]: Starting Login Service...
Nov 15 07:15:43 osboxes udisksd[740]: Failed to load the 'mdraid' libblockdev plugin
Nov 15 07:15:43 osboxes dbus-daemon[726]: [system] Activating via systemd: service name='org.freedesktop.PolicyKit1' unit='polkit.service' requested by ':1.3' (uid=0 pid=740 comm="/usr/lib/udisks2/udisksd " label="unconfined")
Nov 15 07:15:43 osboxes systemd[1]: Starting Save/Restore Sound Card State...
Nov 15 07:15:43 osboxes systemd[1]: Started ACPI event daemon.
Nov 15 07:15:43 osboxes systemd[1]: Starting Virtualbox guest utils...
Nov 15 07:15:43 osboxes acpid: starting up with netlink and the input layer
Nov 15 07:15:43 osboxes acpid: 8 rules loaded
Nov 15 07:15:43 osboxes acpid: waiting for events: event logging is off
Nov 15 07:15:43 osboxes systemd[1]: Starting LSB: Speech Dispatcher...
Nov 15 07:15:43 osboxes systemd[1]: Started irqbalance daemon.
Nov 15 07:15:43 osboxes systemd[1]: Starting LSB: automatic crash report generation...
Nov 15 07:15:43 osboxes /usr/sbin/irqbalance: Balancing is ineffective on systems with a single cpu.  Shutting down
Nov 15 07:15:43 osboxes systemd[1]: Starting Modem Manager...
Nov 15 07:15:43 osboxes anacron[805]: Anacron 2.3 started on 2021-11-15
Nov 15 07:15:43 osboxes systemd[1]: Started Run anacron jobs.
Nov 15 07:15:43 osboxes anacron[805]: Normal exit (0 jobs run)
Nov 15 07:15:43 osboxes systemd[1]: Starting Restore /etc/resolv.conf if the system crashed before the ppp link was shut down...
Nov 15 07:15:43 osboxes systemd[1]: Starting Network Manager...
Nov 15 07:15:43 osboxes systemd[1]: Started System Logging Service.
Nov 15 07:15:43 osboxes ModemManager[799]: <info>  ModemManager (version 1.10.0) starting in system bus...
Nov 15 07:15:43 osboxes systemd[1]: Started Raise network interfaces.
Nov 15 07:15:43 osboxes systemd[1]: Started Thermal Daemon Service.
Nov 15 07:15:43 osboxes systemd[1]: Started Restore /etc/resolv.conf if the system crashed before the ppp link was shut down.
Nov 15 07:15:43 osboxes systemd[1]: Started Detect the available GPUs and deal with any system changes.
Nov 15 07:15:43 osboxes systemd[1]: Started Save/Restore Sound Card State.
Nov 15 07:15:43 osboxes snapd[725]: AppArmor status: apparmor is enabled and all features are available
Nov 15 07:15:44 osboxes grub-common[748]:  * Recording successful boot for GRUB
Nov 15 07:15:44 osboxes avahi-daemon[766]: Server startup complete. Host name is osboxes.local. Local service cookie is 2372618258.
Nov 15 07:15:44 osboxes speech-dispatcher[788]:  * speech-dispatcher disabled; edit /etc/default/speech-dispatcher
Nov 15 07:15:44 osboxes NetworkManager[817]: <info>  [1636978544.1323] NetworkManager (version 1.10.6) is starting... (for the first time)
Nov 15 07:15:44 osboxes NetworkManager[817]: <info>  [1636978544.1383] Read config: /etc/NetworkManager/NetworkManager.conf (lib: 10-dns-resolved.conf, 20-connectivity-ubuntu.conf, no-mac-addr-change.conf) (run: 10-globally-managed-devices.conf) (etc: default-wifi-powersave-on.conf)
Nov 15 07:15:44 osboxes systemd[1]: Started LSB: Speech Dispatcher.
Nov 15 07:15:44 osboxes grub-common[748]:    ...done.
Nov 15 07:15:44 osboxes NetworkManager[817]: <info>  [1636978544.2028] manager[0x556614e48060]: monitoring kernel firmware directory '/lib/firmware'.
Nov 15 07:15:44 osboxes NetworkManager[817]: <info>  [1636978544.2052] monitoring ifupdown state file '/run/network/ifstate'.
Nov 15 07:15:44 osboxes apport[795]:  * Starting automatic crash report generation: apport
Nov 15 07:15:44 osboxes systemd[1]: Started LSB: Record successful boot for GRUB.
Nov 15 07:15:44 osboxes dbus-daemon[726]: [system] Activating via systemd: service name='org.freedesktop.hostname1' unit='dbus-org.freedesktop.hostname1.service' requested by ':1.14' (uid=0 pid=817 comm="/usr/sbin/NetworkManager --no-daemon " label="unconfined")
Nov 15 07:15:44 osboxes systemd[1]: Started Avahi mDNS/DNS-SD Stack.
Nov 15 07:15:44 osboxes systemd[1]: Started WPA supplicant.
Nov 15 07:15:44 osboxes systemd[1]: Started Login Service.
Nov 15 07:15:44 osboxes apport[795]:    ...done.
Nov 15 07:15:44 osboxes systemd[1]: Started LSB: automatic crash report generation.
Nov 15 07:15:44 osboxes virtualbox-guest-utils-hwe[784]:  * Starting VirtualBox Additions
Nov 15 07:15:44 osboxes systemd[1]: Starting Hostname Service...
Nov 15 07:15:44 osboxes systemd[1]: Starting Authorization Manager...
Nov 15 07:15:44 osboxes systemd[1]: Started Make remote CUPS printers available locally.
Nov 15 07:15:44 osboxes kernel: [   19.629551] vboxsf: g_fHostFeatures=0x8000000f g_fSfFeatures=0x1 g_uSfLastFunction=29
Nov 15 07:15:44 osboxes kernel: [   19.630101] vboxsf: Successfully loaded version 6.0.6_KernelUbuntu
Nov 15 07:15:44 osboxes polkitd[866]: started daemon version 0.105 using authority implementation `local' version `0.105'
Nov 15 07:15:44 osboxes dbus-daemon[726]: [system] Successfully activated service 'org.freedesktop.PolicyKit1'
Nov 15 07:15:44 osboxes systemd[1]: Started Authorization Manager.
Nov 15 07:15:44 osboxes accounts-daemon[759]: started daemon version 0.6.45
Nov 15 07:15:44 osboxes systemd[1]: Started Accounts Service.
Nov 15 07:15:44 osboxes dbus-daemon[726]: [system] Successfully activated service 'org.freedesktop.hostname1'
Nov 15 07:15:44 osboxes systemd[1]: Started Hostname Service.
Nov 15 07:15:44 osboxes NetworkManager[817]: <info>  [1636978544.5407] hostname: hostname: using hostnamed
Nov 15 07:15:44 osboxes NetworkManager[817]: <info>  [1636978544.5407] hostname: hostname changed from (none) to "osboxes"
Nov 15 07:15:44 osboxes NetworkManager[817]: <info>  [1636978544.5411] dns-mgr[0x556614e65940]: init: dns=systemd-resolved, rc-manager=symlink, plugin=systemd-resolved
Nov 15 07:15:44 osboxes NetworkManager[817]: <info>  [1636978544.5420] manager[0x556614e48060]: rfkill: WiFi hardware radio set enabled
Nov 15 07:15:44 osboxes dbus-daemon[726]: [system] Activating via systemd: service name='org.freedesktop.nm_dispatcher' unit='dbus-org.freedesktop.nm-dispatcher.service' requested by ':1.14' (uid=0 pid=817 comm="/usr/sbin/NetworkManager --no-daemon " label="unconfined")
Nov 15 07:15:44 osboxes NetworkManager[817]: <info>  [1636978544.5420] manager[0x556614e48060]: rfkill: WWAN hardware radio set enabled
Nov 15 07:15:44 osboxes systemd[1]: Started Network Manager.
Nov 15 07:15:44 osboxes systemd[1]: Starting Network Manager Wait Online...
Nov 15 07:15:44 osboxes systemd[1]: Reached target Network.
Nov 15 07:15:44 osboxes systemd[1]: Started Unattended Upgrades Shutdown.
Nov 15 07:15:44 osboxes systemd[1]: Starting Permit User Sessions...
Nov 15 07:15:44 osboxes systemd[1]: Started Permit User Sessions.
Nov 15 07:15:44 osboxes virtualbox-guest-utils-hwe[784]: VBoxService 5.2.32_Ubuntu r132056 (verbosity: 0) linux.amd64 (Jul 13 2019 13:53:11) release log
Nov 15 07:15:44 osboxes virtualbox-guest-utils-hwe[784]: 00:00:00.003005 main     Log opened 2021-11-15T12:15:44.701765000Z
Nov 15 07:15:44 osboxes systemd[1]: Starting Hold until boot process finishes up...
Nov 15 07:15:44 osboxes kernel: [   19.932321] VBoxService 5.2.32_Ubuntu r132056 (verbosity: 0) linux.amd64 (Jul 13 2019 13:53:11) release log
Nov 15 07:15:44 osboxes kernel: [   19.932321] 00:00:00.003005 main     Log opened 2021-11-15T12:15:44.701765000Z
Nov 15 07:15:44 osboxes virtualbox-guest-utils-hwe[784]: 00:00:00.018069 main     OS Product: Linux
Nov 15 07:15:44 osboxes kernel: [   19.947333] 00:00:00.018069 main     OS Product: Linux
Nov 15 07:15:44 osboxes virtualbox-guest-utils-hwe[784]: 00:00:00.021303 main     OS Release: 5.0.0-23-generic
Nov 15 07:15:44 osboxes virtualbox-guest-utils-hwe[784]: 00:00:00.022665 main     OS Version: #24~18.04.1-Ubuntu SMP Mon Jul 29 16:12:28 UTC 2019
Nov 15 07:15:44 osboxes virtualbox-guest-utils-hwe[784]: 00:00:00.023300 main     Executable: /usr/sbin/VBoxService
Nov 15 07:15:44 osboxes virtualbox-guest-utils-hwe[784]: 00:00:00.023301 main     Process ID: 889
Nov 15 07:15:44 osboxes virtualbox-guest-utils-hwe[784]: 00:00:00.023302 main     Package type: LINUX_64BITS_GENERIC (OSE)
Nov 15 07:15:44 osboxes kernel: [   19.950571] 00:00:00.021303 main     OS Release: 5.0.0-23-generic
Nov 15 07:15:44 osboxes kernel: [   19.951921] 00:00:00.022665 main     OS Version: #24~18.04.1-Ubuntu SMP Mon Jul 29 16:12:28 UTC 2019
Nov 15 07:15:44 osboxes kernel: [   19.952558] 00:00:00.023300 main     Executable: /usr/sbin/VBoxService
Nov 15 07:15:44 osboxes kernel: [   19.952558] 00:00:00.023301 main     Process ID: 889
Nov 15 07:15:44 osboxes kernel: [   19.952558] 00:00:00.023302 main     Package type: LINUX_64BITS_GENERIC (OSE)
Nov 15 07:15:44 osboxes virtualbox-guest-utils-hwe[784]: 00:00:00.036293 main     5.2.32_Ubuntu r132056 started. Verbose level = 0
Nov 15 07:15:44 osboxes virtualbox-guest-utils-hwe[784]:    ...done.
Nov 15 07:15:44 osboxes kernel: [   19.965552] 00:00:00.036293 main     5.2.32_Ubuntu r132056 started. Verbose level = 0
Nov 15 07:15:44 osboxes systemd[1]: Starting GNOME Display Manager...
Nov 15 07:15:44 osboxes systemd[1]: Starting Network Manager Script Dispatcher Service...
Nov 15 07:15:44 osboxes systemd[1]: Started Virtualbox guest utils.
Nov 15 07:15:44 osboxes systemd[1]: Started Modem Manager.
Nov 15 07:15:44 osboxes dbus-daemon[726]: [system] Successfully activated service 'org.freedesktop.nm_dispatcher'
Nov 15 07:15:44 osboxes systemd[1]: Started Network Manager Script Dispatcher Service.
Nov 15 07:15:44 osboxes NetworkManager[817]: <info>  [1636978544.8952] init!
Nov 15 07:15:44 osboxes NetworkManager[817]: <info>  [1636978544.8954]       interface-parser: parsing file /etc/network/interfaces
Nov 15 07:15:44 osboxes NetworkManager[817]: <info>  [1636978544.8955]       interface-parser: finished parsing file /etc/network/interfaces
Nov 15 07:15:44 osboxes NetworkManager[817]: <info>  [1636978544.8956] management mode: unmanaged
Nov 15 07:15:44 osboxes NetworkManager[817]: <info>  [1636978544.8961] devices added (path: /sys/devices/pci0000:00/0000:00:03.0/net/enp0s3, iface: enp0s3)
Nov 15 07:15:44 osboxes NetworkManager[817]: <info>  [1636978544.8962] device added (path: /sys/devices/pci0000:00/0000:00:03.0/net/enp0s3, iface: enp0s3): no ifupdown configuration found.
Nov 15 07:15:44 osboxes NetworkManager[817]: <info>  [1636978544.8963] devices added (path: /sys/devices/virtual/net/lo, iface: lo)
Nov 15 07:15:44 osboxes NetworkManager[817]: <info>  [1636978544.8964] device added (path: /sys/devices/virtual/net/lo, iface: lo): no ifupdown configuration found.
Nov 15 07:15:44 osboxes NetworkManager[817]: <info>  [1636978544.8965] end _init.
Nov 15 07:15:44 osboxes NetworkManager[817]: <info>  [1636978544.8966] settings: loaded plugin ifupdown: (C) 2008 Canonical Ltd.  To report bugs please use the NetworkManager mailing list. (/usr/lib/x86_64-linux-gnu/NetworkManager/libnm-settings-plugin-ifupdown.so)
Nov 15 07:15:44 osboxes NetworkManager[817]: <info>  [1636978544.8967] settings: loaded plugin keyfile: (c) 2007 - 2016 Red Hat, Inc.  To report bugs please use the NetworkManager mailing list.
Nov 15 07:15:44 osboxes NetworkManager[817]: <info>  [1636978544.8967] (350759040) ... get_connections.
Nov 15 07:15:44 osboxes NetworkManager[817]: <info>  [1636978544.8968] (350759040) ... get_connections (managed=false): return empty list.
Nov 15 07:15:44 osboxes systemd[1]: Started GNOME Display Manager.
Nov 15 07:15:44 osboxes NetworkManager[817]: <info>  [1636978544.9588] keyfile: new connection /etc/NetworkManager/system-connections/Wired connection 1 (bd9b319e-f036-325a-bfaf-65b6c39982b9,"Wired connection 1")
Nov 15 07:15:44 osboxes NetworkManager[817]: <info>  [1636978544.9663] get unmanaged devices count: 0
Nov 15 07:15:44 osboxes NetworkManager[817]: <info>  [1636978544.9665] manager: rfkill: WiFi enabled by radio killswitch; enabled by state file
Nov 15 07:15:44 osboxes NetworkManager[817]: <info>  [1636978544.9666] manager: rfkill: WWAN enabled by radio killswitch; enabled by state file
Nov 15 07:15:44 osboxes NetworkManager[817]: <info>  [1636978544.9705] manager: Networking is enabled by state file
Nov 15 07:15:44 osboxes nm-dispatcher: req:1 'hostname': new request (1 scripts)
Nov 15 07:15:44 osboxes nm-dispatcher: req:1 'hostname': start running ordered scripts...
Nov 15 07:15:44 osboxes NetworkManager[817]: <info>  [1636978544.9733] dhcp-init: Using DHCP client 'dhclient'
Nov 15 07:15:44 osboxes NetworkManager[817]: <info>  [1636978544.9835] Loaded device plugin: NMBondDeviceFactory (internal)
Nov 15 07:15:44 osboxes NetworkManager[817]: <info>  [1636978544.9837] Loaded device plugin: NMBridgeDeviceFactory (internal)
Nov 15 07:15:44 osboxes NetworkManager[817]: <info>  [1636978544.9844] Loaded device plugin: NMDummyDeviceFactory (internal)
Nov 15 07:15:44 osboxes NetworkManager[817]: <info>  [1636978544.9845] Loaded device plugin: NMEthernetDeviceFactory (internal)
Nov 15 07:15:44 osboxes NetworkManager[817]: <info>  [1636978544.9848] Loaded device plugin: NMInfinibandDeviceFactory (internal)
Nov 15 07:15:44 osboxes NetworkManager[817]: <info>  [1636978544.9849] Loaded device plugin: NMIPTunnelDeviceFactory (internal)
Nov 15 07:15:44 osboxes NetworkManager[817]: <info>  [1636978544.9850] Loaded device plugin: NMMacsecDeviceFactory (internal)
Nov 15 07:15:44 osboxes NetworkManager[817]: <info>  [1636978544.9851] Loaded device plugin: NMMacvlanDeviceFactory (internal)
Nov 15 07:15:44 osboxes NetworkManager[817]: <info>  [1636978544.9857] Loaded device plugin: NMPppDeviceFactory (internal)
Nov 15 07:15:44 osboxes NetworkManager[817]: <info>  [1636978544.9858] Loaded device plugin: NMTunDeviceFactory (internal)
Nov 15 07:15:44 osboxes NetworkManager[817]: <info>  [1636978544.9859] Loaded device plugin: NMVethDeviceFactory (internal)
Nov 15 07:15:44 osboxes NetworkManager[817]: <info>  [1636978544.9860] Loaded device plugin: NMVlanDeviceFactory (internal)
Nov 15 07:15:44 osboxes NetworkManager[817]: <info>  [1636978544.9861] Loaded device plugin: NMVxlanDeviceFactory (internal)
Nov 15 07:15:45 osboxes NetworkManager[817]: <info>  [1636978545.0049] Loaded device plugin: NMTeamFactory (/usr/lib/x86_64-linux-gnu/NetworkManager/libnm-device-plugin-team.so)
Nov 15 07:15:45 osboxes NetworkManager[817]: <info>  [1636978545.0120] Loaded device plugin: NMWwanFactory (/usr/lib/x86_64-linux-gnu/NetworkManager/libnm-device-plugin-wwan.so)
Nov 15 07:15:45 osboxes NetworkManager[817]: <info>  [1636978545.0168] Loaded device plugin: NMAtmManager (/usr/lib/x86_64-linux-gnu/NetworkManager/libnm-device-plugin-adsl.so)
Nov 15 07:15:45 osboxes NetworkManager[817]: <info>  [1636978545.0226] Loaded device plugin: NMWifiFactory (/usr/lib/x86_64-linux-gnu/NetworkManager/libnm-device-plugin-wifi.so)
Nov 15 07:15:45 osboxes NetworkManager[817]: <info>  [1636978545.0320] Loaded device plugin: NMBluezManager (/usr/lib/x86_64-linux-gnu/NetworkManager/libnm-device-plugin-bluetooth.so)
Nov 15 07:15:45 osboxes NetworkManager[817]: <info>  [1636978545.0378] device (lo): carrier: link connected
Nov 15 07:15:45 osboxes NetworkManager[817]: <info>  [1636978545.0499] manager: (lo): new Generic device (/org/freedesktop/NetworkManager/Devices/1)
Nov 15 07:15:45 osboxes NetworkManager[817]: <info>  [1636978545.0891] manager: (enp0s3): new Ethernet device (/org/freedesktop/NetworkManager/Devices/2)
Nov 15 07:15:45 osboxes NetworkManager[817]: <info>  [1636978545.1632] device (enp0s3): state change: unmanaged -> unavailable (reason 'managed', sys-iface-state: 'external')
Nov 15 07:15:45 osboxes kernel: [   20.450527] e1000: enp0s3 NIC Link is Up 1000 Mbps Full Duplex, Flow Control: RX
Nov 15 07:15:45 osboxes networkd-dispatcher[771]: WARNING: systemd-networkd is not running, output will be incomplete.
Nov 15 07:15:45 osboxes kernel: [   20.502280] IPv6: ADDRCONF(NETDEV_CHANGE): enp0s3: link becomes ready
Nov 15 07:15:45 osboxes systemd[1]: Started Dispatcher daemon for systemd-networkd.
Nov 15 07:15:45 osboxes NetworkManager[817]: <info>  [1636978545.3393] device (enp0s3): carrier: link connected
Nov 15 07:15:45 osboxes NetworkManager[817]: <info>  [1636978545.3841] modem-manager: ModemManager available
Nov 15 07:15:45 osboxes NetworkManager[817]: <info>  [1636978545.4052] device (enp0s3): state change: unavailable -> disconnected (reason 'none', sys-iface-state: 'managed')
Nov 15 07:15:45 osboxes NetworkManager[817]: <info>  [1636978545.4999] policy: auto-activating connection 'Wired connection 1'
Nov 15 07:15:45 osboxes NetworkManager[817]: <info>  [1636978545.5112] device (enp0s3): Activation: starting connection 'Wired connection 1' (bd9b319e-f036-325a-bfaf-65b6c39982b9)
Nov 15 07:15:45 osboxes NetworkManager[817]: <info>  [1636978545.5139] device (enp0s3): state change: disconnected -> prepare (reason 'none', sys-iface-state: 'managed')
Nov 15 07:15:45 osboxes NetworkManager[817]: <info>  [1636978545.5241] manager: NetworkManager state is now CONNECTING
Nov 15 07:15:45 osboxes NetworkManager[817]: <info>  [1636978545.5305] device (enp0s3): state change: prepare -> config (reason 'none', sys-iface-state: 'managed')
Nov 15 07:15:45 osboxes systemd[1]: Started Disk Manager.
Nov 15 07:15:45 osboxes udisksd[740]: Acquired the name org.freedesktop.UDisks2 on the system message bus
Nov 15 07:15:45 osboxes NetworkManager[817]: <info>  [1636978545.5770] device (enp0s3): state change: config -> ip-config (reason 'none', sys-iface-state: 'managed')
Nov 15 07:15:45 osboxes avahi-daemon[766]: Joining mDNS multicast group on interface enp0s3.IPv6 with address fe80::5ad2:bea:f4e3:bf35.
Nov 15 07:15:45 osboxes NetworkManager[817]: <info>  [1636978545.6801] device (enp0s3): state change: ip-config -> ip-check (reason 'none', sys-iface-state: 'managed')
Nov 15 07:15:45 osboxes NetworkManager[817]: <info>  [1636978545.6810] device (enp0s3): state change: ip-check -> secondaries (reason 'none', sys-iface-state: 'managed')
Nov 15 07:15:45 osboxes avahi-daemon[766]: New relevant interface enp0s3.IPv6 for mDNS.
Nov 15 07:15:45 osboxes avahi-daemon[766]: Registering new address record for fe80::5ad2:bea:f4e3:bf35 on enp0s3.*.
Nov 15 07:15:45 osboxes avahi-daemon[766]: Joining mDNS multicast group on interface enp0s3.IPv4 with address 10.0.3.15.
Nov 15 07:15:45 osboxes NetworkManager[817]: <info>  [1636978545.6917] device (enp0s3): state change: secondaries -> activated (reason 'none', sys-iface-state: 'managed')
Nov 15 07:15:45 osboxes NetworkManager[817]: <info>  [1636978545.6939] manager: NetworkManager state is now CONNECTED_LOCAL
Nov 15 07:15:45 osboxes avahi-daemon[766]: New relevant interface enp0s3.IPv4 for mDNS.
Nov 15 07:15:45 osboxes avahi-daemon[766]: Registering new address record for 10.0.3.15 on enp0s3.IPv4.
Nov 15 07:15:45 osboxes NetworkManager[817]: <info>  [1636978545.7673] manager: NetworkManager state is now CONNECTED_SITE
Nov 15 07:15:45 osboxes NetworkManager[817]: <info>  [1636978545.7684] policy: set 'Wired connection 1' (enp0s3) as default for IPv4 routing and DNS
Nov 15 07:15:45 osboxes NetworkManager[817]: <info>  [1636978545.7696] device (enp0s3): Activation: successful, device activated.
Nov 15 07:15:45 osboxes nm-dispatcher: req:2 'up' [enp0s3]: new request (1 scripts)
Nov 15 07:15:45 osboxes nm-dispatcher: req:2 'up' [enp0s3]: start running ordered scripts...
Nov 15 07:15:45 osboxes NetworkManager[817]: <info>  [1636978545.7819] manager: startup complete
Nov 15 07:15:45 osboxes systemd[1]: Started Network Manager Wait Online.
Nov 15 07:15:45 osboxes systemd[1]: Reached target Network is Online.
Nov 15 07:15:45 osboxes systemd[1]: Starting Internet superserver...
Nov 15 07:15:45 osboxes systemd[1]: Starting Tool to automatically collect and submit kernel crash signatures...
Nov 15 07:15:45 osboxes systemd[1]: Started crash report submission daemon.
Nov 15 07:15:45 osboxes systemd[1]: Started Internet superserver.
Nov 15 07:15:45 osboxes systemd[1]: kerneloops.service: Found left-over process 955 (kerneloops) in control group while starting unit. Ignoring.
Nov 15 07:15:45 osboxes systemd[1]: This usually indicates unclean termination of a previous run, or service implementation deficiencies.
Nov 15 07:15:45 osboxes systemd[1]: Started Tool to automatically collect and submit kernel crash signatures.
Nov 15 07:15:45 osboxes systemd[1]: Created slice User Slice of admin.
Nov 15 07:15:45 osboxes systemd[1]: Started Session 1 of user admin.
Nov 15 07:15:45 osboxes systemd[1]: Starting User Manager for UID 1001...
Nov 15 07:15:45 osboxes whoopsie[952]: [07:15:45] Using lock path: /var/lock/whoopsie/lock
Nov 15 07:15:46 osboxes whoopsie[952]: [07:15:46] offline
Nov 15 07:15:46 osboxes systemd[961]: Listening on GnuPG network certificate management daemon.
Nov 15 07:15:46 osboxes kernel: [   21.556464] systemd-journald[269]: File /var/log/journal/e5b77357e72b41118ffd4ac7db7e1878/user-1001.journal corrupted or uncleanly shut down, renaming and replacing.
Nov 15 07:15:46 osboxes systemd[961]: Listening on GnuPG cryptographic agent (ssh-agent emulation).
Nov 15 07:15:46 osboxes systemd[961]: Started Pending report trigger for Ubuntu Report.
Nov 15 07:15:46 osboxes systemd[961]: Reached target Paths.
Nov 15 07:15:46 osboxes systemd[961]: Listening on GnuPG cryptographic agent and passphrase cache.
Nov 15 07:15:46 osboxes systemd[961]: Listening on GnuPG cryptographic agent and passphrase cache (restricted).
Nov 15 07:15:46 osboxes systemd[961]: Reached target Timers.
Nov 15 07:15:46 osboxes systemd[961]: Starting D-Bus User Message Bus Socket.
Nov 15 07:15:46 osboxes systemd[961]: Listening on GnuPG cryptographic agent and passphrase cache (access for web browsers).
Nov 15 07:15:46 osboxes systemd[961]: Listening on D-Bus User Message Bus Socket.
Nov 15 07:15:46 osboxes systemd[961]: Reached target Sockets.
Nov 15 07:15:46 osboxes systemd[961]: Reached target Basic System.
Nov 15 07:15:46 osboxes systemd[1]: Started User Manager for UID 1001.
Nov 15 07:15:46 osboxes systemd[961]: Reached target Default.
Nov 15 07:15:46 osboxes systemd[961]: Startup finished in 319ms.
Nov 15 07:15:46 osboxes /usr/lib/gdm3/gdm-x-session[1019]: (--) Log file renamed from "/home/admin/.local/share/xorg/Xorg.pid-1024.log" to "/home/admin/.local/share/xorg/Xorg.0.log"
Nov 15 07:15:46 osboxes /usr/lib/gdm3/gdm-x-session[1019]: X.Org X Server 1.20.4
Nov 15 07:15:46 osboxes /usr/lib/gdm3/gdm-x-session[1019]: X Protocol Version 11, Revision 0
Nov 15 07:15:46 osboxes /usr/lib/gdm3/gdm-x-session[1019]: Build Operating System: Linux 4.4.0-148-generic x86_64 Ubuntu
Nov 15 07:15:46 osboxes /usr/lib/gdm3/gdm-x-session[1019]: Current Operating System: Linux osboxes 5.0.0-23-generic #24~18.04.1-Ubuntu SMP Mon Jul 29 16:12:28 UTC 2019 x86_64
Nov 15 07:15:46 osboxes /usr/lib/gdm3/gdm-x-session[1019]: Kernel command line: BOOT_IMAGE=/vmlinuz-5.0.0-23-generic root=UUID=63146394-e834-4c15-8549-523cabc44f58 ro quiet splash
Nov 15 07:15:46 osboxes /usr/lib/gdm3/gdm-x-session[1019]: Build Date: 02 May 2019  08:06:54AM
Nov 15 07:15:46 osboxes /usr/lib/gdm3/gdm-x-session[1019]: xorg-server-hwe-18.04 2:1.20.4-1ubuntu3~18.04.1 (For technical support please see http://www.ubuntu.com/support)
Nov 15 07:15:46 osboxes /usr/lib/gdm3/gdm-x-session[1019]: Current version of pixman: 0.34.0
Nov 15 07:15:46 osboxes /usr/lib/gdm3/gdm-x-session[1019]: #011Before reporting problems, check http://wiki.x.org
Nov 15 07:15:46 osboxes /usr/lib/gdm3/gdm-x-session[1019]: #011to make sure that you have the latest version.
Nov 15 07:15:46 osboxes /usr/lib/gdm3/gdm-x-session[1019]: Markers: (--) probed, (**) from config file, (==) default setting,
Nov 15 07:15:46 osboxes /usr/lib/gdm3/gdm-x-session[1019]: #011(++) from command line, (!!) notice, (II) informational,
Nov 15 07:15:46 osboxes /usr/lib/gdm3/gdm-x-session[1019]: #011(WW) warning, (EE) error, (NI) not implemented, (??) unknown.
Nov 15 07:15:46 osboxes /usr/lib/gdm3/gdm-x-session[1019]: (==) Log file: "/home/admin/.local/share/xorg/Xorg.0.log", Time: Mon Nov 15 07:15:46 2021
Nov 15 07:15:46 osboxes /usr/lib/gdm3/gdm-x-session[1019]: (==) Using system config directory "/usr/share/X11/xorg.conf.d"
Nov 15 07:15:46 osboxes /usr/lib/gdm3/gdm-x-session[1019]: (==) No Layout section.  Using the first Screen section.
Nov 15 07:15:46 osboxes /usr/lib/gdm3/gdm-x-session[1019]: (==) No screen section available. Using defaults.
Nov 15 07:15:46 osboxes /usr/lib/gdm3/gdm-x-session[1019]: (**) |-->Screen "Default Screen Section" (0)
Nov 15 07:15:46 osboxes /usr/lib/gdm3/gdm-x-session[1019]: (**) |   |-->Monitor "<default monitor>"
Nov 15 07:15:46 osboxes /usr/lib/gdm3/gdm-x-session[1019]: (==) No monitor specified for screen "Default Screen Section".
Nov 15 07:15:46 osboxes /usr/lib/gdm3/gdm-x-session[1019]: #011Using a default monitor configuration.
Nov 15 07:15:46 osboxes /usr/lib/gdm3/gdm-x-session[1019]: (==) Automatically adding devices
Nov 15 07:15:46 osboxes /usr/lib/gdm3/gdm-x-session[1019]: (==) Automatically enabling devices
Nov 15 07:15:46 osboxes /usr/lib/gdm3/gdm-x-session[1019]: (==) Automatically adding GPU devices
Nov 15 07:15:46 osboxes /usr/lib/gdm3/gdm-x-session[1019]: (==) Automatically binding GPU devices
Nov 15 07:15:46 osboxes /usr/lib/gdm3/gdm-x-session[1019]: (==) Max clients allowed: 256, resource mask: 0x1fffff
Nov 15 07:15:46 osboxes /usr/lib/gdm3/gdm-x-session[1019]: (WW) The directory "/usr/share/fonts/X11/cyrillic" does not exist.
Nov 15 07:15:46 osboxes /usr/lib/gdm3/gdm-x-session[1019]: #011Entry deleted from font path.
Nov 15 07:15:46 osboxes /usr/lib/gdm3/gdm-x-session[1019]: (WW) The directory "/usr/share/fonts/X11/100dpi/" does not exist.
Nov 15 07:15:46 osboxes /usr/lib/gdm3/gdm-x-session[1019]: #011Entry deleted from font path.
Nov 15 07:15:46 osboxes /usr/lib/gdm3/gdm-x-session[1019]: (WW) The directory "/usr/share/fonts/X11/75dpi/" does not exist.
Nov 15 07:15:46 osboxes /usr/lib/gdm3/gdm-x-session[1019]: #011Entry deleted from font path.
Nov 15 07:15:46 osboxes /usr/lib/gdm3/gdm-x-session[1019]: (WW) The directory "/usr/share/fonts/X11/100dpi" does not exist.
Nov 15 07:15:46 osboxes /usr/lib/gdm3/gdm-x-session[1019]: #011Entry deleted from font path.
Nov 15 07:15:46 osboxes /usr/lib/gdm3/gdm-x-session[1019]: (WW) The directory "/usr/share/fonts/X11/75dpi" does not exist.
Nov 15 07:15:46 osboxes /usr/lib/gdm3/gdm-x-session[1019]: #011Entry deleted from font path.
Nov 15 07:15:46 osboxes /usr/lib/gdm3/gdm-x-session[1019]: (==) FontPath set to:
Nov 15 07:15:46 osboxes /usr/lib/gdm3/gdm-x-session[1019]: #011/usr/share/fonts/X11/misc,
Nov 15 07:15:46 osboxes /usr/lib/gdm3/gdm-x-session[1019]: #011/usr/share/fonts/X11/Type1,
Nov 15 07:15:46 osboxes /usr/lib/gdm3/gdm-x-session[1019]: #011built-ins
Nov 15 07:15:46 osboxes /usr/lib/gdm3/gdm-x-session[1019]: (==) ModulePath set to "/usr/lib/xorg/modules"
Nov 15 07:15:46 osboxes /usr/lib/gdm3/gdm-x-session[1019]: (II) The server relies on udev to provide the list of input devices.
Nov 15 07:15:46 osboxes /usr/lib/gdm3/gdm-x-session[1019]: #011If no devices become available, reconfigure udev or disable AutoAddDevices.
Nov 15 07:15:46 osboxes /usr/lib/gdm3/gdm-x-session[1019]: (II) Loader magic: 0x55c7c7de7020
Nov 15 07:15:46 osboxes /usr/lib/gdm3/gdm-x-session[1019]: (II) Module ABI versions:
Nov 15 07:15:46 osboxes /usr/lib/gdm3/gdm-x-session[1019]: #011X.Org ANSI C Emulation: 0.4
Nov 15 07:15:46 osboxes /usr/lib/gdm3/gdm-x-session[1019]: #011X.Org Video Driver: 24.0
Nov 15 07:15:46 osboxes /usr/lib/gdm3/gdm-x-session[1019]: #011X.Org XInput driver : 24.1
Nov 15 07:15:46 osboxes /usr/lib/gdm3/gdm-x-session[1019]: #011X.Org Server Extension : 10.0
Nov 15 07:15:46 osboxes /usr/lib/gdm3/gdm-x-session[1019]: (++) using VT number 1
Nov 15 07:15:46 osboxes /usr/lib/gdm3/gdm-x-session[1019]: (II) systemd-logind: took control of session /org/freedesktop/login1/session/_31
Nov 15 07:15:46 osboxes /usr/lib/gdm3/gdm-x-session[1019]: (II) xfree86: Adding drm device (/dev/dri/card0)
Nov 15 07:15:46 osboxes /usr/lib/gdm3/gdm-x-session[1019]: (II) systemd-logind: got fd for /dev/dri/card0 226:0 fd 12 paused 0
Nov 15 07:15:46 osboxes /usr/lib/gdm3/gdm-x-session[1019]: (--) PCI:*(0@0:2:0) 15ad:0405:15ad:0405 rev 0, Mem @ 0xe0000000/33554432, 0xf0000000/2097152, I/O @ 0x0000d010/16, BIOS @ 0x????????/131072
Nov 15 07:15:46 osboxes /usr/lib/gdm3/gdm-x-session[1019]: (II) LoadModule: "glx"
Nov 15 07:15:46 osboxes /usr/lib/gdm3/gdm-x-session[1019]: (II) Loading /usr/lib/xorg/modules/extensions/libglx.so
Nov 15 07:15:46 osboxes /usr/lib/gdm3/gdm-x-session[1019]: (II) Module glx: vendor="X.Org Foundation"
Nov 15 07:15:46 osboxes /usr/lib/gdm3/gdm-x-session[1019]: #011compiled for 1.20.4, module version = 1.0.0
Nov 15 07:15:46 osboxes /usr/lib/gdm3/gdm-x-session[1019]: #011ABI class: X.Org Server Extension, version 10.0
Nov 15 07:15:46 osboxes /usr/lib/gdm3/gdm-x-session[1019]: (==) Matched vmware as autoconfigured driver 0
Nov 15 07:15:46 osboxes /usr/lib/gdm3/gdm-x-session[1019]: (==) Matched modesetting as autoconfigured driver 1
Nov 15 07:15:46 osboxes /usr/lib/gdm3/gdm-x-session[1019]: (==) Matched fbdev as autoconfigured driver 2
Nov 15 07:15:46 osboxes /usr/lib/gdm3/gdm-x-session[1019]: (==) Matched vesa as autoconfigured driver 3
Nov 15 07:15:46 osboxes /usr/lib/gdm3/gdm-x-session[1019]: (==) Assigned the driver to the xf86ConfigLayout
Nov 15 07:15:46 osboxes /usr/lib/gdm3/gdm-x-session[1019]: (II) LoadModule: "vmware"
Nov 15 07:15:46 osboxes /usr/lib/gdm3/gdm-x-session[1019]: (II) Loading /usr/lib/xorg/modules/drivers/vmware_drv.so
Nov 15 07:15:47 osboxes snapd[725]: AppArmor status: apparmor is enabled and all features are available
Nov 15 07:15:47 osboxes /usr/lib/gdm3/gdm-x-session[1019]: (II) Module vmware: vendor="X.Org Foundation"
Nov 15 07:15:47 osboxes /usr/lib/gdm3/gdm-x-session[1019]: #011compiled for 1.20.1, module version = 13.3.0
Nov 15 07:15:47 osboxes /usr/lib/gdm3/gdm-x-session[1019]: #011Module class: X.Org Video Driver
Nov 15 07:15:47 osboxes /usr/lib/gdm3/gdm-x-session[1019]: #011ABI class: X.Org Video Driver, version 24.0
Nov 15 07:15:47 osboxes /usr/lib/gdm3/gdm-x-session[1019]: (II) LoadModule: "modesetting"
Nov 15 07:15:47 osboxes /usr/lib/gdm3/gdm-x-session[1019]: (II) Loading /usr/lib/xorg/modules/drivers/modesetting_drv.so
Nov 15 07:15:47 osboxes /usr/lib/gdm3/gdm-x-session[1019]: (II) Module modesetting: vendor="X.Org Foundation"
Nov 15 07:15:47 osboxes /usr/lib/gdm3/gdm-x-session[1019]: #011compiled for 1.20.4, module version = 1.20.4
Nov 15 07:15:47 osboxes /usr/lib/gdm3/gdm-x-session[1019]: #011Module class: X.Org Video Driver
Nov 15 07:15:47 osboxes /usr/lib/gdm3/gdm-x-session[1019]: #011ABI class: X.Org Video Driver, version 24.0
Nov 15 07:15:47 osboxes /usr/lib/gdm3/gdm-x-session[1019]: (II) LoadModule: "fbdev"
Nov 15 07:15:47 osboxes /usr/lib/gdm3/gdm-x-session[1019]: (II) Loading /usr/lib/xorg/modules/drivers/fbdev_drv.so
Nov 15 07:15:47 osboxes /usr/lib/gdm3/gdm-x-session[1019]: (II) Module fbdev: vendor="X.Org Foundation"
Nov 15 07:15:47 osboxes /usr/lib/gdm3/gdm-x-session[1019]: #011compiled for 1.20.1, module version = 0.5.0
Nov 15 07:15:47 osboxes /usr/lib/gdm3/gdm-x-session[1019]: #011Module class: X.Org Video Driver
Nov 15 07:15:47 osboxes /usr/lib/gdm3/gdm-x-session[1019]: #011ABI class: X.Org Video Driver, version 24.0
Nov 15 07:15:47 osboxes /usr/lib/gdm3/gdm-x-session[1019]: (II) LoadModule: "vesa"
Nov 15 07:15:47 osboxes /usr/lib/gdm3/gdm-x-session[1019]: (II) Loading /usr/lib/xorg/modules/drivers/vesa_drv.so
Nov 15 07:15:47 osboxes /usr/lib/gdm3/gdm-x-session[1019]: (II) Module vesa: vendor="X.Org Foundation"
Nov 15 07:15:47 osboxes /usr/lib/gdm3/gdm-x-session[1019]: #011compiled for 1.20.1, module version = 2.4.0
Nov 15 07:15:47 osboxes /usr/lib/gdm3/gdm-x-session[1019]: #011Module class: X.Org Video Driver
Nov 15 07:15:47 osboxes /usr/lib/gdm3/gdm-x-session[1019]: #011ABI class: X.Org Video Driver, version 24.0
